<?xml version="1.0" encoding="UTF-8" ?>
<testsuites name="vitest tests" tests="121" failures="7" errors="0" time="97.563695">
    <testsuite name="backend/tests/app.test.ts" timestamp="2025-06-30T18:45:48.076Z" hostname="DESKTOP-BGMEO6L" tests="10" failures="0" errors="0" skipped="0" time="0.0406758">
        <testcase classname="backend/tests/app.test.ts" name="CanAI Backend Tests &gt; Basic Functionality &gt; should run a basic test" time="0.0048523">
        </testcase>
        <testcase classname="backend/tests/app.test.ts" name="CanAI Backend Tests &gt; Basic Functionality &gt; should handle async operations" time="0.0008676">
        </testcase>
        <testcase classname="backend/tests/app.test.ts" name="CanAI Backend Tests &gt; API Validation Logic &gt; should validate business name input" time="0.0038956">
        </testcase>
        <testcase classname="backend/tests/app.test.ts" name="CanAI Backend Tests &gt; API Validation Logic &gt; should validate trust score calculation" time="0.0010758">
        </testcase>
        <testcase classname="backend/tests/app.test.ts" name="CanAI Backend Tests &gt; PRD Journey Stage Logic &gt; should validate F1 Discovery Hook requirements" time="0.0044039">
        </testcase>
        <testcase classname="backend/tests/app.test.ts" name="CanAI Backend Tests &gt; PRD Journey Stage Logic &gt; should validate F2 Discovery Funnel data structure" time="0.0013946">
        </testcase>
        <testcase classname="backend/tests/app.test.ts" name="CanAI Backend Tests &gt; PRD Journey Stage Logic &gt; should validate F3 Spark generation limits" time="0.0009494">
        </testcase>
        <testcase classname="backend/tests/app.test.ts" name="CanAI Backend Tests &gt; Performance Requirements &gt; should meet PRD performance targets" time="0.0007926">
        </testcase>
        <testcase classname="backend/tests/app.test.ts" name="CanAI Backend Tests &gt; Security and Validation &gt; should sanitize user inputs" time="0.0020407">
        </testcase>
        <testcase classname="backend/tests/app.test.ts" name="CanAI Backend Tests &gt; Security and Validation &gt; should validate rate limiting logic" time="0.0127499">
        </testcase>
    </testsuite>
    <testsuite name="backend/tests/gpt4o.test.js" timestamp="2025-06-30T18:45:48.081Z" hostname="DESKTOP-BGMEO6L" tests="12" failures="0" errors="0" skipped="1" time="1.0714697">
        <testcase classname="backend/tests/gpt4o.test.js" name="GPT4Service &gt; Basic functionality &gt; countTokens returns correct token count for string" time="0.4628104">
            <system-out>
HUME_API_KEY: test_hume_key
hume at module load: {
  analyze: [Function: spy] {
    getMockName: [36m[Function (anonymous)][39m,
    mockName: [36m[Function (anonymous)][39m,
    mockClear: [36m[Function (anonymous)][39m,
    mockReset: [36m[Function (anonymous)][39m,
    mockRestore: [36m[Function (anonymous)][39m,
    getMockImplementation: [36m[Function (anonymous)][39m,
    mockImplementation: [36m[Function (anonymous)][39m,
    mockImplementationOnce: [36m[Function (anonymous)][39m,
    withImplementation: [36m[Function: withImplementation][39m,
    mockReturnThis: [36m[Function (anonymous)][39m,
    mockReturnValue: [36m[Function (anonymous)][39m,
    mockReturnValueOnce: [36m[Function (anonymous)][39m,
    mockResolvedValue: [36m[Function (anonymous)][39m,
    mockResolvedValueOnce: [36m[Function (anonymous)][39m,
    mockRejectedValue: [36m[Function (anonymous)][39m,
    mockRejectedValueOnce: [36m[Function (anonymous)][39m,
    [[32mSymbol(nodejs.dispose)[39m]: [36m[Function (anonymous)][39m
  }
}

tiktoken encoding_for_model mocked
mockEncode called with: hello world

            </system-out>
        </testcase>
        <testcase classname="backend/tests/gpt4o.test.js" name="GPT4Service &gt; Basic functionality &gt; chunkInput handles small input correctly" time="0.0896295">
            <system-out>
HUME_API_KEY: test_hume_key
hume at module load: {
  analyze: [Function: spy] {
    getMockName: [36m[Function (anonymous)][39m,
    mockName: [36m[Function (anonymous)][39m,
    mockClear: [36m[Function (anonymous)][39m,
    mockReset: [36m[Function (anonymous)][39m,
    mockRestore: [36m[Function (anonymous)][39m,
    getMockImplementation: [36m[Function (anonymous)][39m,
    mockImplementation: [36m[Function (anonymous)][39m,
    mockImplementationOnce: [36m[Function (anonymous)][39m,
    withImplementation: [36m[Function: withImplementation][39m,
    mockReturnThis: [36m[Function (anonymous)][39m,
    mockReturnValue: [36m[Function (anonymous)][39m,
    mockReturnValueOnce: [36m[Function (anonymous)][39m,
    mockResolvedValue: [36m[Function (anonymous)][39m,
    mockResolvedValueOnce: [36m[Function (anonymous)][39m,
    mockRejectedValue: [36m[Function (anonymous)][39m,
    mockRejectedValueOnce: [36m[Function (anonymous)][39m,
    [[32mSymbol(nodejs.dispose)[39m]: [36m[Function (anonymous)][39m
  }
}

tiktoken encoding_for_model mocked
mockEncode called with: small test input
mockDecode called with: [
  [33m115[39m, [33m109[39m,  [33m97[39m, [33m108[39m, [33m108[39m,
   [33m32[39m, [33m116[39m, [33m101[39m, [33m115[39m, [33m116[39m,
   [33m32[39m, [33m105[39m, [33m110[39m, [33m112[39m, [33m117[39m,
  [33m116[39m
]

            </system-out>
        </testcase>
        <testcase classname="backend/tests/gpt4o.test.js" name="GPT4Service &gt; Basic functionality &gt; chunkInput prioritizes businessDescription and revenueModel" time="0.0602106">
            <system-out>
HUME_API_KEY: test_hume_key
hume at module load: {
  analyze: [Function: spy] {
    getMockName: [36m[Function (anonymous)][39m,
    mockName: [36m[Function (anonymous)][39m,
    mockClear: [36m[Function (anonymous)][39m,
    mockReset: [36m[Function (anonymous)][39m,
    mockRestore: [36m[Function (anonymous)][39m,
    getMockImplementation: [36m[Function (anonymous)][39m,
    mockImplementation: [36m[Function (anonymous)][39m,
    mockImplementationOnce: [36m[Function (anonymous)][39m,
    withImplementation: [36m[Function: withImplementation][39m,
    mockReturnThis: [36m[Function (anonymous)][39m,
    mockReturnValue: [36m[Function (anonymous)][39m,
    mockReturnValueOnce: [36m[Function (anonymous)][39m,
    mockResolvedValue: [36m[Function (anonymous)][39m,
    mockResolvedValueOnce: [36m[Function (anonymous)][39m,
    mockRejectedValue: [36m[Function (anonymous)][39m,
    mockRejectedValueOnce: [36m[Function (anonymous)][39m,
    [[32mSymbol(nodejs.dispose)[39m]: [36m[Function (anonymous)][39m
  }
}

tiktoken encoding_for_model mocked
mockEncode called with: Main business description
Revenue model details
Other information
mockDecode called with: [
   [33m77[39m,  [33m97[39m, [33m105[39m, [33m110[39m,  [33m32[39m,  [33m98[39m, [33m117[39m, [33m115[39m, [33m105[39m, [33m110[39m,
  [33m101[39m, [33m115[39m, [33m115[39m,  [33m32[39m, [33m100[39m, [33m101[39m, [33m115[39m,  [33m99[39m, [33m114[39m, [33m105[39m,
  [33m112[39m, [33m116[39m, [33m105[39m, [33m111[39m, [33m110[39m,  [33m10[39m,  [33m82[39m, [33m101[39m, [33m118[39m, [33m101[39m,
  [33m110[39m, [33m117[39m, [33m101[39m,  [33m32[39m, [33m109[39m, [33m111[39m, [33m100[39m, [33m101[39m, [33m108[39m,  [33m32[39m,
  [33m100[39m, [33m101[39m, [33m116[39m,  [33m97[39m, [33m105[39m, [33m108[39m, [33m115[39m,  [33m10[39m,  [33m79[39m, [33m116[39m,
  [33m104[39m, [33m101[39m, [33m114[39m,  [33m32[39m, [33m105[39m, [33m110[39m, [33m102[39m, [33m111[39m, [33m114[39m, [33m109[39m,
   [33m97[39m, [33m116[39m, [33m105[39m, [33m111[39m, [33m110[39m
]

            </system-out>
        </testcase>
        <testcase classname="backend/tests/gpt4o.test.js" name="GPT4Service &gt; calculateCost &gt; logs to prompt_logs and triggers support_requests when cost exceeds $50" time="0.0577263">
            <system-out>
HUME_API_KEY: test_hume_key
hume at module load: {
  analyze: [Function: spy] {
    getMockName: [36m[Function (anonymous)][39m,
    mockName: [36m[Function (anonymous)][39m,
    mockClear: [36m[Function (anonymous)][39m,
    mockReset: [36m[Function (anonymous)][39m,
    mockRestore: [36m[Function (anonymous)][39m,
    getMockImplementation: [36m[Function (anonymous)][39m,
    mockImplementation: [36m[Function (anonymous)][39m,
    mockImplementationOnce: [36m[Function (anonymous)][39m,
    withImplementation: [36m[Function: withImplementation][39m,
    mockReturnThis: [36m[Function (anonymous)][39m,
    mockReturnValue: [36m[Function (anonymous)][39m,
    mockReturnValueOnce: [36m[Function (anonymous)][39m,
    mockResolvedValue: [36m[Function (anonymous)][39m,
    mockResolvedValueOnce: [36m[Function (anonymous)][39m,
    mockRejectedValue: [36m[Function (anonymous)][39m,
    mockRejectedValueOnce: [36m[Function (anonymous)][39m,
    [[32mSymbol(nodejs.dispose)[39m]: [36m[Function (anonymous)][39m
  }
}

            </system-out>
        </testcase>
        <testcase classname="backend/tests/gpt4o.test.js" name="GPT4Service &gt; calculateCost &gt; does not trigger support_requests when cost is under $50" time="0.0658926">
            <system-out>
HUME_API_KEY: test_hume_key
hume at module load: {
  analyze: [Function: spy] {
    getMockName: [36m[Function (anonymous)][39m,
    mockName: [36m[Function (anonymous)][39m,
    mockClear: [36m[Function (anonymous)][39m,
    mockReset: [36m[Function (anonymous)][39m,
    mockRestore: [36m[Function (anonymous)][39m,
    getMockImplementation: [36m[Function (anonymous)][39m,
    mockImplementation: [36m[Function (anonymous)][39m,
    mockImplementationOnce: [36m[Function (anonymous)][39m,
    withImplementation: [36m[Function: withImplementation][39m,
    mockReturnThis: [36m[Function (anonymous)][39m,
    mockReturnValue: [36m[Function (anonymous)][39m,
    mockReturnValueOnce: [36m[Function (anonymous)][39m,
    mockResolvedValue: [36m[Function (anonymous)][39m,
    mockResolvedValueOnce: [36m[Function (anonymous)][39m,
    mockRejectedValue: [36m[Function (anonymous)][39m,
    mockRejectedValueOnce: [36m[Function (anonymous)][39m,
    [[32mSymbol(nodejs.dispose)[39m]: [36m[Function (anonymous)][39m
  }
}

            </system-out>
        </testcase>
        <testcase classname="backend/tests/gpt4o.test.js" name="GPT4Service &gt; validateResponse &gt; validates response with high resonance and trustDelta" time="0">
            <skipped/>
        </testcase>
        <testcase classname="backend/tests/gpt4o.test.js" name="GPT4Service &gt; validateResponse &gt; invalidates response with low resonance" time="0.0510196">
            <system-out>
HUME_API_KEY: test_hume_key
hume at module load: {
  analyze: [Function: spy] {
    getMockName: [36m[Function (anonymous)][39m,
    mockName: [36m[Function (anonymous)][39m,
    mockClear: [36m[Function (anonymous)][39m,
    mockReset: [36m[Function (anonymous)][39m,
    mockRestore: [36m[Function (anonymous)][39m,
    getMockImplementation: [36m[Function (anonymous)][39m,
    mockImplementation: [36m[Function (anonymous)][39m,
    mockImplementationOnce: [36m[Function (anonymous)][39m,
    withImplementation: [36m[Function: withImplementation][39m,
    mockReturnThis: [36m[Function (anonymous)][39m,
    mockReturnValue: [36m[Function (anonymous)][39m,
    mockReturnValueOnce: [36m[Function (anonymous)][39m,
    mockResolvedValue: [36m[Function (anonymous)][39m,
    mockResolvedValueOnce: [36m[Function (anonymous)][39m,
    mockRejectedValue: [36m[Function (anonymous)][39m,
    mockRejectedValueOnce: [36m[Function (anonymous)][39m,
    [[32mSymbol(nodejs.dispose)[39m]: [36m[Function (anonymous)][39m
  }
}

            </system-out>
        </testcase>
        <testcase classname="backend/tests/gpt4o.test.js" name="GPT4Service &gt; validateResponse &gt; invalidates response with low trustDelta" time="0.0653404">
            <system-out>
HUME_API_KEY: test_hume_key
hume at module load: {
  analyze: [Function: spy] {
    getMockName: [36m[Function (anonymous)][39m,
    mockName: [36m[Function (anonymous)][39m,
    mockClear: [36m[Function (anonymous)][39m,
    mockReset: [36m[Function (anonymous)][39m,
    mockRestore: [36m[Function (anonymous)][39m,
    getMockImplementation: [36m[Function (anonymous)][39m,
    mockImplementation: [36m[Function (anonymous)][39m,
    mockImplementationOnce: [36m[Function (anonymous)][39m,
    withImplementation: [36m[Function: withImplementation][39m,
    mockReturnThis: [36m[Function (anonymous)][39m,
    mockReturnValue: [36m[Function (anonymous)][39m,
    mockReturnValueOnce: [36m[Function (anonymous)][39m,
    mockResolvedValue: [36m[Function (anonymous)][39m,
    mockResolvedValueOnce: [36m[Function (anonymous)][39m,
    mockRejectedValue: [36m[Function (anonymous)][39m,
    mockRejectedValueOnce: [36m[Function (anonymous)][39m,
    [[32mSymbol(nodejs.dispose)[39m]: [36m[Function (anonymous)][39m
  }
}

            </system-out>
        </testcase>
        <testcase classname="backend/tests/gpt4o.test.js" name="GPT4Service &gt; validateResponse &gt; detects toxic content" time="0.04652">
            <system-out>
HUME_API_KEY: test_hume_key
hume at module load: {
  analyze: [Function: spy] {
    getMockName: [36m[Function (anonymous)][39m,
    mockName: [36m[Function (anonymous)][39m,
    mockClear: [36m[Function (anonymous)][39m,
    mockReset: [36m[Function (anonymous)][39m,
    mockRestore: [36m[Function (anonymous)][39m,
    getMockImplementation: [36m[Function (anonymous)][39m,
    mockImplementation: [36m[Function (anonymous)][39m,
    mockImplementationOnce: [36m[Function (anonymous)][39m,
    withImplementation: [36m[Function: withImplementation][39m,
    mockReturnThis: [36m[Function (anonymous)][39m,
    mockReturnValue: [36m[Function (anonymous)][39m,
    mockReturnValueOnce: [36m[Function (anonymous)][39m,
    mockResolvedValue: [36m[Function (anonymous)][39m,
    mockResolvedValueOnce: [36m[Function (anonymous)][39m,
    mockRejectedValue: [36m[Function (anonymous)][39m,
    mockRejectedValueOnce: [36m[Function (anonymous)][39m,
    [[32mSymbol(nodejs.dispose)[39m]: [36m[Function (anonymous)][39m
  }
}

            </system-out>
        </testcase>
        <testcase classname="backend/tests/gpt4o.test.js" name="GPT4Service &gt; validateResponse &gt; detects WCAG accessibility issues" time="0.056896">
            <system-out>
HUME_API_KEY: test_hume_key
hume at module load: {
  analyze: [Function: spy] {
    getMockName: [36m[Function (anonymous)][39m,
    mockName: [36m[Function (anonymous)][39m,
    mockClear: [36m[Function (anonymous)][39m,
    mockReset: [36m[Function (anonymous)][39m,
    mockRestore: [36m[Function (anonymous)][39m,
    getMockImplementation: [36m[Function (anonymous)][39m,
    mockImplementation: [36m[Function (anonymous)][39m,
    mockImplementationOnce: [36m[Function (anonymous)][39m,
    withImplementation: [36m[Function: withImplementation][39m,
    mockReturnThis: [36m[Function (anonymous)][39m,
    mockReturnValue: [36m[Function (anonymous)][39m,
    mockReturnValueOnce: [36m[Function (anonymous)][39m,
    mockResolvedValue: [36m[Function (anonymous)][39m,
    mockResolvedValueOnce: [36m[Function (anonymous)][39m,
    mockRejectedValue: [36m[Function (anonymous)][39m,
    mockRejectedValueOnce: [36m[Function (anonymous)][39m,
    [[32mSymbol(nodejs.dispose)[39m]: [36m[Function (anonymous)][39m
  }
}

            </system-out>
        </testcase>
        <testcase classname="backend/tests/gpt4o.test.js" name="GPT4Service &gt; validateResponse &gt; falls back to GPT-4o when Hume AI fails" time="0.052316">
            <system-out>
HUME_API_KEY: test_hume_key
hume at module load: {
  analyze: [Function: spy] {
    getMockName: [36m[Function (anonymous)][39m,
    mockName: [36m[Function (anonymous)][39m,
    mockClear: [36m[Function (anonymous)][39m,
    mockReset: [36m[Function (anonymous)][39m,
    mockRestore: [36m[Function (anonymous)][39m,
    getMockImplementation: [36m[Function (anonymous)][39m,
    mockImplementation: [36m[Function (anonymous)][39m,
    mockImplementationOnce: [36m[Function (anonymous)][39m,
    withImplementation: [36m[Function: withImplementation][39m,
    mockReturnThis: [36m[Function (anonymous)][39m,
    mockReturnValue: [36m[Function (anonymous)][39m,
    mockReturnValueOnce: [36m[Function (anonymous)][39m,
    mockResolvedValue: [36m[Function (anonymous)][39m,
    mockResolvedValueOnce: [36m[Function (anonymous)][39m,
    mockRejectedValue: [36m[Function (anonymous)][39m,
    mockRejectedValueOnce: [36m[Function (anonymous)][39m,
    [[32mSymbol(nodejs.dispose)[39m]: [36m[Function (anonymous)][39m
  }
}

Fallback mock called with: Estimate emotional resonance (arousal 0-1, valence 0-1) as JSON: { &quot;arousal&quot;: &lt;float&gt;, &quot;valence&quot;: &lt;float&gt; }
Text: Fallback test with over 100 characters.

            </system-out>
        </testcase>
        <testcase classname="backend/tests/gpt4o.test.js" name="GPT4Service &gt; validateResponse &gt; logs validation results to comparisons table" time="0.0551515">
            <system-out>
HUME_API_KEY: test_hume_key
hume at module load: {
  analyze: [Function: spy] {
    getMockName: [36m[Function (anonymous)][39m,
    mockName: [36m[Function (anonymous)][39m,
    mockClear: [36m[Function (anonymous)][39m,
    mockReset: [36m[Function (anonymous)][39m,
    mockRestore: [36m[Function (anonymous)][39m,
    getMockImplementation: [36m[Function (anonymous)][39m,
    mockImplementation: [36m[Function (anonymous)][39m,
    mockImplementationOnce: [36m[Function (anonymous)][39m,
    withImplementation: [36m[Function: withImplementation][39m,
    mockReturnThis: [36m[Function (anonymous)][39m,
    mockReturnValue: [36m[Function (anonymous)][39m,
    mockReturnValueOnce: [36m[Function (anonymous)][39m,
    mockResolvedValue: [36m[Function (anonymous)][39m,
    mockResolvedValueOnce: [36m[Function (anonymous)][39m,
    mockRejectedValue: [36m[Function (anonymous)][39m,
    mockRejectedValueOnce: [36m[Function (anonymous)][39m,
    [[32mSymbol(nodejs.dispose)[39m]: [36m[Function (anonymous)][39m
  }
}

            </system-out>
        </testcase>
    </testsuite>
    <testsuite name="backend/tests/keySafety.test.js" timestamp="2025-06-30T18:45:48.095Z" hostname="DESKTOP-BGMEO6L" tests="1" failures="0" errors="0" skipped="0" time="0.0116232">
        <testcase classname="backend/tests/keySafety.test.js" name="API Key Safety &gt; should use only dummy keys in test environment" time="0.0046301">
        </testcase>
    </testsuite>
    <testsuite name="backend/tests/prompts.test.js" timestamp="2025-06-30T18:45:48.096Z" hostname="DESKTOP-BGMEO6L" tests="4" failures="0" errors="0" skipped="4" time="0">
        <testcase classname="backend/tests/prompts.test.js" name="Prompt Templates &gt; Social Media Template generates valid campaign" time="0">
            <skipped/>
        </testcase>
        <testcase classname="backend/tests/prompts.test.js" name="Prompt Templates &gt; Website Audit Template generates valid audit" time="0">
            <skipped/>
        </testcase>
        <testcase classname="backend/tests/prompts.test.js" name="Prompt Templates &gt; Framework validates inputs with regex" time="0">
            <skipped/>
        </testcase>
        <testcase classname="backend/tests/prompts.test.js" name="Prompt Templates &gt; Framework stores and retrieves template version" time="0">
            <skipped/>
        </testcase>
    </testsuite>
    <testsuite name="backend/tests/integration/emotionalAnalysis.api.test.js" timestamp="2025-06-30T18:45:48.098Z" hostname="DESKTOP-BGMEO6L" tests="16" failures="0" errors="0" skipped="0" time="0.0667219">
        <testcase classname="backend/tests/integration/emotionalAnalysis.api.test.js" name="Emotional Analysis API Logic &gt; Service Layer Tests &gt; should have the emotional analysis service available" time="0.0095032">
        </testcase>
        <testcase classname="backend/tests/integration/emotionalAnalysis.api.test.js" name="Emotional Analysis API Logic &gt; Service Layer Tests &gt; should be able to create HumeService instance" time="0.0031425">
        </testcase>
        <testcase classname="backend/tests/integration/emotionalAnalysis.api.test.js" name="Emotional Analysis API Logic &gt; Service Layer Tests &gt; should handle emotion analysis request structure" time="0.0061266">
        </testcase>
        <testcase classname="backend/tests/integration/emotionalAnalysis.api.test.js" name="Emotional Analysis API Logic &gt; Authentication Logic (PRD Section 7.2, 8.3) &gt; should validate JWT tokens properly" time="0.0071333">
        </testcase>
        <testcase classname="backend/tests/integration/emotionalAnalysis.api.test.js" name="Emotional Analysis API Logic &gt; Authentication Logic (PRD Section 7.2, 8.3) &gt; should reject invalid JWT tokens" time="0.0010162">
        </testcase>
        <testcase classname="backend/tests/integration/emotionalAnalysis.api.test.js" name="Emotional Analysis API Logic &gt; Authentication Logic (PRD Section 7.2, 8.3) &gt; should handle production vs non-production auth modes" time="0.0012095">
        </testcase>
        <testcase classname="backend/tests/integration/emotionalAnalysis.api.test.js" name="Emotional Analysis API Logic &gt; Input Validation (PRD Section 7.2) &gt; should validate required fields for emotion analysis" time="0.0015241">
        </testcase>
        <testcase classname="backend/tests/integration/emotionalAnalysis.api.test.js" name="Emotional Analysis API Logic &gt; Input Validation (PRD Section 7.2) &gt; should validate UUID format for comparisonId" time="0.0028978">
        </testcase>
        <testcase classname="backend/tests/integration/emotionalAnalysis.api.test.js" name="Emotional Analysis API Logic &gt; Input Validation (PRD Section 7.2) &gt; should validate text length constraints" time="0.0028324">
        </testcase>
        <testcase classname="backend/tests/integration/emotionalAnalysis.api.test.js" name="Emotional Analysis API Logic &gt; Error Handling &amp; Fallbacks (PRD Section 9, 7.6, 8.3) &gt; should handle service failures gracefully" time="0.0027069">
        </testcase>
        <testcase classname="backend/tests/integration/emotionalAnalysis.api.test.js" name="Emotional Analysis API Logic &gt; Error Handling &amp; Fallbacks (PRD Section 9, 7.6, 8.3) &gt; should have fallback to GPT-4o when Hume fails" time="0.0019777">
        </testcase>
        <testcase classname="backend/tests/integration/emotionalAnalysis.api.test.js" name="Emotional Analysis API Logic &gt; Error Handling &amp; Fallbacks (PRD Section 9, 7.6, 8.3) &gt; should handle timeout scenarios" time="0.0019167">
        </testcase>
        <testcase classname="backend/tests/integration/emotionalAnalysis.api.test.js" name="Emotional Analysis API Logic &gt; Circuit Breaker Logic (PRD Section 9) &gt; should check circuit breaker state" time="0.0015489">
        </testcase>
        <testcase classname="backend/tests/integration/emotionalAnalysis.api.test.js" name="Emotional Analysis API Logic &gt; Circuit Breaker Logic (PRD Section 9) &gt; should handle circuit breaker open state" time="0.0016515">
        </testcase>
        <testcase classname="backend/tests/integration/emotionalAnalysis.api.test.js" name="Emotional Analysis API Logic &gt; Hume AI Integration (PRD Section 6.2, 7.6, 8.3) &gt; should call analyzeEmotion with correct parameters" time="0.0083619">
        </testcase>
        <testcase classname="backend/tests/integration/emotionalAnalysis.api.test.js" name="Emotional Analysis API Logic &gt; Hume AI Integration (PRD Section 6.2, 7.6, 8.3) &gt; should return proper emotional analysis structure" time="0.0048302">
        </testcase>
    </testsuite>
    <testsuite name="backend/tests/integration/emotionalAnalysis.integration.test.js" timestamp="2025-06-30T18:45:48.110Z" hostname="DESKTOP-BGMEO6L" tests="3" failures="0" errors="0" skipped="0" time="0.0226592">
        <testcase classname="backend/tests/integration/emotionalAnalysis.integration.test.js" name="Emotional Analysis Integration &gt; returns consistent output format across providers" time="0.0097814">
        </testcase>
        <testcase classname="backend/tests/integration/emotionalAnalysis.integration.test.js" name="Emotional Analysis Integration &gt; activates fallback on circuit breaker open" time="0.0058157">
        </testcase>
        <testcase classname="backend/tests/integration/emotionalAnalysis.integration.test.js" name="Emotional Analysis Integration &gt; enforces rate limiting and triggers fallback or error after limit" time="0.0011946">
        </testcase>
    </testsuite>
    <testsuite name="backend/tests/integration/posthog.integration.test.js" timestamp="2025-06-30T18:45:48.111Z" hostname="DESKTOP-BGMEO6L" tests="1" failures="0" errors="0" skipped="0" time="0.0524649">
        <testcase classname="backend/tests/integration/posthog.integration.test.js" name="PostHog Integration &gt; sends funnel_step event to PostHog dashboard (placeholder)" time="0.0162776">
        </testcase>
    </testsuite>
    <testsuite name="backend/tests/integration/rls-policies.test.js" timestamp="2025-06-30T18:45:48.112Z" hostname="DESKTOP-BGMEO6L" tests="2" failures="0" errors="0" skipped="1" time="0.0083163">
        <testcase classname="backend/tests/integration/rls-policies.test.js" name="JWT Regression &gt; should have TEST_ADMIN_JWT set in env" time="0.0032562">
        </testcase>
        <testcase classname="backend/tests/integration/rls-policies.test.js" name="Supabase RLS Policies - Core Tables &gt; Supabase RLS Policies - Core Tables &gt; skipped: TEST_ADMIN_JWT is expired or invalid (see PRD.md section 6.1)" time="0">
            <skipped/>
        </testcase>
    </testsuite>
    <testsuite name="backend/tests/unit/hume.test.js" timestamp="2025-06-30T18:45:48.114Z" hostname="DESKTOP-BGMEO6L" tests="18" failures="0" errors="0" skipped="0" time="0.0917417">
        <testcase classname="backend/tests/unit/hume.test.js" name="HumeService &gt; throws if HUME_API_KEY is missing" time="0.0120684">
        </testcase>
        <testcase classname="backend/tests/unit/hume.test.js" name="HumeService &gt; initializes and stores key in Supabase" time="0.0092383">
        </testcase>
        <testcase classname="backend/tests/unit/hume.test.js" name="HumeService &gt; enforces rate limiting" time="0.004571">
        </testcase>
        <testcase classname="backend/tests/unit/hume.test.js" name="KeyManagementService &gt; rotates Hume API key and stores in Supabase" time="0.002717">
        </testcase>
        <testcase classname="backend/tests/unit/hume.test.js" name="KeyManagementService &gt; returns null if Supabase upsert fails" time="0.0124247">
        </testcase>
        <testcase classname="backend/tests/unit/hume.test.js" name="KeyManagementService &gt; throws if generated key is invalid" time="0.0017619">
        </testcase>
        <testcase classname="backend/tests/unit/hume.test.js" name="KeyManagementService &gt; calls Supabase.from and upsert with correct arguments" time="0.0051618">
        </testcase>
        <testcase classname="backend/tests/unit/hume.test.js" name="HumeCircuitBreaker &gt; starts in CLOSED state" time="0.0007222">
        </testcase>
        <testcase classname="backend/tests/unit/hume.test.js" name="HumeCircuitBreaker &gt; transitions to OPEN after threshold failures" time="0.0015007">
        </testcase>
        <testcase classname="backend/tests/unit/hume.test.js" name="HumeCircuitBreaker &gt; transitions to HALF_OPEN after reset timeout" time="0.0099425">
        </testcase>
        <testcase classname="backend/tests/unit/hume.test.js" name="HumeCircuitBreaker &gt; resets to CLOSED on success in HALF_OPEN" time="0.001024">
        </testcase>
        <testcase classname="backend/tests/unit/hume.test.js" name="EmotionalScorer &gt; normalizes scores within 0-1" time="0.0012407">
        </testcase>
        <testcase classname="backend/tests/unit/hume.test.js" name="EmotionalScorer &gt; validates scores above threshold" time="0.0009638">
        </testcase>
        <testcase classname="backend/tests/unit/hume.test.js" name="EmotionalScorer &gt; invalidates scores below threshold" time="0.0005003">
        </testcase>
        <testcase classname="backend/tests/unit/hume.test.js" name="HumeService emotional scoring &gt; returns normalized and validated score" time="0.0040553">
        </testcase>
        <testcase classname="backend/tests/unit/hume.test.js" name="HumeService emotional scoring &gt; throws if score is below threshold" time="0.0088549">
        </testcase>
        <testcase classname="backend/tests/unit/hume.test.js" name="HumeService fallback logic &gt; uses fallback when circuit breaker is open" time="0.0027679">
        </testcase>
        <testcase classname="backend/tests/unit/hume.test.js" name="HumeService fallback logic &gt; uses fallback when score is below threshold" time="0.0031093">
        </testcase>
    </testsuite>
    <testsuite name="backend/tests/unit/posthog.test.js" timestamp="2025-06-30T18:45:48.126Z" hostname="DESKTOP-BGMEO6L" tests="11" failures="0" errors="0" skipped="0" time="0.2856708">
        <testcase classname="backend/tests/unit/posthog.test.js" name="posthog.js analytics logic &gt; Event validation &gt; validates a correct funnel_step event" time="0.0840514">
            <system-out>
[PostHog] Connection validated. Analytics enabled.

            </system-out>
        </testcase>
        <testcase classname="backend/tests/unit/posthog.test.js" name="posthog.js analytics logic &gt; Event validation &gt; rejects a funnel_step event missing stepName" time="0.0192616">
            <system-out>
[PostHog] Connection validated. Analytics enabled.

            </system-out>
        </testcase>
        <testcase classname="backend/tests/unit/posthog.test.js" name="posthog.js analytics logic &gt; PII scrubbing &gt; removes email, name, phone, userId" time="0.0135086">
            <system-out>
[PostHog] Connection validated. Analytics enabled.

            </system-out>
        </testcase>
        <testcase classname="backend/tests/unit/posthog.test.js" name="posthog.js analytics logic &gt; Session management &gt; creates and retrieves a session" time="0.0095384">
            <system-out>
[PostHog] Connection validated. Analytics enabled.

            </system-out>
        </testcase>
        <testcase classname="backend/tests/unit/posthog.test.js" name="posthog.js analytics logic &gt; Session management &gt; ends a session and marks as ended" time="0.0170346">
            <system-out>
[PostHog] Connection validated. Analytics enabled.

            </system-out>
        </testcase>
        <testcase classname="backend/tests/unit/posthog.test.js" name="posthog.js analytics logic &gt; Event enrichment &gt; adds appVersion, environment, deploymentId to events" time="0.0138407">
            <system-out>
[PostHog] Connection validated. Analytics enabled.

            </system-out>
        </testcase>
        <testcase classname="backend/tests/unit/posthog.test.js" name="posthog.js analytics logic &gt; Event tracking &gt; tracks funnel_step event correctly" time="0.020244">
            <system-out>
[PostHog] Connection validated. Analytics enabled.

            </system-out>
        </testcase>
        <testcase classname="backend/tests/unit/posthog.test.js" name="posthog.js analytics logic &gt; Event tracking &gt; tracks api_latency event correctly" time="0.0096539">
            <system-out>
[PostHog] Connection validated. Analytics enabled.

            </system-out>
        </testcase>
        <testcase classname="backend/tests/unit/posthog.test.js" name="posthog.js analytics logic &gt; Event tracking &gt; tracks error_occurred event correctly" time="0.0147779">
            <system-out>
[PostHog] Connection validated. Analytics enabled.

            </system-out>
        </testcase>
        <testcase classname="backend/tests/unit/posthog.test.js" name="posthog.js analytics logic &gt; Event tracking &gt; tracks user_action event correctly" time="0.008234">
            <system-out>
[PostHog] Connection validated. Analytics enabled.

            </system-out>
        </testcase>
        <testcase classname="backend/tests/unit/posthog.test.js" name="posthog.js analytics logic &gt; Batching &gt; batches events according to flushAt" time="0.0662217">
            <system-out>
[PostHog] Connection validated. Analytics enabled.

            </system-out>
        </testcase>
    </testsuite>
    <testsuite name="frontend/src/tests/DeliverableGeneration.test.tsx" timestamp="2025-06-30T18:45:48.131Z" hostname="DESKTOP-BGMEO6L" tests="13" failures="7" errors="0" skipped="4" time="91.1853565">
        <testcase classname="frontend/src/tests/DeliverableGeneration.test.tsx" name="F7-tests: Enhanced Deliverable Generation Tests &gt; should validate BUSINESS_BUILDER length and financial projections (700-800 words, 100-word financials)" time="0">
            <skipped/>
        </testcase>
        <testcase classname="frontend/src/tests/DeliverableGeneration.test.tsx" name="F7-tests: Enhanced Deliverable Generation Tests &gt; should validate SOCIAL_EMAIL format and word counts (3-7 posts, 3-5 emails)" time="10.8562074">
            <system-out>
[DeliverableGeneration] Page loaded, starting generation process
[DeliverableGeneration] Starting deliverable generation

            </system-out>
            <system-err>
[DeliverableGeneration] Generation failed: ReferenceError: step is not defined
    at [90mC:\Projects\canai-platform\[39mfrontend\src\pages\DeliverableGeneration.tsx:159:37
    at [90mC:\Projects\canai-platform\[39mfrontend\src\pages\DeliverableGeneration.tsx:233:5
    at commitHookEffectListMount [90m(C:\Projects\canai-platform\[39mnode_modules\[4mreact-dom[24m\cjs\react-dom.development.js:23189:26[90m)[39m
    at commitPassiveMountOnFiber [90m(C:\Projects\canai-platform\[39mnode_modules\[4mreact-dom[24m\cjs\react-dom.development.js:24970:11[90m)[39m
    at commitPassiveMountEffects_complete [90m(C:\Projects\canai-platform\[39mnode_modules\[4mreact-dom[24m\cjs\react-dom.development.js:24930:9[90m)[39m
    at commitPassiveMountEffects_begin [90m(C:\Projects\canai-platform\[39mnode_modules\[4mreact-dom[24m\cjs\react-dom.development.js:24917:7[90m)[39m
    at commitPassiveMountEffects [90m(C:\Projects\canai-platform\[39mnode_modules\[4mreact-dom[24m\cjs\react-dom.development.js:24905:3[90m)[39m
    at flushPassiveEffectsImpl [90m(C:\Projects\canai-platform\[39mnode_modules\[4mreact-dom[24m\cjs\react-dom.development.js:27078:3[90m)[39m
    at flushPassiveEffects [90m(C:\Projects\canai-platform\[39mnode_modules\[4mreact-dom[24m\cjs\react-dom.development.js:27023:14[90m)[39m
    at [90mC:\Projects\canai-platform\[39mnode_modules\[4mreact-dom[24m\cjs\react-dom.development.js:26808:9
⚠️ React Router Future Flag Warning: React Router will begin wrapping state updates in `React.startTransition` in v7. You can use the `v7_startTransition` future flag to opt-in early. For more information, see https://reactrouter.com/v6/upgrading/future#v7_starttransition.
⚠️ React Router Future Flag Warning: Relative route resolution within Splat routes is changing in v7. You can use the `v7_relativeSplatPath` future flag to opt-in early. For more information, see https://reactrouter.com/v6/upgrading/future#v7_relativesplatpath.

            </system-err>
            <failure message="Unable to find an element with the text: /Social Media &amp; Email Campaign Package/i. This could be because the text is broken up by multiple elements. In this case, you can provide a function for your text matcher to make your matcher more flexible.

Ignored nodes: comments, script, style
[36m&lt;body&gt;[39m
  [36m&lt;div&gt;[39m
    [36m&lt;div[39m
      [33mclass[39m=[32m&quot;min-h-screen w-full flex flex-col &quot;[39m
      [33mstyle[39m=[32m&quot;background: radial-gradient(ellipse at 55% 24%, #152647 0%, #091023 65%, #052947 100%); background-color: rgb(10, 21, 53); position: relative; overflow: hidden;&quot;[39m
    [36m&gt;[39m
      [36m&lt;svg[39m
        [33mclass[39m=[32m&quot;absolute inset-0 w-full h-full pointer-events-none opacity-60&quot;[39m
        [33mpreserveAspectRatio[39m=[32m&quot;none&quot;[39m
        [33mstyle[39m=[32m&quot;z-index: 0;&quot;[39m
        [33mviewBox[39m=[32m&quot;0 0 1920 1080&quot;[39m
      [36m&gt;[39m
        [36m&lt;defs&gt;[39m
          [36m&lt;radialgradient[39m
            [33mcx[39m=[32m&quot;55%&quot;[39m
            [33mcy[39m=[32m&quot;25%&quot;[39m
            [33mid[39m=[32m&quot;spotlight&quot;[39m
            [33mr[39m=[32m&quot;0.7&quot;[39m
          [36m&gt;[39m
            [36m&lt;stop[39m
              [33moffset[39m=[32m&quot;0%&quot;[39m
              [33mstop-color[39m=[32m&quot;#36d1fe22&quot;[39m
            [36m/&gt;[39m
            [36m&lt;stop[39m
              [33moffset[39m=[32m&quot;70%&quot;[39m
              [33mstop-color[39m=[32m&quot;transparent&quot;[39m
            [36m/&gt;[39m
          [36m&lt;/radialgradient&gt;[39m
        [36m&lt;/defs&gt;[39m
        [36m&lt;rect[39m
          [33mfill[39m=[32m&quot;url(#spotlight)&quot;[39m
          [33mheight[39m=[32m&quot;1080&quot;[39m
          [33mwidth[39m=[32m&quot;1920&quot;[39m
        [36m/&gt;[39m
        [36m&lt;g&gt;[39m
          [36m&lt;circle[39m
            [33mcx[39m=[32m&quot;220&quot;[39m
            [33mcy[39m=[32m&quot;180&quot;[39m
            [33mfill[39m=[32m&quot;#e6f6ff&quot;[39m
            [33mopacity[39m=[32m&quot;0.08&quot;[39m
            [33mr[39m=[32m&quot;1.2&quot;[39m
          [36m/&gt;[39m
          [36m&lt;circle[39m
            [33mcx[39m=[32m&quot;430&quot;[39m
            [33mcy[39m=[32m&quot;400&quot;[39m
            [33mfill[39m=[32m&quot;#36d1fe&quot;[39m
            [33mopacity[39m=[32m&quot;0.11&quot;[39m
            [33mr[39m=[32m&quot;1.6&quot;[39m
          [36m/&gt;[39m
          [36m&lt;circle[39m
            [33mcx[39m=[32m&quot;1520&quot;[39m
            [33mcy[39m=[32m&quot;250&quot;[39m
            [33mfill[39m=[32m&quot;#e6f6ff&quot;[39m
            [33mopacity[39m=[32m&quot;0.08&quot;[39m
            [33mr[39m=[32m&quot;1&quot;[39m
          [36m/&gt;[39m
          [36m&lt;circle[39m
            [33mcx[39m=[32m&quot;770&quot;[39m
            [33mcy[39m=[32m&quot;850&quot;[39m
            [33mfill[39m=[32m&quot;#00f0ff&quot;[39m
            [33mopacity[39m=[32m&quot;0.09&quot;[39m
            [33mr[39m=[32m&quot;0.7&quot;[39m
          [36m/&gt;[39m
          [36m&lt;circle[39m
            [33mcx[39m=[32m&quot;1430&quot;[39m
            [33mcy[39m=[32m&quot;960&quot;[39m
            [33mfill[39m=[32m&quot;#e6f6ff&quot;[39m
            [33mopacity[39m=[32m&quot;0.07&quot;[39m
            [33mr[39m=[32m&quot;1.4&quot;[39m
          [36m/&gt;[39m
          [36m&lt;circle[39m
            [33mcx[39m=[32m&quot;1190&quot;[39m
            [33mcy[39m=[32m&quot;780&quot;[39m
            [33mfill[39m=[32m&quot;#36d1fe&quot;[39m
            [33mopacity[39m=[32m&quot;0.13&quot;[39m
            [33mr[39m=[32m&quot;1.1&quot;[39m
          [36m/&gt;[39m
        [36m&lt;/g&gt;[39m
      [36m&lt;/svg&gt;[39m
      [36m&lt;div[39m
        [33mclass[39m=[32m&quot;relative z-10 flex flex-col min-h-screen w-full&quot;[39m
      [36m&gt;[39m
        [36m&lt;header[39m
          [33mclass[39m=[32m&quot;w-full flex items-center justify-between p-4 &quot;[39m
        [36m&gt;[39m
          [36m&lt;div[39m
            [33mclass[39m=[32m&quot;cursor-pointer hover:scale-105 transition-transform duration-300&quot;[39m
          [36m&gt;[39m
            [36m&lt;div[39m
              [33mclass[39m=[32m&quot;flex flex-col items-center space-y-2 &quot;[39m
            [36m&gt;[39m
              [36m&lt;h1[39m
                [33mclass[39m=[32m&quot;select-none&quot;[39m
                [33mid[39m=[32m&quot;hero-logo&quot;[39m
                [33mstyle[39m=[32m&quot;font-family: Manrope, \&quot;Inter\&quot;, Helvetica Neue, sans-serif; font-weight: 800; font-size: clamp(1.4rem, 3vw, 2.5rem); letter-spacing: 0.05em; line-height: 1.06; color: rgb(255, 255, 255); text-shadow: 0 0 5px rgba(54, 209, 254, 0.8); margin-bottom: 0px; display: flex;&quot;[39m
              [36m&gt;[39m
                [36m&lt;span[39m
                  [33mstyle[39m=[32m&quot;color: rgb(255, 255, 255);&quot;[39m
                [36m&gt;[39m
                  [0mCanAI[0m
                [36m&lt;/span&gt;[39m
                [36m&lt;span[39m
                  [33mstyle[39m=[32m&quot;background: linear-gradient(to right, #36d1fe, #07c3fb); background-clip: text; -webkit-text-fill-color: transparent; color: transparent; margin-left: 0.09em; font-weight: 800; filter: drop-shadow(0 0 10px #36d1fe88); display: inline-block;&quot;[39m
                [36m&gt;[39m
                  [0m.so[0m
                [36m&lt;/span&gt;[39m
              [36m&lt;/h1&gt;[39m
            [36m&lt;/div&gt;[39m
          [36m&lt;/div&gt;[39m
          [36m&lt;div[39m
            [33mclass[39m=[32m&quot;flex items-center gap-4&quot;[39m
          [36m&gt;[39m
            [36m&lt;button[39m
              [33mclass[39m=[32m&quot;
              text-[#cce7fa] 
              hover:text-white 
              font-manrope 
              font-medium 
              text-sm 
              px-4 py-2 
              rounded-lg 
              border border-[rgba(54,209,254,0.3)]
              hover:border-[#36d1fe]
              transition-all 
              duration-200
              hover:bg-[rgba(54,209,254,0.1)]
            &quot;[39m
            [36m&gt;[39m
              [0m← Back[0m
            [36m&lt;/button&gt;[39m
          [36m&lt;/div&gt;[39m
        [36m&lt;/header&gt;[39m
        [36m&lt;div[39m
          [33mclass[39m=[32m&quot;flex-1 px-3 sm:px-4 py-4 sm:py-8 max-w-6xl mx-auto w-full&quot;[39m
        [36m&gt;[39m
          [36m&lt;div[39m
            [33mclass[39m=[32m&quot;text-center mb-6 sm:mb-8 animate-fade-in&quot;[39m
          [36m&gt;[39m
            [36m&lt;h1[39m
              [33mclass[39m=[32m&quot;md:text-5xl font-bold text-white font-playfair tracking-tight drop-shadow-[0_2px_10px_rgba(0,0,0,0.3)] mb-2 sm:mb-4 text-2xl sm:text-3xl lg:text-4xl px-2&quot;[39m
            [36m&gt;[39m
              [0mSocial Email[0m
              [0m [0m
              [0mGeneration[0m
            [36m&lt;/h1&gt;[39m
            [36m&lt;p[39m
              [33mclass[39m=[32m&quot;md:text-lg text-[#E6F6FF] font-manrope text-lg sm:text-xl px-2&quot;[39m
            [36m&gt;[39m
              [0mCreating personalized deliverable for[0m
              [0m [0m
              [0mSprinkle Haven Bakery[0m
            [36m&lt;/p&gt;[39m
          [36m&lt;/div&gt;[39m
          [36m&lt;div[39m
            [33mclass[39m=[32m&quot;rounded-3xl border-2 transition-all duration-300 overflow-hidden relative backdrop-blur-md shadow-[0_0_30px_rgba(54,209,254,0.2)] text-white p-8 hover:shadow-[0_0_60px_rgba(54,209,254,0.5)] hover:scale-[1.02] hover:border-[#36d1fe] bg-red-500/20 border-red-500/40 max-w-3xl mx-auto&quot;[39m
          [36m&gt;[39m
            [36m&lt;div[39m
              [33mclass[39m=[32m&quot;w-full h-full break-words overflow-hidden word-wrap text-white&quot;[39m
            [36m&gt;[39m
              [36m&lt;div[39m
                [33mclass[39m=[32m&quot;flex flex-col sm:flex-row sm:items-center gap-3 sm:gap-4 text-red-200 mb-4 sm:mb-6&quot;[39m
              [36m&gt;[39m
                [36m&lt;svg[39m
                  [33maria-hidden[39m=[32m&quot;true&quot;[39m
                  [33mclass[39m=[32m&quot;lucide lucide-circle-alert w-6 h-6 sm:w-8 sm:h-8 mx-auto sm:mx-0&quot;[39m
                  [33mfill[39m=[32m&quot;none&quot;[39m
                  [33mheight[39m=[32m&quot;24&quot;[39m
                  [33mstroke[39m=[32m&quot;currentColor&quot;[39m
                  [33mstroke-linecap[39m=[32m&quot;round&quot;[39m
                  [33mstroke-linejoin[39m=[32m&quot;round&quot;[39m
                  [33mstroke-width[39m=[32m&quot;2&quot;[39m
                  [33mviewBox[39m=[32m&quot;0 0 24 24&quot;[39m
                  [33mwidth[39m=[32m&quot;24&quot;[39m
                  [33mxmlns[39m=[32m&quot;http://www.w3.org/2000/svg&quot;[39m
                [36m&gt;[39m
                  [36m&lt;circle[39m
                    [33mcx[39m=[32m&quot;12&quot;[39m
                    [33mcy[39m=[32m&quot;12&quot;[39m
                    [33mr[39m=[32m&quot;10&quot;[39m
                  [36m/&gt;[39m
                  [36m&lt;line[39m
                    [33mx1[39m=[32m&quot;12&quot;[39m
                    [33mx2[39m=[32m&quot;12&quot;[39m
                    [33my1[39m=[32m&quot;8&quot;[39m
                    [33my2[39m=[32m&quot;12&quot;[39m
                  [36m/&gt;[39m
                  [36m&lt;line[39m
                    [33mx1[39m=[32m&quot;12&quot;[39m
                    [33mx2[39m=[32m&quot;12.01&quot;[39m
                    [33my1[39m=[32m&quot;16&quot;[39m
                    [33my2[39m=[32m&quot;16&quot;[39m
                  [36m/&gt;[39m
                [36m&lt;/svg&gt;[39m
                [36m&lt;div[39m
                  [33mclass[39m=[32m&quot;text-center sm:text-left&quot;[39m
                [36m&gt;[39m
                  [36m&lt;h3[39m
                    [33mclass[39m=[32m&quot;md:text-2xl font-bold font-playfair tracking-tight drop-shadow-[0_1px_6px_rgba(0,0,0,0.3)] text-red-300 text-lg sm:text-xl&quot;[39m
                  [36m&gt;[39m
                    [0mGeneration Error[0m
                  [36m&lt;/h3&gt;[39m
                  [36m&lt;p[39m
                    [33mclass[39m=[32m&quot;md:text-lg text-[#E6F6FF] font-manrope opacity-75 text-sm sm:text-base&quot;[39m
                  [36m&gt;[39m
                    [0mGeneration failed. Please try again.[0m
                  [36m&lt;/p&gt;[39m
                [36m&lt;/div&gt;[39m
              [36m&lt;/div&gt;[39m
              [36m&lt;button[39m
                [33mclass[39m=[32m&quot;inline-flex items-center justify-center text-sm font-medium ring-offset-background transition-colors focus-visible:outline-none focus-visible:ring-2 focus-visible:ring-ring focus-visible:ring-offset-2 disabled:pointer-events-none disabled:opacity-50 border bg-background hover:text-accent-foreground h-9 rounded-md px-3 border-red-400 text-red-200 hover:bg-red-500/20 w-full sm:w-auto&quot;[39m
              [36m&gt;[39m
                [0mRetry Generation[0m
              [36m&lt;/button&gt;[39m
            [36m&lt;/div&gt;[39m
          [36m&lt;/div&gt;[39m
        [36m&lt;/div&gt;[39m
      [36m&lt;/div&gt;[39m
    [36m&lt;/div&gt;[39m
  [36m&lt;/div&gt;[39m
[36m&lt;/body&gt;[39m

Ignored nodes: comments, script, style
[36m&lt;body&gt;[39m
  [36m&lt;div&gt;[39m
    [36m&lt;div[39m
      [33mclass[39m=[32m&quot;min-h-screen w-full flex flex-col &quot;[39m
      [33mstyle[39m=[32m&quot;background: radial-gradient(ellipse at 55% 24%, #152647 0%, #091023 65%, #052947 100%); background-color: rgb(10, 21, 53); position: relative; overflow: hidden;&quot;[39m
    [36m&gt;[39m
      [36m&lt;svg[39m
        [33mclass[39m=[32m&quot;absolute inset-0 w-full h-full pointer-events-none opacity-60&quot;[39m
        [33mpreserveAspectRatio[39m=[32m&quot;none&quot;[39m
        [33mstyle[39m=[32m&quot;z-index: 0;&quot;[39m
        [33mviewBox[39m=[32m&quot;0 0 1920 1080&quot;[39m
      [36m&gt;[39m
        [36m&lt;defs&gt;[39m
          [36m&lt;radialgradient[39m
            [33mcx[39m=[32m&quot;55%&quot;[39m
            [33mcy[39m=[32m&quot;25%&quot;[39m
            [33mid[39m=[32m&quot;spotlight&quot;[39m
            [33mr[39m=[32m&quot;0.7&quot;[39m
          [36m&gt;[39m
            [36m&lt;stop[39m
              [33moffset[39m=[32m&quot;0%&quot;[39m
              [33mstop-color[39m=[32m&quot;#36d1fe22&quot;[39m
            [36m/&gt;[39m
            [36m&lt;stop[39m
              [33moffset[39m=[32m&quot;70%&quot;[39m
              [33mstop-color[39m=[32m&quot;transparent&quot;[39m
            [36m/&gt;[39m
          [36m&lt;/radialgradient&gt;[39m
        [36m&lt;/defs&gt;[39m
        [36m&lt;rect[39m
          [33mfill[39m=[32m&quot;url(#spotlight)&quot;[39m
          [33mheight[39m=[32m&quot;1080&quot;[39m
          [33mwidth[39m=[32m&quot;1920&quot;[39m
        [36m/&gt;[39m
        [36m&lt;g&gt;[39m
          [36m&lt;circle[39m
            [33mcx[39m=[32m&quot;220&quot;[39m
            [33mcy[39m=[32m&quot;180&quot;[39m
            [33mfill[39m=[32m&quot;#e6f6ff&quot;[39m
            [33mopacity[39m=[32m&quot;0.08&quot;[39m
            [33mr[39m=[32m&quot;1.2&quot;[39m
          [36m/&gt;[39m
          [36m&lt;circle[39m
            [33mcx[39m=[32m&quot;430&quot;[39m
            [33mcy[39m=[32m&quot;400&quot;[39m
            [33mfill[39m=[32m&quot;#36d1fe&quot;[39m
            [33mopacity[39m=[32m&quot;0.11&quot;[39m
            [33mr[39m=[32m&quot;1.6&quot;[39m
          [36m/&gt;[39m
          [36m&lt;circle[39m
            [33mcx[39m=[32m&quot;1520&quot;[39m
            [33mcy[39m=[32m&quot;250&quot;[39m
            [33mfill[39m=[32m&quot;#e6f6ff&quot;[39m
            [33mopacity[39m=[32m&quot;0.08&quot;[39m
            [33mr[39m=[32m&quot;1&quot;[39m
          [36m/&gt;[39m
          [36m&lt;circle[39m
            [33mcx[39m=[32m&quot;770&quot;[39m
            [33mcy[39m=[32m&quot;850&quot;[39m
            [33mfill[39m=[32m&quot;#00f0ff&quot;[39m
            [33mopacity[39m=[32m&quot;0.09&quot;[39m
            [33mr[39m=[32m&quot;0.7&quot;[39m
          [36m/&gt;[39m
          [36m&lt;circle[39m
            [33mcx[39m=[32m&quot;1430&quot;[39m
            [33mcy[39m=[32m&quot;960&quot;[39m
            [33mfill[39m=[32m&quot;#e6f6ff&quot;[39m
            [33mopacity[39m=[32m&quot;0.07&quot;[39m
            [33mr[39m=[32m&quot;1.4&quot;[39m
          [36m/&gt;[39m
          [36m&lt;circle[39m
            [33mcx[39m=[32m&quot;1190&quot;[39m
            [33mcy[39m=[32m&quot;780&quot;[39m
            [33mfill[39m=[32m&quot;#36d1fe&quot;[39m
            [33mopacity[39m=[32m&quot;0.13&quot;[39m
            [33mr[39m=[32m&quot;1.1&quot;[39m
          [36m/&gt;[39m
        [36m&lt;/g&gt;[39m
      [36m&lt;/svg&gt;[39m
      [36m&lt;div[39m
        [33mclass[39m=[32m&quot;relative z-10 flex flex-col min-h-screen w-full&quot;[39m
      [36m&gt;[39m
        [36m&lt;header[39m
          [33mclass[39m=[32m&quot;w-full flex items-center justify-between p-4 &quot;[39m
        [36m&gt;[39m
          [36m&lt;div[39m
            [33mclass[39m=[32m&quot;cursor-pointer hover:scale-105 transition-transform duration-300&quot;[39m
          [36m&gt;[39m
            [36m&lt;div[39m
              [33mclass[39m=[32m&quot;flex flex-col items-center space-y-2 &quot;[39m
            [36m&gt;[39m
              [36m&lt;h1[39m
                [33mclass[39m=[32m&quot;select-none&quot;[39m
                [33mid[39m=[32m&quot;hero-logo&quot;[39m
                [33mstyle[39m=[32m&quot;font-family: Manrope, \&quot;Inter\&quot;, Helvetica Neue, sans-serif; font-weight: 800; font-size: clamp(1.4rem, 3vw, 2.5rem); letter-spacing: 0.05em; line-height: 1.06; color: rgb(255, 255, 255); text-shadow: 0 0 5px rgba(54, 209, 254, 0.8); margin-bottom: 0px; display: flex;&quot;[39m
              [36m&gt;[39m
                [36m&lt;span[39m
                  [33mstyle[39m=[32m&quot;color: rgb(255, 255, 255);&quot;[39m
                [36m&gt;[39m
                  [0mCanAI[0m
                [36m&lt;/span&gt;[39m
                [36m&lt;span[39m
                  [33mstyle[39m=[32m&quot;background: linear-gradient(to right, #36d1fe, #07c3fb); background-clip: text; -webkit-text-fill-color: transparent; color: transparent; margin-left: 0.09em; font-weight: 800; filter: drop-shadow(0 0 10px #36d1fe88); display: inline-block;&quot;[39m
                [36m&gt;[39m
                  [0m.so[0m
                [36m&lt;/span&gt;[39m
              [36m&lt;/h1&gt;[39m
            [36m&lt;/div&gt;[39m
          [36m&lt;/div&gt;[39m
          [36m&lt;div[39m
            [33mclass[39m=[32m&quot;flex items-center gap-4&quot;[39m
          [36m&gt;[39m
            [36m&lt;button[39m
              [33mclass[39m=[32m&quot;
              text-[#cce7fa] 
              hover:text-white 
              font-manrope 
              font-medium 
              text-sm 
              px-4 py-2 
              rounded-lg 
              border border-[rgba(54,209,254,0.3)]
              hover:border-[#36d1fe]
              transition-all 
              duration-200
              hover:bg-[rgba(54,209,254,0.1)]
            &quot;[39m
            [36m&gt;[39m
              [0m← Back[0m
            [36m&lt;/button&gt;[39m
          [36m&lt;/div&gt;[39m
        [36m&lt;/header&gt;[39m
        [36m&lt;div[39m
          [33mclass[39m=[32m&quot;flex-1 px-3 sm:px-4 py-4 sm:py-8 max-w-6xl mx-auto w-full&quot;[39m
        [36m&gt;[39m
          [36m&lt;div[39m
            [33mclass[39m=[32m&quot;text-center mb-6 sm:mb-8 animate-fade-in&quot;[39m
          [36m&gt;[39m
            [36m&lt;h1[39m
              [33mclass[39m=[32m&quot;md:text-5xl font-bold text-white font-playfair tracking-tight drop-shadow-[0_2px_10px_rgba(0,0,0,0.3)] mb-2 sm:mb-4 text-2xl sm:text-3xl lg:text-4xl px-2&quot;[39m
            [36m&gt;[39m
              [0mSocial Email[0m
              [0m [0m
              [0mGeneration[0m
            [36m&lt;/h1&gt;[39m
            [36m&lt;p[39m
              [33mclass[39m=[32m&quot;md:text-lg text-[#E6F6FF] font-manrope text-lg sm:text-xl px-2&quot;[39m
            [36m&gt;[39m
              [0mCreating personalized deliverable for[0m
              [0m [0m
              [0mSprinkle Haven Bakery[0m
            [36m&lt;/p&gt;[39m
          [36m&lt;/div&gt;[39m
          [36m&lt;div[39m
            [33mclass[39m=[32m&quot;rounded-3xl border-2 transition-all duration-300 overflow-hidden relative backdrop-blur-md shadow-[0_0_30px_rgba(54,209,254,0.2)] text-white p-8 hover:shadow-[0_0_60px_rgba(54,209,254,0.5)] hover:scale-[1.02] hover:border-[#36d1fe] bg-red-500/20 border-red-500/40 max-w-3xl mx-auto&quot;[39m
          [36m&gt;[39m
            [36m&lt;div[39m
              [33mclass[39m=[32m&quot;w-full h-full break-words overflow-hidden word-wrap text-white&quot;[39m
            [36m&gt;[39m
              [36m&lt;div[39m
                [33mclass[39m=[32m&quot;flex flex-col sm:flex-row sm:items-center gap-3 sm:gap-4 text-red-200 mb-4 sm:mb-6&quot;[39m
              [36m&gt;[39m
                [36m&lt;svg[39m
                  [33maria-hidden[39m=[32m&quot;true&quot;[39m
                  [33mclass[39m=[32m&quot;lucide lucide-circle-alert w-6 h-6 sm:w-8 sm:h-8 mx-auto sm:mx-0&quot;[39m
                  [33mfill[39m=[32m&quot;none&quot;[39m
                  [33mheight[39m=[32m&quot;24&quot;[39m
                  [33mstroke[39m=[32m&quot;currentColor&quot;[39m
                  [33mstroke-linecap[39m=[32m&quot;round&quot;[39m
                  [33mstroke-linejoin[39m=[32m&quot;round&quot;[39m
                  [33mstroke-width[39m=[32m&quot;2&quot;[39m
                  [33mviewBox[39m=[32m&quot;0 0 24 24&quot;[39m
                  [33mwidth[39m=[32m&quot;24&quot;[39m
                  [33mxmlns[39m=[32m&quot;http://www.w3.org/2000/svg&quot;[39m
                [36m&gt;[39m
                  [36m&lt;circle[39m
                    [33mcx[39m=[32m&quot;12&quot;[39m
                    [33mcy[39m=[32m&quot;12&quot;[39m
                    [33mr[39m=[32m&quot;10&quot;[39m
                  [36m/&gt;[39m
                  [36m&lt;line[39m
                    [33mx1[39m=[32m&quot;12&quot;[39m
                    [33mx2[39m=[32m&quot;12&quot;[39m
                    [33my1[39m=[32m&quot;8&quot;[39m
                    [33my2[39m=[32m&quot;12&quot;[39m
                  [36m/&gt;[39m
                  [36m&lt;line[39m
                    [33mx1[39m=[32m&quot;12&quot;[39m
                    [33mx2[39m=[32m&quot;12.01&quot;[39m
                    [33my1[39m=[32m&quot;16&quot;[39m
                    [33my2[39m=[32m&quot;16&quot;[39m
                  [36m/&gt;[39m
                [36m&lt;/svg&gt;[39m
                [36m&lt;div[39m
                  [33mclass[39m=[32m&quot;text-center sm:text-left&quot;[39m
                [36m&gt;[39m
                  [36m&lt;h3[39m
                    [33mclass[39m=[32m&quot;md:text-2xl font-bold font-playfair tracking-tight drop-shadow-[0_1px_6px_rgba(0,0,0,0.3)] text-red-300 text-lg sm:text-xl&quot;[39m
                  [36m&gt;[39m
                    [0mGeneration Error[0m
                  [36m&lt;/h3&gt;[39m
                  [36m&lt;p[39m
                    [33mclass[39m=[32m&quot;md:text-lg text-[#E6F6FF] font-manrope opacity-75 text-sm sm:text-base&quot;[39m
                  [36m&gt;[39m
                    [0mGeneration failed. Please try again.[0m
                  [36m&lt;/p&gt;[39m
                [36m&lt;/div&gt;[39m
              [36m&lt;/div&gt;[39m
              [36m&lt;button[39m
                [33mclass[39m=[32m&quot;inline-flex items-center justify-center text-sm font-medium ring-offset-background transition-colors focus-visible:outline-none focus-visible:ring-2 focus-visible:ring-ring focus-visible:ring-offset-2 disabled:pointer-events-none disabled:opacity-50 border bg-background hover:text-accent-foreground h-9 rounded-md px-3 border-red-400 text-red-200 hover:bg-red-500/20 w-full sm:w-auto&quot;[39m
              [36m&gt;[39m
                [0mRetry Generation[0m
              [36m&lt;/button&gt;[39m
            [36m&lt;/div&gt;[39m
          [36m&lt;/div&gt;[39m
        [36m&lt;/div&gt;[39m
      [36m&lt;/div&gt;[39m
    [36m&lt;/div&gt;[39m
  [36m&lt;/div&gt;[39m
[36m&lt;/body&gt;[39m" type="TestingLibraryElementError">
TestingLibraryElementError: Unable to find an element with the text: /Social Media &amp; Email Campaign Package/i. This could be because the text is broken up by multiple elements. In this case, you can provide a function for your text matcher to make your matcher more flexible.

Ignored nodes: comments, script, style
&lt;body&gt;
  &lt;div&gt;
    &lt;div
      class=&quot;min-h-screen w-full flex flex-col &quot;
      style=&quot;background: radial-gradient(ellipse at 55% 24%, #152647 0%, #091023 65%, #052947 100%); background-color: rgb(10, 21, 53); position: relative; overflow: hidden;&quot;
    &gt;
      &lt;svg
        class=&quot;absolute inset-0 w-full h-full pointer-events-none opacity-60&quot;
        preserveAspectRatio=&quot;none&quot;
        style=&quot;z-index: 0;&quot;
        viewBox=&quot;0 0 1920 1080&quot;
      &gt;
        &lt;defs&gt;
          &lt;radialgradient
            cx=&quot;55%&quot;
            cy=&quot;25%&quot;
            id=&quot;spotlight&quot;
            r=&quot;0.7&quot;
          &gt;
            &lt;stop
              offset=&quot;0%&quot;
              stop-color=&quot;#36d1fe22&quot;
            /&gt;
            &lt;stop
              offset=&quot;70%&quot;
              stop-color=&quot;transparent&quot;
            /&gt;
          &lt;/radialgradient&gt;
        &lt;/defs&gt;
        &lt;rect
          fill=&quot;url(#spotlight)&quot;
          height=&quot;1080&quot;
          width=&quot;1920&quot;
        /&gt;
        &lt;g&gt;
          &lt;circle
            cx=&quot;220&quot;
            cy=&quot;180&quot;
            fill=&quot;#e6f6ff&quot;
            opacity=&quot;0.08&quot;
            r=&quot;1.2&quot;
          /&gt;
          &lt;circle
            cx=&quot;430&quot;
            cy=&quot;400&quot;
            fill=&quot;#36d1fe&quot;
            opacity=&quot;0.11&quot;
            r=&quot;1.6&quot;
          /&gt;
          &lt;circle
            cx=&quot;1520&quot;
            cy=&quot;250&quot;
            fill=&quot;#e6f6ff&quot;
            opacity=&quot;0.08&quot;
            r=&quot;1&quot;
          /&gt;
          &lt;circle
            cx=&quot;770&quot;
            cy=&quot;850&quot;
            fill=&quot;#00f0ff&quot;
            opacity=&quot;0.09&quot;
            r=&quot;0.7&quot;
          /&gt;
          &lt;circle
            cx=&quot;1430&quot;
            cy=&quot;960&quot;
            fill=&quot;#e6f6ff&quot;
            opacity=&quot;0.07&quot;
            r=&quot;1.4&quot;
          /&gt;
          &lt;circle
            cx=&quot;1190&quot;
            cy=&quot;780&quot;
            fill=&quot;#36d1fe&quot;
            opacity=&quot;0.13&quot;
            r=&quot;1.1&quot;
          /&gt;
        &lt;/g&gt;
      &lt;/svg&gt;
      &lt;div
        class=&quot;relative z-10 flex flex-col min-h-screen w-full&quot;
      &gt;
        &lt;header
          class=&quot;w-full flex items-center justify-between p-4 &quot;
        &gt;
          &lt;div
            class=&quot;cursor-pointer hover:scale-105 transition-transform duration-300&quot;
          &gt;
            &lt;div
              class=&quot;flex flex-col items-center space-y-2 &quot;
            &gt;
              &lt;h1
                class=&quot;select-none&quot;
                id=&quot;hero-logo&quot;
                style=&quot;font-family: Manrope, \&quot;Inter\&quot;, Helvetica Neue, sans-serif; font-weight: 800; font-size: clamp(1.4rem, 3vw, 2.5rem); letter-spacing: 0.05em; line-height: 1.06; color: rgb(255, 255, 255); text-shadow: 0 0 5px rgba(54, 209, 254, 0.8); margin-bottom: 0px; display: flex;&quot;
              &gt;
                &lt;span
                  style=&quot;color: rgb(255, 255, 255);&quot;
                &gt;
                  CanAI
                &lt;/span&gt;
                &lt;span
                  style=&quot;background: linear-gradient(to right, #36d1fe, #07c3fb); background-clip: text; -webkit-text-fill-color: transparent; color: transparent; margin-left: 0.09em; font-weight: 800; filter: drop-shadow(0 0 10px #36d1fe88); display: inline-block;&quot;
                &gt;
                  .so
                &lt;/span&gt;
              &lt;/h1&gt;
            &lt;/div&gt;
          &lt;/div&gt;
          &lt;div
            class=&quot;flex items-center gap-4&quot;
          &gt;
            &lt;button
              class=&quot;
              text-[#cce7fa] 
              hover:text-white 
              font-manrope 
              font-medium 
              text-sm 
              px-4 py-2 
              rounded-lg 
              border border-[rgba(54,209,254,0.3)]
              hover:border-[#36d1fe]
              transition-all 
              duration-200
              hover:bg-[rgba(54,209,254,0.1)]
            &quot;
            &gt;
              ← Back
            &lt;/button&gt;
          &lt;/div&gt;
        &lt;/header&gt;
        &lt;div
          class=&quot;flex-1 px-3 sm:px-4 py-4 sm:py-8 max-w-6xl mx-auto w-full&quot;
        &gt;
          &lt;div
            class=&quot;text-center mb-6 sm:mb-8 animate-fade-in&quot;
          &gt;
            &lt;h1
              class=&quot;md:text-5xl font-bold text-white font-playfair tracking-tight drop-shadow-[0_2px_10px_rgba(0,0,0,0.3)] mb-2 sm:mb-4 text-2xl sm:text-3xl lg:text-4xl px-2&quot;
            &gt;
              Social Email
               
              Generation
            &lt;/h1&gt;
            &lt;p
              class=&quot;md:text-lg text-[#E6F6FF] font-manrope text-lg sm:text-xl px-2&quot;
            &gt;
              Creating personalized deliverable for
               
              Sprinkle Haven Bakery
            &lt;/p&gt;
          &lt;/div&gt;
          &lt;div
            class=&quot;rounded-3xl border-2 transition-all duration-300 overflow-hidden relative backdrop-blur-md shadow-[0_0_30px_rgba(54,209,254,0.2)] text-white p-8 hover:shadow-[0_0_60px_rgba(54,209,254,0.5)] hover:scale-[1.02] hover:border-[#36d1fe] bg-red-500/20 border-red-500/40 max-w-3xl mx-auto&quot;
          &gt;
            &lt;div
              class=&quot;w-full h-full break-words overflow-hidden word-wrap text-white&quot;
            &gt;
              &lt;div
                class=&quot;flex flex-col sm:flex-row sm:items-center gap-3 sm:gap-4 text-red-200 mb-4 sm:mb-6&quot;
              &gt;
                &lt;svg
                  aria-hidden=&quot;true&quot;
                  class=&quot;lucide lucide-circle-alert w-6 h-6 sm:w-8 sm:h-8 mx-auto sm:mx-0&quot;
                  fill=&quot;none&quot;
                  height=&quot;24&quot;
                  stroke=&quot;currentColor&quot;
                  stroke-linecap=&quot;round&quot;
                  stroke-linejoin=&quot;round&quot;
                  stroke-width=&quot;2&quot;
                  viewBox=&quot;0 0 24 24&quot;
                  width=&quot;24&quot;
                  xmlns=&quot;http://www.w3.org/2000/svg&quot;
                &gt;
                  &lt;circle
                    cx=&quot;12&quot;
                    cy=&quot;12&quot;
                    r=&quot;10&quot;
                  /&gt;
                  &lt;line
                    x1=&quot;12&quot;
                    x2=&quot;12&quot;
                    y1=&quot;8&quot;
                    y2=&quot;12&quot;
                  /&gt;
                  &lt;line
                    x1=&quot;12&quot;
                    x2=&quot;12.01&quot;
                    y1=&quot;16&quot;
                    y2=&quot;16&quot;
                  /&gt;
                &lt;/svg&gt;
                &lt;div
                  class=&quot;text-center sm:text-left&quot;
                &gt;
                  &lt;h3
                    class=&quot;md:text-2xl font-bold font-playfair tracking-tight drop-shadow-[0_1px_6px_rgba(0,0,0,0.3)] text-red-300 text-lg sm:text-xl&quot;
                  &gt;
                    Generation Error
                  &lt;/h3&gt;
                  &lt;p
                    class=&quot;md:text-lg text-[#E6F6FF] font-manrope opacity-75 text-sm sm:text-base&quot;
                  &gt;
                    Generation failed. Please try again.
                  &lt;/p&gt;
                &lt;/div&gt;
              &lt;/div&gt;
              &lt;button
                class=&quot;inline-flex items-center justify-center text-sm font-medium ring-offset-background transition-colors focus-visible:outline-none focus-visible:ring-2 focus-visible:ring-ring focus-visible:ring-offset-2 disabled:pointer-events-none disabled:opacity-50 border bg-background hover:text-accent-foreground h-9 rounded-md px-3 border-red-400 text-red-200 hover:bg-red-500/20 w-full sm:w-auto&quot;
              &gt;
                Retry Generation
              &lt;/button&gt;
            &lt;/div&gt;
          &lt;/div&gt;
        &lt;/div&gt;
      &lt;/div&gt;
    &lt;/div&gt;
  &lt;/div&gt;
&lt;/body&gt;

Ignored nodes: comments, script, style
&lt;body&gt;
  &lt;div&gt;
    &lt;div
      class=&quot;min-h-screen w-full flex flex-col &quot;
      style=&quot;background: radial-gradient(ellipse at 55% 24%, #152647 0%, #091023 65%, #052947 100%); background-color: rgb(10, 21, 53); position: relative; overflow: hidden;&quot;
    &gt;
      &lt;svg
        class=&quot;absolute inset-0 w-full h-full pointer-events-none opacity-60&quot;
        preserveAspectRatio=&quot;none&quot;
        style=&quot;z-index: 0;&quot;
        viewBox=&quot;0 0 1920 1080&quot;
      &gt;
        &lt;defs&gt;
          &lt;radialgradient
            cx=&quot;55%&quot;
            cy=&quot;25%&quot;
            id=&quot;spotlight&quot;
            r=&quot;0.7&quot;
          &gt;
            &lt;stop
              offset=&quot;0%&quot;
              stop-color=&quot;#36d1fe22&quot;
            /&gt;
            &lt;stop
              offset=&quot;70%&quot;
              stop-color=&quot;transparent&quot;
            /&gt;
          &lt;/radialgradient&gt;
        &lt;/defs&gt;
        &lt;rect
          fill=&quot;url(#spotlight)&quot;
          height=&quot;1080&quot;
          width=&quot;1920&quot;
        /&gt;
        &lt;g&gt;
          &lt;circle
            cx=&quot;220&quot;
            cy=&quot;180&quot;
            fill=&quot;#e6f6ff&quot;
            opacity=&quot;0.08&quot;
            r=&quot;1.2&quot;
          /&gt;
          &lt;circle
            cx=&quot;430&quot;
            cy=&quot;400&quot;
            fill=&quot;#36d1fe&quot;
            opacity=&quot;0.11&quot;
            r=&quot;1.6&quot;
          /&gt;
          &lt;circle
            cx=&quot;1520&quot;
            cy=&quot;250&quot;
            fill=&quot;#e6f6ff&quot;
            opacity=&quot;0.08&quot;
            r=&quot;1&quot;
          /&gt;
          &lt;circle
            cx=&quot;770&quot;
            cy=&quot;850&quot;
            fill=&quot;#00f0ff&quot;
            opacity=&quot;0.09&quot;
            r=&quot;0.7&quot;
          /&gt;
          &lt;circle
            cx=&quot;1430&quot;
            cy=&quot;960&quot;
            fill=&quot;#e6f6ff&quot;
            opacity=&quot;0.07&quot;
            r=&quot;1.4&quot;
          /&gt;
          &lt;circle
            cx=&quot;1190&quot;
            cy=&quot;780&quot;
            fill=&quot;#36d1fe&quot;
            opacity=&quot;0.13&quot;
            r=&quot;1.1&quot;
          /&gt;
        &lt;/g&gt;
      &lt;/svg&gt;
      &lt;div
        class=&quot;relative z-10 flex flex-col min-h-screen w-full&quot;
      &gt;
        &lt;header
          class=&quot;w-full flex items-center justify-between p-4 &quot;
        &gt;
          &lt;div
            class=&quot;cursor-pointer hover:scale-105 transition-transform duration-300&quot;
          &gt;
            &lt;div
              class=&quot;flex flex-col items-center space-y-2 &quot;
            &gt;
              &lt;h1
                class=&quot;select-none&quot;
                id=&quot;hero-logo&quot;
                style=&quot;font-family: Manrope, \&quot;Inter\&quot;, Helvetica Neue, sans-serif; font-weight: 800; font-size: clamp(1.4rem, 3vw, 2.5rem); letter-spacing: 0.05em; line-height: 1.06; color: rgb(255, 255, 255); text-shadow: 0 0 5px rgba(54, 209, 254, 0.8); margin-bottom: 0px; display: flex;&quot;
              &gt;
                &lt;span
                  style=&quot;color: rgb(255, 255, 255);&quot;
                &gt;
                  CanAI
                &lt;/span&gt;
                &lt;span
                  style=&quot;background: linear-gradient(to right, #36d1fe, #07c3fb); background-clip: text; -webkit-text-fill-color: transparent; color: transparent; margin-left: 0.09em; font-weight: 800; filter: drop-shadow(0 0 10px #36d1fe88); display: inline-block;&quot;
                &gt;
                  .so
                &lt;/span&gt;
              &lt;/h1&gt;
            &lt;/div&gt;
          &lt;/div&gt;
          &lt;div
            class=&quot;flex items-center gap-4&quot;
          &gt;
            &lt;button
              class=&quot;
              text-[#cce7fa] 
              hover:text-white 
              font-manrope 
              font-medium 
              text-sm 
              px-4 py-2 
              rounded-lg 
              border border-[rgba(54,209,254,0.3)]
              hover:border-[#36d1fe]
              transition-all 
              duration-200
              hover:bg-[rgba(54,209,254,0.1)]
            &quot;
            &gt;
              ← Back
            &lt;/button&gt;
          &lt;/div&gt;
        &lt;/header&gt;
        &lt;div
          class=&quot;flex-1 px-3 sm:px-4 py-4 sm:py-8 max-w-6xl mx-auto w-full&quot;
        &gt;
          &lt;div
            class=&quot;text-center mb-6 sm:mb-8 animate-fade-in&quot;
          &gt;
            &lt;h1
              class=&quot;md:text-5xl font-bold text-white font-playfair tracking-tight drop-shadow-[0_2px_10px_rgba(0,0,0,0.3)] mb-2 sm:mb-4 text-2xl sm:text-3xl lg:text-4xl px-2&quot;
            &gt;
              Social Email
               
              Generation
            &lt;/h1&gt;
            &lt;p
              class=&quot;md:text-lg text-[#E6F6FF] font-manrope text-lg sm:text-xl px-2&quot;
            &gt;
              Creating personalized deliverable for
               
              Sprinkle Haven Bakery
            &lt;/p&gt;
          &lt;/div&gt;
          &lt;div
            class=&quot;rounded-3xl border-2 transition-all duration-300 overflow-hidden relative backdrop-blur-md shadow-[0_0_30px_rgba(54,209,254,0.2)] text-white p-8 hover:shadow-[0_0_60px_rgba(54,209,254,0.5)] hover:scale-[1.02] hover:border-[#36d1fe] bg-red-500/20 border-red-500/40 max-w-3xl mx-auto&quot;
          &gt;
            &lt;div
              class=&quot;w-full h-full break-words overflow-hidden word-wrap text-white&quot;
            &gt;
              &lt;div
                class=&quot;flex flex-col sm:flex-row sm:items-center gap-3 sm:gap-4 text-red-200 mb-4 sm:mb-6&quot;
              &gt;
                &lt;svg
                  aria-hidden=&quot;true&quot;
                  class=&quot;lucide lucide-circle-alert w-6 h-6 sm:w-8 sm:h-8 mx-auto sm:mx-0&quot;
                  fill=&quot;none&quot;
                  height=&quot;24&quot;
                  stroke=&quot;currentColor&quot;
                  stroke-linecap=&quot;round&quot;
                  stroke-linejoin=&quot;round&quot;
                  stroke-width=&quot;2&quot;
                  viewBox=&quot;0 0 24 24&quot;
                  width=&quot;24&quot;
                  xmlns=&quot;http://www.w3.org/2000/svg&quot;
                &gt;
                  &lt;circle
                    cx=&quot;12&quot;
                    cy=&quot;12&quot;
                    r=&quot;10&quot;
                  /&gt;
                  &lt;line
                    x1=&quot;12&quot;
                    x2=&quot;12&quot;
                    y1=&quot;8&quot;
                    y2=&quot;12&quot;
                  /&gt;
                  &lt;line
                    x1=&quot;12&quot;
                    x2=&quot;12.01&quot;
                    y1=&quot;16&quot;
                    y2=&quot;16&quot;
                  /&gt;
                &lt;/svg&gt;
                &lt;div
                  class=&quot;text-center sm:text-left&quot;
                &gt;
                  &lt;h3
                    class=&quot;md:text-2xl font-bold font-playfair tracking-tight drop-shadow-[0_1px_6px_rgba(0,0,0,0.3)] text-red-300 text-lg sm:text-xl&quot;
                  &gt;
                    Generation Error
                  &lt;/h3&gt;
                  &lt;p
                    class=&quot;md:text-lg text-[#E6F6FF] font-manrope opacity-75 text-sm sm:text-base&quot;
                  &gt;
                    Generation failed. Please try again.
                  &lt;/p&gt;
                &lt;/div&gt;
              &lt;/div&gt;
              &lt;button
                class=&quot;inline-flex items-center justify-center text-sm font-medium ring-offset-background transition-colors focus-visible:outline-none focus-visible:ring-2 focus-visible:ring-ring focus-visible:ring-offset-2 disabled:pointer-events-none disabled:opacity-50 border bg-background hover:text-accent-foreground h-9 rounded-md px-3 border-red-400 text-red-200 hover:bg-red-500/20 w-full sm:w-auto&quot;
              &gt;
                Retry Generation
              &lt;/button&gt;
            &lt;/div&gt;
          &lt;/div&gt;
        &lt;/div&gt;
      &lt;/div&gt;
    &lt;/div&gt;
  &lt;/div&gt;
&lt;/body&gt;
 ❯ waitForWrapper node_modules/@testing-library/dom/dist/wait-for.js:163:27
 ❯ node_modules/@testing-library/dom/dist/query-helpers.js:86:33
 ❯ frontend/src/tests/DeliverableGeneration.test.tsx:293:34
            </failure>
        </testcase>
        <testcase classname="frontend/src/tests/DeliverableGeneration.test.tsx" name="F7-tests: Enhanced Deliverable Generation Tests &gt; should validate SITE_AUDIT length and structure (300-400 words audit + 100-150 words recommendations)" time="10.0827735">
            <system-out>
[DeliverableGeneration] Page loaded, starting generation process
[DeliverableGeneration] Starting deliverable generation

            </system-out>
            <system-err>
[DeliverableGeneration] Generation failed: ReferenceError: step is not defined
    at [90mC:\Projects\canai-platform\[39mfrontend\src\pages\DeliverableGeneration.tsx:159:37
    at [90mC:\Projects\canai-platform\[39mfrontend\src\pages\DeliverableGeneration.tsx:233:5
    at commitHookEffectListMount [90m(C:\Projects\canai-platform\[39mnode_modules\[4mreact-dom[24m\cjs\react-dom.development.js:23189:26[90m)[39m
    at commitPassiveMountOnFiber [90m(C:\Projects\canai-platform\[39mnode_modules\[4mreact-dom[24m\cjs\react-dom.development.js:24970:11[90m)[39m
    at commitPassiveMountEffects_complete [90m(C:\Projects\canai-platform\[39mnode_modules\[4mreact-dom[24m\cjs\react-dom.development.js:24930:9[90m)[39m
    at commitPassiveMountEffects_begin [90m(C:\Projects\canai-platform\[39mnode_modules\[4mreact-dom[24m\cjs\react-dom.development.js:24917:7[90m)[39m
    at commitPassiveMountEffects [90m(C:\Projects\canai-platform\[39mnode_modules\[4mreact-dom[24m\cjs\react-dom.development.js:24905:3[90m)[39m
    at flushPassiveEffectsImpl [90m(C:\Projects\canai-platform\[39mnode_modules\[4mreact-dom[24m\cjs\react-dom.development.js:27078:3[90m)[39m
    at flushPassiveEffects [90m(C:\Projects\canai-platform\[39mnode_modules\[4mreact-dom[24m\cjs\react-dom.development.js:27023:14[90m)[39m
    at [90mC:\Projects\canai-platform\[39mnode_modules\[4mreact-dom[24m\cjs\react-dom.development.js:26808:9

[DeliverableGeneration] Global timeout reached, exiting generation loop

            </system-err>
            <failure message="Unable to find an element with the text: /Website Audit Report/i. This could be because the text is broken up by multiple elements. In this case, you can provide a function for your text matcher to make your matcher more flexible.

Ignored nodes: comments, script, style
[36m&lt;body&gt;[39m
  [36m&lt;div&gt;[39m
    [36m&lt;div[39m
      [33mclass[39m=[32m&quot;min-h-screen w-full flex flex-col &quot;[39m
      [33mstyle[39m=[32m&quot;background: radial-gradient(ellipse at 55% 24%, #152647 0%, #091023 65%, #052947 100%); background-color: rgb(10, 21, 53); position: relative; overflow: hidden;&quot;[39m
    [36m&gt;[39m
      [36m&lt;svg[39m
        [33mclass[39m=[32m&quot;absolute inset-0 w-full h-full pointer-events-none opacity-60&quot;[39m
        [33mpreserveAspectRatio[39m=[32m&quot;none&quot;[39m
        [33mstyle[39m=[32m&quot;z-index: 0;&quot;[39m
        [33mviewBox[39m=[32m&quot;0 0 1920 1080&quot;[39m
      [36m&gt;[39m
        [36m&lt;defs&gt;[39m
          [36m&lt;radialgradient[39m
            [33mcx[39m=[32m&quot;55%&quot;[39m
            [33mcy[39m=[32m&quot;25%&quot;[39m
            [33mid[39m=[32m&quot;spotlight&quot;[39m
            [33mr[39m=[32m&quot;0.7&quot;[39m
          [36m&gt;[39m
            [36m&lt;stop[39m
              [33moffset[39m=[32m&quot;0%&quot;[39m
              [33mstop-color[39m=[32m&quot;#36d1fe22&quot;[39m
            [36m/&gt;[39m
            [36m&lt;stop[39m
              [33moffset[39m=[32m&quot;70%&quot;[39m
              [33mstop-color[39m=[32m&quot;transparent&quot;[39m
            [36m/&gt;[39m
          [36m&lt;/radialgradient&gt;[39m
        [36m&lt;/defs&gt;[39m
        [36m&lt;rect[39m
          [33mfill[39m=[32m&quot;url(#spotlight)&quot;[39m
          [33mheight[39m=[32m&quot;1080&quot;[39m
          [33mwidth[39m=[32m&quot;1920&quot;[39m
        [36m/&gt;[39m
        [36m&lt;g&gt;[39m
          [36m&lt;circle[39m
            [33mcx[39m=[32m&quot;220&quot;[39m
            [33mcy[39m=[32m&quot;180&quot;[39m
            [33mfill[39m=[32m&quot;#e6f6ff&quot;[39m
            [33mopacity[39m=[32m&quot;0.08&quot;[39m
            [33mr[39m=[32m&quot;1.2&quot;[39m
          [36m/&gt;[39m
          [36m&lt;circle[39m
            [33mcx[39m=[32m&quot;430&quot;[39m
            [33mcy[39m=[32m&quot;400&quot;[39m
            [33mfill[39m=[32m&quot;#36d1fe&quot;[39m
            [33mopacity[39m=[32m&quot;0.11&quot;[39m
            [33mr[39m=[32m&quot;1.6&quot;[39m
          [36m/&gt;[39m
          [36m&lt;circle[39m
            [33mcx[39m=[32m&quot;1520&quot;[39m
            [33mcy[39m=[32m&quot;250&quot;[39m
            [33mfill[39m=[32m&quot;#e6f6ff&quot;[39m
            [33mopacity[39m=[32m&quot;0.08&quot;[39m
            [33mr[39m=[32m&quot;1&quot;[39m
          [36m/&gt;[39m
          [36m&lt;circle[39m
            [33mcx[39m=[32m&quot;770&quot;[39m
            [33mcy[39m=[32m&quot;850&quot;[39m
            [33mfill[39m=[32m&quot;#00f0ff&quot;[39m
            [33mopacity[39m=[32m&quot;0.09&quot;[39m
            [33mr[39m=[32m&quot;0.7&quot;[39m
          [36m/&gt;[39m
          [36m&lt;circle[39m
            [33mcx[39m=[32m&quot;1430&quot;[39m
            [33mcy[39m=[32m&quot;960&quot;[39m
            [33mfill[39m=[32m&quot;#e6f6ff&quot;[39m
            [33mopacity[39m=[32m&quot;0.07&quot;[39m
            [33mr[39m=[32m&quot;1.4&quot;[39m
          [36m/&gt;[39m
          [36m&lt;circle[39m
            [33mcx[39m=[32m&quot;1190&quot;[39m
            [33mcy[39m=[32m&quot;780&quot;[39m
            [33mfill[39m=[32m&quot;#36d1fe&quot;[39m
            [33mopacity[39m=[32m&quot;0.13&quot;[39m
            [33mr[39m=[32m&quot;1.1&quot;[39m
          [36m/&gt;[39m
        [36m&lt;/g&gt;[39m
      [36m&lt;/svg&gt;[39m
      [36m&lt;div[39m
        [33mclass[39m=[32m&quot;relative z-10 flex flex-col min-h-screen w-full&quot;[39m
      [36m&gt;[39m
        [36m&lt;header[39m
          [33mclass[39m=[32m&quot;w-full flex items-center justify-between p-4 &quot;[39m
        [36m&gt;[39m
          [36m&lt;div[39m
            [33mclass[39m=[32m&quot;cursor-pointer hover:scale-105 transition-transform duration-300&quot;[39m
          [36m&gt;[39m
            [36m&lt;div[39m
              [33mclass[39m=[32m&quot;flex flex-col items-center space-y-2 &quot;[39m
            [36m&gt;[39m
              [36m&lt;h1[39m
                [33mclass[39m=[32m&quot;select-none&quot;[39m
                [33mid[39m=[32m&quot;hero-logo&quot;[39m
                [33mstyle[39m=[32m&quot;font-family: Manrope, \&quot;Inter\&quot;, Helvetica Neue, sans-serif; font-weight: 800; font-size: clamp(1.4rem, 3vw, 2.5rem); letter-spacing: 0.05em; line-height: 1.06; color: rgb(255, 255, 255); text-shadow: 0 0 5px rgba(54, 209, 254, 0.8); margin-bottom: 0px; display: flex;&quot;[39m
              [36m&gt;[39m
                [36m&lt;span[39m
                  [33mstyle[39m=[32m&quot;color: rgb(255, 255, 255);&quot;[39m
                [36m&gt;[39m
                  [0mCanAI[0m
                [36m&lt;/span&gt;[39m
                [36m&lt;span[39m
                  [33mstyle[39m=[32m&quot;background: linear-gradient(to right, #36d1fe, #07c3fb); background-clip: text; -webkit-text-fill-color: transparent; color: transparent; margin-left: 0.09em; font-weight: 800; filter: drop-shadow(0 0 10px #36d1fe88); display: inline-block;&quot;[39m
                [36m&gt;[39m
                  [0m.so[0m
                [36m&lt;/span&gt;[39m
              [36m&lt;/h1&gt;[39m
            [36m&lt;/div&gt;[39m
          [36m&lt;/div&gt;[39m
          [36m&lt;div[39m
            [33mclass[39m=[32m&quot;flex items-center gap-4&quot;[39m
          [36m&gt;[39m
            [36m&lt;button[39m
              [33mclass[39m=[32m&quot;
              text-[#cce7fa] 
              hover:text-white 
              font-manrope 
              font-medium 
              text-sm 
              px-4 py-2 
              rounded-lg 
              border border-[rgba(54,209,254,0.3)]
              hover:border-[#36d1fe]
              transition-all 
              duration-200
              hover:bg-[rgba(54,209,254,0.1)]
            &quot;[39m
            [36m&gt;[39m
              [0m← Back[0m
            [36m&lt;/button&gt;[39m
          [36m&lt;/div&gt;[39m
        [36m&lt;/header&gt;[39m
        [36m&lt;div[39m
          [33mclass[39m=[32m&quot;flex-1 px-3 sm:px-4 py-4 sm:py-8 max-w-6xl mx-auto w-full&quot;[39m
        [36m&gt;[39m
          [36m&lt;div[39m
            [33mclass[39m=[32m&quot;text-center mb-6 sm:mb-8 animate-fade-in&quot;[39m
          [36m&gt;[39m
            [36m&lt;h1[39m
              [33mclass[39m=[32m&quot;md:text-5xl font-bold text-white font-playfair tracking-tight drop-shadow-[0_2px_10px_rgba(0,0,0,0.3)] mb-2 sm:mb-4 text-2xl sm:text-3xl lg:text-4xl px-2&quot;[39m
            [36m&gt;[39m
              [0mSite Audit[0m
              [0m [0m
              [0mGeneration[0m
            [36m&lt;/h1&gt;[39m
            [36m&lt;p[39m
              [33mclass[39m=[32m&quot;md:text-lg text-[#E6F6FF] font-manrope text-lg sm:text-xl px-2&quot;[39m
            [36m&gt;[39m
              [0mCreating personalized deliverable for[0m
              [0m [0m
              [0mSprinkle Haven Bakery[0m
            [36m&lt;/p&gt;[39m
          [36m&lt;/div&gt;[39m
          [36m&lt;div[39m
            [33mclass[39m=[32m&quot;rounded-3xl border-2 transition-all duration-300 overflow-hidden relative backdrop-blur-md shadow-[0_0_30px_rgba(54,209,254,0.2)] text-white p-8 hover:shadow-[0_0_60px_rgba(54,209,254,0.5)] hover:scale-[1.02] hover:border-[#36d1fe] bg-red-500/20 border-red-500/40 max-w-3xl mx-auto&quot;[39m
          [36m&gt;[39m
            [36m&lt;div[39m
              [33mclass[39m=[32m&quot;w-full h-full break-words overflow-hidden word-wrap text-white&quot;[39m
            [36m&gt;[39m
              [36m&lt;div[39m
                [33mclass[39m=[32m&quot;flex flex-col sm:flex-row sm:items-center gap-3 sm:gap-4 text-red-200 mb-4 sm:mb-6&quot;[39m
              [36m&gt;[39m
                [36m&lt;svg[39m
                  [33maria-hidden[39m=[32m&quot;true&quot;[39m
                  [33mclass[39m=[32m&quot;lucide lucide-circle-alert w-6 h-6 sm:w-8 sm:h-8 mx-auto sm:mx-0&quot;[39m
                  [33mfill[39m=[32m&quot;none&quot;[39m
                  [33mheight[39m=[32m&quot;24&quot;[39m
                  [33mstroke[39m=[32m&quot;currentColor&quot;[39m
                  [33mstroke-linecap[39m=[32m&quot;round&quot;[39m
                  [33mstroke-linejoin[39m=[32m&quot;round&quot;[39m
                  [33mstroke-width[39m=[32m&quot;2&quot;[39m
                  [33mviewBox[39m=[32m&quot;0 0 24 24&quot;[39m
                  [33mwidth[39m=[32m&quot;24&quot;[39m
                  [33mxmlns[39m=[32m&quot;http://www.w3.org/2000/svg&quot;[39m
                [36m&gt;[39m
                  [36m&lt;circle[39m
                    [33mcx[39m=[32m&quot;12&quot;[39m
                    [33mcy[39m=[32m&quot;12&quot;[39m
                    [33mr[39m=[32m&quot;10&quot;[39m
                  [36m/&gt;[39m
                  [36m&lt;line[39m
                    [33mx1[39m=[32m&quot;12&quot;[39m
                    [33mx2[39m=[32m&quot;12&quot;[39m
                    [33my1[39m=[32m&quot;8&quot;[39m
                    [33my2[39m=[32m&quot;12&quot;[39m
                  [36m/&gt;[39m
                  [36m&lt;line[39m
                    [33mx1[39m=[32m&quot;12&quot;[39m
                    [33mx2[39m=[32m&quot;12.01&quot;[39m
                    [33my1[39m=[32m&quot;16&quot;[39m
                    [33my2[39m=[32m&quot;16&quot;[39m
                  [36m/&gt;[39m
                [36m&lt;/svg&gt;[39m
                [36m&lt;div[39m
                  [33mclass[39m=[32m&quot;text-center sm:text-left&quot;[39m
                [36m&gt;[39m
                  [36m&lt;h3[39m
                    [33mclass[39m=[32m&quot;md:text-2xl font-bold font-playfair tracking-tight drop-shadow-[0_1px_6px_rgba(0,0,0,0.3)] text-red-300 text-lg sm:text-xl&quot;[39m
                  [36m&gt;[39m
                    [0mGeneration Error[0m
                  [36m&lt;/h3&gt;[39m
                  [36m&lt;p[39m
                    [33mclass[39m=[32m&quot;md:text-lg text-[#E6F6FF] font-manrope opacity-75 text-sm sm:text-base&quot;[39m
                  [36m&gt;[39m
                    [0mGeneration failed. Please try again.[0m
                  [36m&lt;/p&gt;[39m
                [36m&lt;/div&gt;[39m
              [36m&lt;/div&gt;[39m
              [36m&lt;button[39m
                [33mclass[39m=[32m&quot;inline-flex items-center justify-center text-sm font-medium ring-offset-background transition-colors focus-visible:outline-none focus-visible:ring-2 focus-visible:ring-ring focus-visible:ring-offset-2 disabled:pointer-events-none disabled:opacity-50 border bg-background hover:text-accent-foreground h-9 rounded-md px-3 border-red-400 text-red-200 hover:bg-red-500/20 w-full sm:w-auto&quot;[39m
              [36m&gt;[39m
                [0mRetry Generation[0m
              [36m&lt;/button&gt;[39m
            [36m&lt;/div&gt;[39m
          [36m&lt;/div&gt;[39m
        [36m&lt;/div&gt;[39m
      [36m&lt;/div&gt;[39m
    [36m&lt;/div&gt;[39m
  [36m&lt;/div&gt;[39m
[36m&lt;/body&gt;[39m

Ignored nodes: comments, script, style
[36m&lt;body&gt;[39m
  [36m&lt;div&gt;[39m
    [36m&lt;div[39m
      [33mclass[39m=[32m&quot;min-h-screen w-full flex flex-col &quot;[39m
      [33mstyle[39m=[32m&quot;background: radial-gradient(ellipse at 55% 24%, #152647 0%, #091023 65%, #052947 100%); background-color: rgb(10, 21, 53); position: relative; overflow: hidden;&quot;[39m
    [36m&gt;[39m
      [36m&lt;svg[39m
        [33mclass[39m=[32m&quot;absolute inset-0 w-full h-full pointer-events-none opacity-60&quot;[39m
        [33mpreserveAspectRatio[39m=[32m&quot;none&quot;[39m
        [33mstyle[39m=[32m&quot;z-index: 0;&quot;[39m
        [33mviewBox[39m=[32m&quot;0 0 1920 1080&quot;[39m
      [36m&gt;[39m
        [36m&lt;defs&gt;[39m
          [36m&lt;radialgradient[39m
            [33mcx[39m=[32m&quot;55%&quot;[39m
            [33mcy[39m=[32m&quot;25%&quot;[39m
            [33mid[39m=[32m&quot;spotlight&quot;[39m
            [33mr[39m=[32m&quot;0.7&quot;[39m
          [36m&gt;[39m
            [36m&lt;stop[39m
              [33moffset[39m=[32m&quot;0%&quot;[39m
              [33mstop-color[39m=[32m&quot;#36d1fe22&quot;[39m
            [36m/&gt;[39m
            [36m&lt;stop[39m
              [33moffset[39m=[32m&quot;70%&quot;[39m
              [33mstop-color[39m=[32m&quot;transparent&quot;[39m
            [36m/&gt;[39m
          [36m&lt;/radialgradient&gt;[39m
        [36m&lt;/defs&gt;[39m
        [36m&lt;rect[39m
          [33mfill[39m=[32m&quot;url(#spotlight)&quot;[39m
          [33mheight[39m=[32m&quot;1080&quot;[39m
          [33mwidth[39m=[32m&quot;1920&quot;[39m
        [36m/&gt;[39m
        [36m&lt;g&gt;[39m
          [36m&lt;circle[39m
            [33mcx[39m=[32m&quot;220&quot;[39m
            [33mcy[39m=[32m&quot;180&quot;[39m
            [33mfill[39m=[32m&quot;#e6f6ff&quot;[39m
            [33mopacity[39m=[32m&quot;0.08&quot;[39m
            [33mr[39m=[32m&quot;1.2&quot;[39m
          [36m/&gt;[39m
          [36m&lt;circle[39m
            [33mcx[39m=[32m&quot;430&quot;[39m
            [33mcy[39m=[32m&quot;400&quot;[39m
            [33mfill[39m=[32m&quot;#36d1fe&quot;[39m
            [33mopacity[39m=[32m&quot;0.11&quot;[39m
            [33mr[39m=[32m&quot;1.6&quot;[39m
          [36m/&gt;[39m
          [36m&lt;circle[39m
            [33mcx[39m=[32m&quot;1520&quot;[39m
            [33mcy[39m=[32m&quot;250&quot;[39m
            [33mfill[39m=[32m&quot;#e6f6ff&quot;[39m
            [33mopacity[39m=[32m&quot;0.08&quot;[39m
            [33mr[39m=[32m&quot;1&quot;[39m
          [36m/&gt;[39m
          [36m&lt;circle[39m
            [33mcx[39m=[32m&quot;770&quot;[39m
            [33mcy[39m=[32m&quot;850&quot;[39m
            [33mfill[39m=[32m&quot;#00f0ff&quot;[39m
            [33mopacity[39m=[32m&quot;0.09&quot;[39m
            [33mr[39m=[32m&quot;0.7&quot;[39m
          [36m/&gt;[39m
          [36m&lt;circle[39m
            [33mcx[39m=[32m&quot;1430&quot;[39m
            [33mcy[39m=[32m&quot;960&quot;[39m
            [33mfill[39m=[32m&quot;#e6f6ff&quot;[39m
            [33mopacity[39m=[32m&quot;0.07&quot;[39m
            [33mr[39m=[32m&quot;1.4&quot;[39m
          [36m/&gt;[39m
          [36m&lt;circle[39m
            [33mcx[39m=[32m&quot;1190&quot;[39m
            [33mcy[39m=[32m&quot;780&quot;[39m
            [33mfill[39m=[32m&quot;#36d1fe&quot;[39m
            [33mopacity[39m=[32m&quot;0.13&quot;[39m
            [33mr[39m=[32m&quot;1.1&quot;[39m
          [36m/&gt;[39m
        [36m&lt;/g&gt;[39m
      [36m&lt;/svg&gt;[39m
      [36m&lt;div[39m
        [33mclass[39m=[32m&quot;relative z-10 flex flex-col min-h-screen w-full&quot;[39m
      [36m&gt;[39m
        [36m&lt;header[39m
          [33mclass[39m=[32m&quot;w-full flex items-center justify-between p-4 &quot;[39m
        [36m&gt;[39m
          [36m&lt;div[39m
            [33mclass[39m=[32m&quot;cursor-pointer hover:scale-105 transition-transform duration-300&quot;[39m
          [36m&gt;[39m
            [36m&lt;div[39m
              [33mclass[39m=[32m&quot;flex flex-col items-center space-y-2 &quot;[39m
            [36m&gt;[39m
              [36m&lt;h1[39m
                [33mclass[39m=[32m&quot;select-none&quot;[39m
                [33mid[39m=[32m&quot;hero-logo&quot;[39m
                [33mstyle[39m=[32m&quot;font-family: Manrope, \&quot;Inter\&quot;, Helvetica Neue, sans-serif; font-weight: 800; font-size: clamp(1.4rem, 3vw, 2.5rem); letter-spacing: 0.05em; line-height: 1.06; color: rgb(255, 255, 255); text-shadow: 0 0 5px rgba(54, 209, 254, 0.8); margin-bottom: 0px; display: flex;&quot;[39m
              [36m&gt;[39m
                [36m&lt;span[39m
                  [33mstyle[39m=[32m&quot;color: rgb(255, 255, 255);&quot;[39m
                [36m&gt;[39m
                  [0mCanAI[0m
                [36m&lt;/span&gt;[39m
                [36m&lt;span[39m
                  [33mstyle[39m=[32m&quot;background: linear-gradient(to right, #36d1fe, #07c3fb); background-clip: text; -webkit-text-fill-color: transparent; color: transparent; margin-left: 0.09em; font-weight: 800; filter: drop-shadow(0 0 10px #36d1fe88); display: inline-block;&quot;[39m
                [36m&gt;[39m
                  [0m.so[0m
                [36m&lt;/span&gt;[39m
              [36m&lt;/h1&gt;[39m
            [36m&lt;/div&gt;[39m
          [36m&lt;/div&gt;[39m
          [36m&lt;div[39m
            [33mclass[39m=[32m&quot;flex items-center gap-4&quot;[39m
          [36m&gt;[39m
            [36m&lt;button[39m
              [33mclass[39m=[32m&quot;
              text-[#cce7fa] 
              hover:text-white 
              font-manrope 
              font-medium 
              text-sm 
              px-4 py-2 
              rounded-lg 
              border border-[rgba(54,209,254,0.3)]
              hover:border-[#36d1fe]
              transition-all 
              duration-200
              hover:bg-[rgba(54,209,254,0.1)]
            &quot;[39m
            [36m&gt;[39m
              [0m← Back[0m
            [36m&lt;/button&gt;[39m
          [36m&lt;/div&gt;[39m
        [36m&lt;/header&gt;[39m
        [36m&lt;div[39m
          [33mclass[39m=[32m&quot;flex-1 px-3 sm:px-4 py-4 sm:py-8 max-w-6xl mx-auto w-full&quot;[39m
        [36m&gt;[39m
          [36m&lt;div[39m
            [33mclass[39m=[32m&quot;text-center mb-6 sm:mb-8 animate-fade-in&quot;[39m
          [36m&gt;[39m
            [36m&lt;h1[39m
              [33mclass[39m=[32m&quot;md:text-5xl font-bold text-white font-playfair tracking-tight drop-shadow-[0_2px_10px_rgba(0,0,0,0.3)] mb-2 sm:mb-4 text-2xl sm:text-3xl lg:text-4xl px-2&quot;[39m
            [36m&gt;[39m
              [0mSite Audit[0m
              [0m [0m
              [0mGeneration[0m
            [36m&lt;/h1&gt;[39m
            [36m&lt;p[39m
              [33mclass[39m=[32m&quot;md:text-lg text-[#E6F6FF] font-manrope text-lg sm:text-xl px-2&quot;[39m
            [36m&gt;[39m
              [0mCreating personalized deliverable for[0m
              [0m [0m
              [0mSprinkle Haven Bakery[0m
            [36m&lt;/p&gt;[39m
          [36m&lt;/div&gt;[39m
          [36m&lt;div[39m
            [33mclass[39m=[32m&quot;rounded-3xl border-2 transition-all duration-300 overflow-hidden relative backdrop-blur-md shadow-[0_0_30px_rgba(54,209,254,0.2)] text-white p-8 hover:shadow-[0_0_60px_rgba(54,209,254,0.5)] hover:scale-[1.02] hover:border-[#36d1fe] bg-red-500/20 border-red-500/40 max-w-3xl mx-auto&quot;[39m
          [36m&gt;[39m
            [36m&lt;div[39m
              [33mclass[39m=[32m&quot;w-full h-full break-words overflow-hidden word-wrap text-white&quot;[39m
            [36m&gt;[39m
              [36m&lt;div[39m
                [33mclass[39m=[32m&quot;flex flex-col sm:flex-row sm:items-center gap-3 sm:gap-4 text-red-200 mb-4 sm:mb-6&quot;[39m
              [36m&gt;[39m
                [36m&lt;svg[39m
                  [33maria-hidden[39m=[32m&quot;true&quot;[39m
                  [33mclass[39m=[32m&quot;lucide lucide-circle-alert w-6 h-6 sm:w-8 sm:h-8 mx-auto sm:mx-0&quot;[39m
                  [33mfill[39m=[32m&quot;none&quot;[39m
                  [33mheight[39m=[32m&quot;24&quot;[39m
                  [33mstroke[39m=[32m&quot;currentColor&quot;[39m
                  [33mstroke-linecap[39m=[32m&quot;round&quot;[39m
                  [33mstroke-linejoin[39m=[32m&quot;round&quot;[39m
                  [33mstroke-width[39m=[32m&quot;2&quot;[39m
                  [33mviewBox[39m=[32m&quot;0 0 24 24&quot;[39m
                  [33mwidth[39m=[32m&quot;24&quot;[39m
                  [33mxmlns[39m=[32m&quot;http://www.w3.org/2000/svg&quot;[39m
                [36m&gt;[39m
                  [36m&lt;circle[39m
                    [33mcx[39m=[32m&quot;12&quot;[39m
                    [33mcy[39m=[32m&quot;12&quot;[39m
                    [33mr[39m=[32m&quot;10&quot;[39m
                  [36m/&gt;[39m
                  [36m&lt;line[39m
                    [33mx1[39m=[32m&quot;12&quot;[39m
                    [33mx2[39m=[32m&quot;12&quot;[39m
                    [33my1[39m=[32m&quot;8&quot;[39m
                    [33my2[39m=[32m&quot;12&quot;[39m
                  [36m/&gt;[39m
                  [36m&lt;line[39m
                    [33mx1[39m=[32m&quot;12&quot;[39m
                    [33mx2[39m=[32m&quot;12.01&quot;[39m
                    [33my1[39m=[32m&quot;16&quot;[39m
                    [33my2[39m=[32m&quot;16&quot;[39m
                  [36m/&gt;[39m
                [36m&lt;/svg&gt;[39m
                [36m&lt;div[39m
                  [33mclass[39m=[32m&quot;text-center sm:text-left&quot;[39m
                [36m&gt;[39m
                  [36m&lt;h3[39m
                    [33mclass[39m=[32m&quot;md:text-2xl font-bold font-playfair tracking-tight drop-shadow-[0_1px_6px_rgba(0,0,0,0.3)] text-red-300 text-lg sm:text-xl&quot;[39m
                  [36m&gt;[39m
                    [0mGeneration Error[0m
                  [36m&lt;/h3&gt;[39m
                  [36m&lt;p[39m
                    [33mclass[39m=[32m&quot;md:text-lg text-[#E6F6FF] font-manrope opacity-75 text-sm sm:text-base&quot;[39m
                  [36m&gt;[39m
                    [0mGeneration failed. Please try again.[0m
                  [36m&lt;/p&gt;[39m
                [36m&lt;/div&gt;[39m
              [36m&lt;/div&gt;[39m
              [36m&lt;button[39m
                [33mclass[39m=[32m&quot;inline-flex items-center justify-center text-sm font-medium ring-offset-background transition-colors focus-visible:outline-none focus-visible:ring-2 focus-visible:ring-ring focus-visible:ring-offset-2 disabled:pointer-events-none disabled:opacity-50 border bg-background hover:text-accent-foreground h-9 rounded-md px-3 border-red-400 text-red-200 hover:bg-red-500/20 w-full sm:w-auto&quot;[39m
              [36m&gt;[39m
                [0mRetry Generation[0m
              [36m&lt;/button&gt;[39m
            [36m&lt;/div&gt;[39m
          [36m&lt;/div&gt;[39m
        [36m&lt;/div&gt;[39m
      [36m&lt;/div&gt;[39m
    [36m&lt;/div&gt;[39m
  [36m&lt;/div&gt;[39m
[36m&lt;/body&gt;[39m" type="TestingLibraryElementError">
TestingLibraryElementError: Unable to find an element with the text: /Website Audit Report/i. This could be because the text is broken up by multiple elements. In this case, you can provide a function for your text matcher to make your matcher more flexible.

Ignored nodes: comments, script, style
&lt;body&gt;
  &lt;div&gt;
    &lt;div
      class=&quot;min-h-screen w-full flex flex-col &quot;
      style=&quot;background: radial-gradient(ellipse at 55% 24%, #152647 0%, #091023 65%, #052947 100%); background-color: rgb(10, 21, 53); position: relative; overflow: hidden;&quot;
    &gt;
      &lt;svg
        class=&quot;absolute inset-0 w-full h-full pointer-events-none opacity-60&quot;
        preserveAspectRatio=&quot;none&quot;
        style=&quot;z-index: 0;&quot;
        viewBox=&quot;0 0 1920 1080&quot;
      &gt;
        &lt;defs&gt;
          &lt;radialgradient
            cx=&quot;55%&quot;
            cy=&quot;25%&quot;
            id=&quot;spotlight&quot;
            r=&quot;0.7&quot;
          &gt;
            &lt;stop
              offset=&quot;0%&quot;
              stop-color=&quot;#36d1fe22&quot;
            /&gt;
            &lt;stop
              offset=&quot;70%&quot;
              stop-color=&quot;transparent&quot;
            /&gt;
          &lt;/radialgradient&gt;
        &lt;/defs&gt;
        &lt;rect
          fill=&quot;url(#spotlight)&quot;
          height=&quot;1080&quot;
          width=&quot;1920&quot;
        /&gt;
        &lt;g&gt;
          &lt;circle
            cx=&quot;220&quot;
            cy=&quot;180&quot;
            fill=&quot;#e6f6ff&quot;
            opacity=&quot;0.08&quot;
            r=&quot;1.2&quot;
          /&gt;
          &lt;circle
            cx=&quot;430&quot;
            cy=&quot;400&quot;
            fill=&quot;#36d1fe&quot;
            opacity=&quot;0.11&quot;
            r=&quot;1.6&quot;
          /&gt;
          &lt;circle
            cx=&quot;1520&quot;
            cy=&quot;250&quot;
            fill=&quot;#e6f6ff&quot;
            opacity=&quot;0.08&quot;
            r=&quot;1&quot;
          /&gt;
          &lt;circle
            cx=&quot;770&quot;
            cy=&quot;850&quot;
            fill=&quot;#00f0ff&quot;
            opacity=&quot;0.09&quot;
            r=&quot;0.7&quot;
          /&gt;
          &lt;circle
            cx=&quot;1430&quot;
            cy=&quot;960&quot;
            fill=&quot;#e6f6ff&quot;
            opacity=&quot;0.07&quot;
            r=&quot;1.4&quot;
          /&gt;
          &lt;circle
            cx=&quot;1190&quot;
            cy=&quot;780&quot;
            fill=&quot;#36d1fe&quot;
            opacity=&quot;0.13&quot;
            r=&quot;1.1&quot;
          /&gt;
        &lt;/g&gt;
      &lt;/svg&gt;
      &lt;div
        class=&quot;relative z-10 flex flex-col min-h-screen w-full&quot;
      &gt;
        &lt;header
          class=&quot;w-full flex items-center justify-between p-4 &quot;
        &gt;
          &lt;div
            class=&quot;cursor-pointer hover:scale-105 transition-transform duration-300&quot;
          &gt;
            &lt;div
              class=&quot;flex flex-col items-center space-y-2 &quot;
            &gt;
              &lt;h1
                class=&quot;select-none&quot;
                id=&quot;hero-logo&quot;
                style=&quot;font-family: Manrope, \&quot;Inter\&quot;, Helvetica Neue, sans-serif; font-weight: 800; font-size: clamp(1.4rem, 3vw, 2.5rem); letter-spacing: 0.05em; line-height: 1.06; color: rgb(255, 255, 255); text-shadow: 0 0 5px rgba(54, 209, 254, 0.8); margin-bottom: 0px; display: flex;&quot;
              &gt;
                &lt;span
                  style=&quot;color: rgb(255, 255, 255);&quot;
                &gt;
                  CanAI
                &lt;/span&gt;
                &lt;span
                  style=&quot;background: linear-gradient(to right, #36d1fe, #07c3fb); background-clip: text; -webkit-text-fill-color: transparent; color: transparent; margin-left: 0.09em; font-weight: 800; filter: drop-shadow(0 0 10px #36d1fe88); display: inline-block;&quot;
                &gt;
                  .so
                &lt;/span&gt;
              &lt;/h1&gt;
            &lt;/div&gt;
          &lt;/div&gt;
          &lt;div
            class=&quot;flex items-center gap-4&quot;
          &gt;
            &lt;button
              class=&quot;
              text-[#cce7fa] 
              hover:text-white 
              font-manrope 
              font-medium 
              text-sm 
              px-4 py-2 
              rounded-lg 
              border border-[rgba(54,209,254,0.3)]
              hover:border-[#36d1fe]
              transition-all 
              duration-200
              hover:bg-[rgba(54,209,254,0.1)]
            &quot;
            &gt;
              ← Back
            &lt;/button&gt;
          &lt;/div&gt;
        &lt;/header&gt;
        &lt;div
          class=&quot;flex-1 px-3 sm:px-4 py-4 sm:py-8 max-w-6xl mx-auto w-full&quot;
        &gt;
          &lt;div
            class=&quot;text-center mb-6 sm:mb-8 animate-fade-in&quot;
          &gt;
            &lt;h1
              class=&quot;md:text-5xl font-bold text-white font-playfair tracking-tight drop-shadow-[0_2px_10px_rgba(0,0,0,0.3)] mb-2 sm:mb-4 text-2xl sm:text-3xl lg:text-4xl px-2&quot;
            &gt;
              Site Audit
               
              Generation
            &lt;/h1&gt;
            &lt;p
              class=&quot;md:text-lg text-[#E6F6FF] font-manrope text-lg sm:text-xl px-2&quot;
            &gt;
              Creating personalized deliverable for
               
              Sprinkle Haven Bakery
            &lt;/p&gt;
          &lt;/div&gt;
          &lt;div
            class=&quot;rounded-3xl border-2 transition-all duration-300 overflow-hidden relative backdrop-blur-md shadow-[0_0_30px_rgba(54,209,254,0.2)] text-white p-8 hover:shadow-[0_0_60px_rgba(54,209,254,0.5)] hover:scale-[1.02] hover:border-[#36d1fe] bg-red-500/20 border-red-500/40 max-w-3xl mx-auto&quot;
          &gt;
            &lt;div
              class=&quot;w-full h-full break-words overflow-hidden word-wrap text-white&quot;
            &gt;
              &lt;div
                class=&quot;flex flex-col sm:flex-row sm:items-center gap-3 sm:gap-4 text-red-200 mb-4 sm:mb-6&quot;
              &gt;
                &lt;svg
                  aria-hidden=&quot;true&quot;
                  class=&quot;lucide lucide-circle-alert w-6 h-6 sm:w-8 sm:h-8 mx-auto sm:mx-0&quot;
                  fill=&quot;none&quot;
                  height=&quot;24&quot;
                  stroke=&quot;currentColor&quot;
                  stroke-linecap=&quot;round&quot;
                  stroke-linejoin=&quot;round&quot;
                  stroke-width=&quot;2&quot;
                  viewBox=&quot;0 0 24 24&quot;
                  width=&quot;24&quot;
                  xmlns=&quot;http://www.w3.org/2000/svg&quot;
                &gt;
                  &lt;circle
                    cx=&quot;12&quot;
                    cy=&quot;12&quot;
                    r=&quot;10&quot;
                  /&gt;
                  &lt;line
                    x1=&quot;12&quot;
                    x2=&quot;12&quot;
                    y1=&quot;8&quot;
                    y2=&quot;12&quot;
                  /&gt;
                  &lt;line
                    x1=&quot;12&quot;
                    x2=&quot;12.01&quot;
                    y1=&quot;16&quot;
                    y2=&quot;16&quot;
                  /&gt;
                &lt;/svg&gt;
                &lt;div
                  class=&quot;text-center sm:text-left&quot;
                &gt;
                  &lt;h3
                    class=&quot;md:text-2xl font-bold font-playfair tracking-tight drop-shadow-[0_1px_6px_rgba(0,0,0,0.3)] text-red-300 text-lg sm:text-xl&quot;
                  &gt;
                    Generation Error
                  &lt;/h3&gt;
                  &lt;p
                    class=&quot;md:text-lg text-[#E6F6FF] font-manrope opacity-75 text-sm sm:text-base&quot;
                  &gt;
                    Generation failed. Please try again.
                  &lt;/p&gt;
                &lt;/div&gt;
              &lt;/div&gt;
              &lt;button
                class=&quot;inline-flex items-center justify-center text-sm font-medium ring-offset-background transition-colors focus-visible:outline-none focus-visible:ring-2 focus-visible:ring-ring focus-visible:ring-offset-2 disabled:pointer-events-none disabled:opacity-50 border bg-background hover:text-accent-foreground h-9 rounded-md px-3 border-red-400 text-red-200 hover:bg-red-500/20 w-full sm:w-auto&quot;
              &gt;
                Retry Generation
              &lt;/button&gt;
            &lt;/div&gt;
          &lt;/div&gt;
        &lt;/div&gt;
      &lt;/div&gt;
    &lt;/div&gt;
  &lt;/div&gt;
&lt;/body&gt;

Ignored nodes: comments, script, style
&lt;body&gt;
  &lt;div&gt;
    &lt;div
      class=&quot;min-h-screen w-full flex flex-col &quot;
      style=&quot;background: radial-gradient(ellipse at 55% 24%, #152647 0%, #091023 65%, #052947 100%); background-color: rgb(10, 21, 53); position: relative; overflow: hidden;&quot;
    &gt;
      &lt;svg
        class=&quot;absolute inset-0 w-full h-full pointer-events-none opacity-60&quot;
        preserveAspectRatio=&quot;none&quot;
        style=&quot;z-index: 0;&quot;
        viewBox=&quot;0 0 1920 1080&quot;
      &gt;
        &lt;defs&gt;
          &lt;radialgradient
            cx=&quot;55%&quot;
            cy=&quot;25%&quot;
            id=&quot;spotlight&quot;
            r=&quot;0.7&quot;
          &gt;
            &lt;stop
              offset=&quot;0%&quot;
              stop-color=&quot;#36d1fe22&quot;
            /&gt;
            &lt;stop
              offset=&quot;70%&quot;
              stop-color=&quot;transparent&quot;
            /&gt;
          &lt;/radialgradient&gt;
        &lt;/defs&gt;
        &lt;rect
          fill=&quot;url(#spotlight)&quot;
          height=&quot;1080&quot;
          width=&quot;1920&quot;
        /&gt;
        &lt;g&gt;
          &lt;circle
            cx=&quot;220&quot;
            cy=&quot;180&quot;
            fill=&quot;#e6f6ff&quot;
            opacity=&quot;0.08&quot;
            r=&quot;1.2&quot;
          /&gt;
          &lt;circle
            cx=&quot;430&quot;
            cy=&quot;400&quot;
            fill=&quot;#36d1fe&quot;
            opacity=&quot;0.11&quot;
            r=&quot;1.6&quot;
          /&gt;
          &lt;circle
            cx=&quot;1520&quot;
            cy=&quot;250&quot;
            fill=&quot;#e6f6ff&quot;
            opacity=&quot;0.08&quot;
            r=&quot;1&quot;
          /&gt;
          &lt;circle
            cx=&quot;770&quot;
            cy=&quot;850&quot;
            fill=&quot;#00f0ff&quot;
            opacity=&quot;0.09&quot;
            r=&quot;0.7&quot;
          /&gt;
          &lt;circle
            cx=&quot;1430&quot;
            cy=&quot;960&quot;
            fill=&quot;#e6f6ff&quot;
            opacity=&quot;0.07&quot;
            r=&quot;1.4&quot;
          /&gt;
          &lt;circle
            cx=&quot;1190&quot;
            cy=&quot;780&quot;
            fill=&quot;#36d1fe&quot;
            opacity=&quot;0.13&quot;
            r=&quot;1.1&quot;
          /&gt;
        &lt;/g&gt;
      &lt;/svg&gt;
      &lt;div
        class=&quot;relative z-10 flex flex-col min-h-screen w-full&quot;
      &gt;
        &lt;header
          class=&quot;w-full flex items-center justify-between p-4 &quot;
        &gt;
          &lt;div
            class=&quot;cursor-pointer hover:scale-105 transition-transform duration-300&quot;
          &gt;
            &lt;div
              class=&quot;flex flex-col items-center space-y-2 &quot;
            &gt;
              &lt;h1
                class=&quot;select-none&quot;
                id=&quot;hero-logo&quot;
                style=&quot;font-family: Manrope, \&quot;Inter\&quot;, Helvetica Neue, sans-serif; font-weight: 800; font-size: clamp(1.4rem, 3vw, 2.5rem); letter-spacing: 0.05em; line-height: 1.06; color: rgb(255, 255, 255); text-shadow: 0 0 5px rgba(54, 209, 254, 0.8); margin-bottom: 0px; display: flex;&quot;
              &gt;
                &lt;span
                  style=&quot;color: rgb(255, 255, 255);&quot;
                &gt;
                  CanAI
                &lt;/span&gt;
                &lt;span
                  style=&quot;background: linear-gradient(to right, #36d1fe, #07c3fb); background-clip: text; -webkit-text-fill-color: transparent; color: transparent; margin-left: 0.09em; font-weight: 800; filter: drop-shadow(0 0 10px #36d1fe88); display: inline-block;&quot;
                &gt;
                  .so
                &lt;/span&gt;
              &lt;/h1&gt;
            &lt;/div&gt;
          &lt;/div&gt;
          &lt;div
            class=&quot;flex items-center gap-4&quot;
          &gt;
            &lt;button
              class=&quot;
              text-[#cce7fa] 
              hover:text-white 
              font-manrope 
              font-medium 
              text-sm 
              px-4 py-2 
              rounded-lg 
              border border-[rgba(54,209,254,0.3)]
              hover:border-[#36d1fe]
              transition-all 
              duration-200
              hover:bg-[rgba(54,209,254,0.1)]
            &quot;
            &gt;
              ← Back
            &lt;/button&gt;
          &lt;/div&gt;
        &lt;/header&gt;
        &lt;div
          class=&quot;flex-1 px-3 sm:px-4 py-4 sm:py-8 max-w-6xl mx-auto w-full&quot;
        &gt;
          &lt;div
            class=&quot;text-center mb-6 sm:mb-8 animate-fade-in&quot;
          &gt;
            &lt;h1
              class=&quot;md:text-5xl font-bold text-white font-playfair tracking-tight drop-shadow-[0_2px_10px_rgba(0,0,0,0.3)] mb-2 sm:mb-4 text-2xl sm:text-3xl lg:text-4xl px-2&quot;
            &gt;
              Site Audit
               
              Generation
            &lt;/h1&gt;
            &lt;p
              class=&quot;md:text-lg text-[#E6F6FF] font-manrope text-lg sm:text-xl px-2&quot;
            &gt;
              Creating personalized deliverable for
               
              Sprinkle Haven Bakery
            &lt;/p&gt;
          &lt;/div&gt;
          &lt;div
            class=&quot;rounded-3xl border-2 transition-all duration-300 overflow-hidden relative backdrop-blur-md shadow-[0_0_30px_rgba(54,209,254,0.2)] text-white p-8 hover:shadow-[0_0_60px_rgba(54,209,254,0.5)] hover:scale-[1.02] hover:border-[#36d1fe] bg-red-500/20 border-red-500/40 max-w-3xl mx-auto&quot;
          &gt;
            &lt;div
              class=&quot;w-full h-full break-words overflow-hidden word-wrap text-white&quot;
            &gt;
              &lt;div
                class=&quot;flex flex-col sm:flex-row sm:items-center gap-3 sm:gap-4 text-red-200 mb-4 sm:mb-6&quot;
              &gt;
                &lt;svg
                  aria-hidden=&quot;true&quot;
                  class=&quot;lucide lucide-circle-alert w-6 h-6 sm:w-8 sm:h-8 mx-auto sm:mx-0&quot;
                  fill=&quot;none&quot;
                  height=&quot;24&quot;
                  stroke=&quot;currentColor&quot;
                  stroke-linecap=&quot;round&quot;
                  stroke-linejoin=&quot;round&quot;
                  stroke-width=&quot;2&quot;
                  viewBox=&quot;0 0 24 24&quot;
                  width=&quot;24&quot;
                  xmlns=&quot;http://www.w3.org/2000/svg&quot;
                &gt;
                  &lt;circle
                    cx=&quot;12&quot;
                    cy=&quot;12&quot;
                    r=&quot;10&quot;
                  /&gt;
                  &lt;line
                    x1=&quot;12&quot;
                    x2=&quot;12&quot;
                    y1=&quot;8&quot;
                    y2=&quot;12&quot;
                  /&gt;
                  &lt;line
                    x1=&quot;12&quot;
                    x2=&quot;12.01&quot;
                    y1=&quot;16&quot;
                    y2=&quot;16&quot;
                  /&gt;
                &lt;/svg&gt;
                &lt;div
                  class=&quot;text-center sm:text-left&quot;
                &gt;
                  &lt;h3
                    class=&quot;md:text-2xl font-bold font-playfair tracking-tight drop-shadow-[0_1px_6px_rgba(0,0,0,0.3)] text-red-300 text-lg sm:text-xl&quot;
                  &gt;
                    Generation Error
                  &lt;/h3&gt;
                  &lt;p
                    class=&quot;md:text-lg text-[#E6F6FF] font-manrope opacity-75 text-sm sm:text-base&quot;
                  &gt;
                    Generation failed. Please try again.
                  &lt;/p&gt;
                &lt;/div&gt;
              &lt;/div&gt;
              &lt;button
                class=&quot;inline-flex items-center justify-center text-sm font-medium ring-offset-background transition-colors focus-visible:outline-none focus-visible:ring-2 focus-visible:ring-ring focus-visible:ring-offset-2 disabled:pointer-events-none disabled:opacity-50 border bg-background hover:text-accent-foreground h-9 rounded-md px-3 border-red-400 text-red-200 hover:bg-red-500/20 w-full sm:w-auto&quot;
              &gt;
                Retry Generation
              &lt;/button&gt;
            &lt;/div&gt;
          &lt;/div&gt;
        &lt;/div&gt;
      &lt;/div&gt;
    &lt;/div&gt;
  &lt;/div&gt;
&lt;/body&gt;
 ❯ waitForWrapper node_modules/@testing-library/dom/dist/wait-for.js:163:27
 ❯ node_modules/@testing-library/dom/dist/query-helpers.js:86:33
 ❯ frontend/src/tests/DeliverableGeneration.test.tsx:331:34
            </failure>
        </testcase>
        <testcase classname="frontend/src/tests/DeliverableGeneration.test.tsx" name="F7-tests: Enhanced Deliverable Generation Tests &gt; should validate emotional resonance scoring with Hume AI requirements" time="10.0386629">
            <system-out>
[DeliverableGeneration] Page loaded, starting generation process
[DeliverableGeneration] Starting deliverable generation

            </system-out>
            <system-err>
[DeliverableGeneration] Generation failed: ReferenceError: step is not defined
    at [90mC:\Projects\canai-platform\[39mfrontend\src\pages\DeliverableGeneration.tsx:159:37
    at [90mC:\Projects\canai-platform\[39mfrontend\src\pages\DeliverableGeneration.tsx:233:5
    at commitHookEffectListMount [90m(C:\Projects\canai-platform\[39mnode_modules\[4mreact-dom[24m\cjs\react-dom.development.js:23189:26[90m)[39m
    at commitPassiveMountOnFiber [90m(C:\Projects\canai-platform\[39mnode_modules\[4mreact-dom[24m\cjs\react-dom.development.js:24970:11[90m)[39m
    at commitPassiveMountEffects_complete [90m(C:\Projects\canai-platform\[39mnode_modules\[4mreact-dom[24m\cjs\react-dom.development.js:24930:9[90m)[39m
    at commitPassiveMountEffects_begin [90m(C:\Projects\canai-platform\[39mnode_modules\[4mreact-dom[24m\cjs\react-dom.development.js:24917:7[90m)[39m
    at commitPassiveMountEffects [90m(C:\Projects\canai-platform\[39mnode_modules\[4mreact-dom[24m\cjs\react-dom.development.js:24905:3[90m)[39m
    at flushPassiveEffectsImpl [90m(C:\Projects\canai-platform\[39mnode_modules\[4mreact-dom[24m\cjs\react-dom.development.js:27078:3[90m)[39m
    at flushPassiveEffects [90m(C:\Projects\canai-platform\[39mnode_modules\[4mreact-dom[24m\cjs\react-dom.development.js:27023:14[90m)[39m
    at [90mC:\Projects\canai-platform\[39mnode_modules\[4mreact-dom[24m\cjs\react-dom.development.js:26808:9

[DeliverableGeneration] Global timeout reached, exiting generation loop

            </system-err>
            <failure message="Unable to find an element with the text: /Emotional Resonance Analysis/i. This could be because the text is broken up by multiple elements. In this case, you can provide a function for your text matcher to make your matcher more flexible.

Ignored nodes: comments, script, style
[36m&lt;body&gt;[39m
  [36m&lt;div&gt;[39m
    [36m&lt;div[39m
      [33mclass[39m=[32m&quot;min-h-screen w-full flex flex-col &quot;[39m
      [33mstyle[39m=[32m&quot;background: radial-gradient(ellipse at 55% 24%, #152647 0%, #091023 65%, #052947 100%); background-color: rgb(10, 21, 53); position: relative; overflow: hidden;&quot;[39m
    [36m&gt;[39m
      [36m&lt;svg[39m
        [33mclass[39m=[32m&quot;absolute inset-0 w-full h-full pointer-events-none opacity-60&quot;[39m
        [33mpreserveAspectRatio[39m=[32m&quot;none&quot;[39m
        [33mstyle[39m=[32m&quot;z-index: 0;&quot;[39m
        [33mviewBox[39m=[32m&quot;0 0 1920 1080&quot;[39m
      [36m&gt;[39m
        [36m&lt;defs&gt;[39m
          [36m&lt;radialgradient[39m
            [33mcx[39m=[32m&quot;55%&quot;[39m
            [33mcy[39m=[32m&quot;25%&quot;[39m
            [33mid[39m=[32m&quot;spotlight&quot;[39m
            [33mr[39m=[32m&quot;0.7&quot;[39m
          [36m&gt;[39m
            [36m&lt;stop[39m
              [33moffset[39m=[32m&quot;0%&quot;[39m
              [33mstop-color[39m=[32m&quot;#36d1fe22&quot;[39m
            [36m/&gt;[39m
            [36m&lt;stop[39m
              [33moffset[39m=[32m&quot;70%&quot;[39m
              [33mstop-color[39m=[32m&quot;transparent&quot;[39m
            [36m/&gt;[39m
          [36m&lt;/radialgradient&gt;[39m
        [36m&lt;/defs&gt;[39m
        [36m&lt;rect[39m
          [33mfill[39m=[32m&quot;url(#spotlight)&quot;[39m
          [33mheight[39m=[32m&quot;1080&quot;[39m
          [33mwidth[39m=[32m&quot;1920&quot;[39m
        [36m/&gt;[39m
        [36m&lt;g&gt;[39m
          [36m&lt;circle[39m
            [33mcx[39m=[32m&quot;220&quot;[39m
            [33mcy[39m=[32m&quot;180&quot;[39m
            [33mfill[39m=[32m&quot;#e6f6ff&quot;[39m
            [33mopacity[39m=[32m&quot;0.08&quot;[39m
            [33mr[39m=[32m&quot;1.2&quot;[39m
          [36m/&gt;[39m
          [36m&lt;circle[39m
            [33mcx[39m=[32m&quot;430&quot;[39m
            [33mcy[39m=[32m&quot;400&quot;[39m
            [33mfill[39m=[32m&quot;#36d1fe&quot;[39m
            [33mopacity[39m=[32m&quot;0.11&quot;[39m
            [33mr[39m=[32m&quot;1.6&quot;[39m
          [36m/&gt;[39m
          [36m&lt;circle[39m
            [33mcx[39m=[32m&quot;1520&quot;[39m
            [33mcy[39m=[32m&quot;250&quot;[39m
            [33mfill[39m=[32m&quot;#e6f6ff&quot;[39m
            [33mopacity[39m=[32m&quot;0.08&quot;[39m
            [33mr[39m=[32m&quot;1&quot;[39m
          [36m/&gt;[39m
          [36m&lt;circle[39m
            [33mcx[39m=[32m&quot;770&quot;[39m
            [33mcy[39m=[32m&quot;850&quot;[39m
            [33mfill[39m=[32m&quot;#00f0ff&quot;[39m
            [33mopacity[39m=[32m&quot;0.09&quot;[39m
            [33mr[39m=[32m&quot;0.7&quot;[39m
          [36m/&gt;[39m
          [36m&lt;circle[39m
            [33mcx[39m=[32m&quot;1430&quot;[39m
            [33mcy[39m=[32m&quot;960&quot;[39m
            [33mfill[39m=[32m&quot;#e6f6ff&quot;[39m
            [33mopacity[39m=[32m&quot;0.07&quot;[39m
            [33mr[39m=[32m&quot;1.4&quot;[39m
          [36m/&gt;[39m
          [36m&lt;circle[39m
            [33mcx[39m=[32m&quot;1190&quot;[39m
            [33mcy[39m=[32m&quot;780&quot;[39m
            [33mfill[39m=[32m&quot;#36d1fe&quot;[39m
            [33mopacity[39m=[32m&quot;0.13&quot;[39m
            [33mr[39m=[32m&quot;1.1&quot;[39m
          [36m/&gt;[39m
        [36m&lt;/g&gt;[39m
      [36m&lt;/svg&gt;[39m
      [36m&lt;div[39m
        [33mclass[39m=[32m&quot;relative z-10 flex flex-col min-h-screen w-full&quot;[39m
      [36m&gt;[39m
        [36m&lt;header[39m
          [33mclass[39m=[32m&quot;w-full flex items-center justify-between p-4 &quot;[39m
        [36m&gt;[39m
          [36m&lt;div[39m
            [33mclass[39m=[32m&quot;cursor-pointer hover:scale-105 transition-transform duration-300&quot;[39m
          [36m&gt;[39m
            [36m&lt;div[39m
              [33mclass[39m=[32m&quot;flex flex-col items-center space-y-2 &quot;[39m
            [36m&gt;[39m
              [36m&lt;h1[39m
                [33mclass[39m=[32m&quot;select-none&quot;[39m
                [33mid[39m=[32m&quot;hero-logo&quot;[39m
                [33mstyle[39m=[32m&quot;font-family: Manrope, \&quot;Inter\&quot;, Helvetica Neue, sans-serif; font-weight: 800; font-size: clamp(1.4rem, 3vw, 2.5rem); letter-spacing: 0.05em; line-height: 1.06; color: rgb(255, 255, 255); text-shadow: 0 0 5px rgba(54, 209, 254, 0.8); margin-bottom: 0px; display: flex;&quot;[39m
              [36m&gt;[39m
                [36m&lt;span[39m
                  [33mstyle[39m=[32m&quot;color: rgb(255, 255, 255);&quot;[39m
                [36m&gt;[39m
                  [0mCanAI[0m
                [36m&lt;/span&gt;[39m
                [36m&lt;span[39m
                  [33mstyle[39m=[32m&quot;background: linear-gradient(to right, #36d1fe, #07c3fb); background-clip: text; -webkit-text-fill-color: transparent; color: transparent; margin-left: 0.09em; font-weight: 800; filter: drop-shadow(0 0 10px #36d1fe88); display: inline-block;&quot;[39m
                [36m&gt;[39m
                  [0m.so[0m
                [36m&lt;/span&gt;[39m
              [36m&lt;/h1&gt;[39m
            [36m&lt;/div&gt;[39m
          [36m&lt;/div&gt;[39m
          [36m&lt;div[39m
            [33mclass[39m=[32m&quot;flex items-center gap-4&quot;[39m
          [36m&gt;[39m
            [36m&lt;button[39m
              [33mclass[39m=[32m&quot;
              text-[#cce7fa] 
              hover:text-white 
              font-manrope 
              font-medium 
              text-sm 
              px-4 py-2 
              rounded-lg 
              border border-[rgba(54,209,254,0.3)]
              hover:border-[#36d1fe]
              transition-all 
              duration-200
              hover:bg-[rgba(54,209,254,0.1)]
            &quot;[39m
            [36m&gt;[39m
              [0m← Back[0m
            [36m&lt;/button&gt;[39m
          [36m&lt;/div&gt;[39m
        [36m&lt;/header&gt;[39m
        [36m&lt;div[39m
          [33mclass[39m=[32m&quot;flex-1 px-3 sm:px-4 py-4 sm:py-8 max-w-6xl mx-auto w-full&quot;[39m
        [36m&gt;[39m
          [36m&lt;div[39m
            [33mclass[39m=[32m&quot;text-center mb-6 sm:mb-8 animate-fade-in&quot;[39m
          [36m&gt;[39m
            [36m&lt;h1[39m
              [33mclass[39m=[32m&quot;md:text-5xl font-bold text-white font-playfair tracking-tight drop-shadow-[0_2px_10px_rgba(0,0,0,0.3)] mb-2 sm:mb-4 text-2xl sm:text-3xl lg:text-4xl px-2&quot;[39m
            [36m&gt;[39m
              [0mSite Audit[0m
              [0m [0m
              [0mGeneration[0m
            [36m&lt;/h1&gt;[39m
            [36m&lt;p[39m
              [33mclass[39m=[32m&quot;md:text-lg text-[#E6F6FF] font-manrope text-lg sm:text-xl px-2&quot;[39m
            [36m&gt;[39m
              [0mCreating personalized deliverable for[0m
              [0m [0m
              [0mSprinkle Haven Bakery[0m
            [36m&lt;/p&gt;[39m
          [36m&lt;/div&gt;[39m
          [36m&lt;div[39m
            [33mclass[39m=[32m&quot;rounded-3xl border-2 transition-all duration-300 overflow-hidden relative backdrop-blur-md shadow-[0_0_30px_rgba(54,209,254,0.2)] text-white p-8 hover:shadow-[0_0_60px_rgba(54,209,254,0.5)] hover:scale-[1.02] hover:border-[#36d1fe] bg-red-500/20 border-red-500/40 max-w-3xl mx-auto&quot;[39m
          [36m&gt;[39m
            [36m&lt;div[39m
              [33mclass[39m=[32m&quot;w-full h-full break-words overflow-hidden word-wrap text-white&quot;[39m
            [36m&gt;[39m
              [36m&lt;div[39m
                [33mclass[39m=[32m&quot;flex flex-col sm:flex-row sm:items-center gap-3 sm:gap-4 text-red-200 mb-4 sm:mb-6&quot;[39m
              [36m&gt;[39m
                [36m&lt;svg[39m
                  [33maria-hidden[39m=[32m&quot;true&quot;[39m
                  [33mclass[39m=[32m&quot;lucide lucide-circle-alert w-6 h-6 sm:w-8 sm:h-8 mx-auto sm:mx-0&quot;[39m
                  [33mfill[39m=[32m&quot;none&quot;[39m
                  [33mheight[39m=[32m&quot;24&quot;[39m
                  [33mstroke[39m=[32m&quot;currentColor&quot;[39m
                  [33mstroke-linecap[39m=[32m&quot;round&quot;[39m
                  [33mstroke-linejoin[39m=[32m&quot;round&quot;[39m
                  [33mstroke-width[39m=[32m&quot;2&quot;[39m
                  [33mviewBox[39m=[32m&quot;0 0 24 24&quot;[39m
                  [33mwidth[39m=[32m&quot;24&quot;[39m
                  [33mxmlns[39m=[32m&quot;http://www.w3.org/2000/svg&quot;[39m
                [36m&gt;[39m
                  [36m&lt;circle[39m
                    [33mcx[39m=[32m&quot;12&quot;[39m
                    [33mcy[39m=[32m&quot;12&quot;[39m
                    [33mr[39m=[32m&quot;10&quot;[39m
                  [36m/&gt;[39m
                  [36m&lt;line[39m
                    [33mx1[39m=[32m&quot;12&quot;[39m
                    [33mx2[39m=[32m&quot;12&quot;[39m
                    [33my1[39m=[32m&quot;8&quot;[39m
                    [33my2[39m=[32m&quot;12&quot;[39m
                  [36m/&gt;[39m
                  [36m&lt;line[39m
                    [33mx1[39m=[32m&quot;12&quot;[39m
                    [33mx2[39m=[32m&quot;12.01&quot;[39m
                    [33my1[39m=[32m&quot;16&quot;[39m
                    [33my2[39m=[32m&quot;16&quot;[39m
                  [36m/&gt;[39m
                [36m&lt;/svg&gt;[39m
                [36m&lt;div[39m
                  [33mclass[39m=[32m&quot;text-center sm:text-left&quot;[39m
                [36m&gt;[39m
                  [36m&lt;h3[39m
                    [33mclass[39m=[32m&quot;md:text-2xl font-bold font-playfair tracking-tight drop-shadow-[0_1px_6px_rgba(0,0,0,0.3)] text-red-300 text-lg sm:text-xl&quot;[39m
                  [36m&gt;[39m
                    [0mGeneration Error[0m
                  [36m&lt;/h3&gt;[39m
                  [36m&lt;p[39m
                    [33mclass[39m=[32m&quot;md:text-lg text-[#E6F6FF] font-manrope opacity-75 text-sm sm:text-base&quot;[39m
                  [36m&gt;[39m
                    [0mGeneration failed. Please try again.[0m
                  [36m&lt;/p&gt;[39m
                [36m&lt;/div&gt;[39m
              [36m&lt;/div&gt;[39m
              [36m&lt;button[39m
                [33mclass[39m=[32m&quot;inline-flex items-center justify-center text-sm font-medium ring-offset-background transition-colors focus-visible:outline-none focus-visible:ring-2 focus-visible:ring-ring focus-visible:ring-offset-2 disabled:pointer-events-none disabled:opacity-50 border bg-background hover:text-accent-foreground h-9 rounded-md px-3 border-red-400 text-red-200 hover:bg-red-500/20 w-full sm:w-auto&quot;[39m
              [36m&gt;[39m
                [0mRetry Generation[0m
              [36m&lt;/button&gt;[39m
            [36m&lt;/div&gt;[39m
          [36m&lt;/div&gt;[39m
        [36m&lt;/div&gt;[39m
      [36m&lt;/div&gt;[39m
    [36m&lt;/div&gt;[39m
  [36m&lt;/div&gt;[39m
[36m&lt;/body&gt;[39m

Ignored nodes: comments, script, style
[36m&lt;body&gt;[39m
  [36m&lt;div&gt;[39m
    [36m&lt;div[39m
      [33mclass[39m=[32m&quot;min-h-screen w-full flex flex-col &quot;[39m
      [33mstyle[39m=[32m&quot;background: radial-gradient(ellipse at 55% 24%, #152647 0%, #091023 65%, #052947 100%); background-color: rgb(10, 21, 53); position: relative; overflow: hidden;&quot;[39m
    [36m&gt;[39m
      [36m&lt;svg[39m
        [33mclass[39m=[32m&quot;absolute inset-0 w-full h-full pointer-events-none opacity-60&quot;[39m
        [33mpreserveAspectRatio[39m=[32m&quot;none&quot;[39m
        [33mstyle[39m=[32m&quot;z-index: 0;&quot;[39m
        [33mviewBox[39m=[32m&quot;0 0 1920 1080&quot;[39m
      [36m&gt;[39m
        [36m&lt;defs&gt;[39m
          [36m&lt;radialgradient[39m
            [33mcx[39m=[32m&quot;55%&quot;[39m
            [33mcy[39m=[32m&quot;25%&quot;[39m
            [33mid[39m=[32m&quot;spotlight&quot;[39m
            [33mr[39m=[32m&quot;0.7&quot;[39m
          [36m&gt;[39m
            [36m&lt;stop[39m
              [33moffset[39m=[32m&quot;0%&quot;[39m
              [33mstop-color[39m=[32m&quot;#36d1fe22&quot;[39m
            [36m/&gt;[39m
            [36m&lt;stop[39m
              [33moffset[39m=[32m&quot;70%&quot;[39m
              [33mstop-color[39m=[32m&quot;transparent&quot;[39m
            [36m/&gt;[39m
          [36m&lt;/radialgradient&gt;[39m
        [36m&lt;/defs&gt;[39m
        [36m&lt;rect[39m
          [33mfill[39m=[32m&quot;url(#spotlight)&quot;[39m
          [33mheight[39m=[32m&quot;1080&quot;[39m
          [33mwidth[39m=[32m&quot;1920&quot;[39m
        [36m/&gt;[39m
        [36m&lt;g&gt;[39m
          [36m&lt;circle[39m
            [33mcx[39m=[32m&quot;220&quot;[39m
            [33mcy[39m=[32m&quot;180&quot;[39m
            [33mfill[39m=[32m&quot;#e6f6ff&quot;[39m
            [33mopacity[39m=[32m&quot;0.08&quot;[39m
            [33mr[39m=[32m&quot;1.2&quot;[39m
          [36m/&gt;[39m
          [36m&lt;circle[39m
            [33mcx[39m=[32m&quot;430&quot;[39m
            [33mcy[39m=[32m&quot;400&quot;[39m
            [33mfill[39m=[32m&quot;#36d1fe&quot;[39m
            [33mopacity[39m=[32m&quot;0.11&quot;[39m
            [33mr[39m=[32m&quot;1.6&quot;[39m
          [36m/&gt;[39m
          [36m&lt;circle[39m
            [33mcx[39m=[32m&quot;1520&quot;[39m
            [33mcy[39m=[32m&quot;250&quot;[39m
            [33mfill[39m=[32m&quot;#e6f6ff&quot;[39m
            [33mopacity[39m=[32m&quot;0.08&quot;[39m
            [33mr[39m=[32m&quot;1&quot;[39m
          [36m/&gt;[39m
          [36m&lt;circle[39m
            [33mcx[39m=[32m&quot;770&quot;[39m
            [33mcy[39m=[32m&quot;850&quot;[39m
            [33mfill[39m=[32m&quot;#00f0ff&quot;[39m
            [33mopacity[39m=[32m&quot;0.09&quot;[39m
            [33mr[39m=[32m&quot;0.7&quot;[39m
          [36m/&gt;[39m
          [36m&lt;circle[39m
            [33mcx[39m=[32m&quot;1430&quot;[39m
            [33mcy[39m=[32m&quot;960&quot;[39m
            [33mfill[39m=[32m&quot;#e6f6ff&quot;[39m
            [33mopacity[39m=[32m&quot;0.07&quot;[39m
            [33mr[39m=[32m&quot;1.4&quot;[39m
          [36m/&gt;[39m
          [36m&lt;circle[39m
            [33mcx[39m=[32m&quot;1190&quot;[39m
            [33mcy[39m=[32m&quot;780&quot;[39m
            [33mfill[39m=[32m&quot;#36d1fe&quot;[39m
            [33mopacity[39m=[32m&quot;0.13&quot;[39m
            [33mr[39m=[32m&quot;1.1&quot;[39m
          [36m/&gt;[39m
        [36m&lt;/g&gt;[39m
      [36m&lt;/svg&gt;[39m
      [36m&lt;div[39m
        [33mclass[39m=[32m&quot;relative z-10 flex flex-col min-h-screen w-full&quot;[39m
      [36m&gt;[39m
        [36m&lt;header[39m
          [33mclass[39m=[32m&quot;w-full flex items-center justify-between p-4 &quot;[39m
        [36m&gt;[39m
          [36m&lt;div[39m
            [33mclass[39m=[32m&quot;cursor-pointer hover:scale-105 transition-transform duration-300&quot;[39m
          [36m&gt;[39m
            [36m&lt;div[39m
              [33mclass[39m=[32m&quot;flex flex-col items-center space-y-2 &quot;[39m
            [36m&gt;[39m
              [36m&lt;h1[39m
                [33mclass[39m=[32m&quot;select-none&quot;[39m
                [33mid[39m=[32m&quot;hero-logo&quot;[39m
                [33mstyle[39m=[32m&quot;font-family: Manrope, \&quot;Inter\&quot;, Helvetica Neue, sans-serif; font-weight: 800; font-size: clamp(1.4rem, 3vw, 2.5rem); letter-spacing: 0.05em; line-height: 1.06; color: rgb(255, 255, 255); text-shadow: 0 0 5px rgba(54, 209, 254, 0.8); margin-bottom: 0px; display: flex;&quot;[39m
              [36m&gt;[39m
                [36m&lt;span[39m
                  [33mstyle[39m=[32m&quot;color: rgb(255, 255, 255);&quot;[39m
                [36m&gt;[39m
                  [0mCanAI[0m
                [36m&lt;/span&gt;[39m
                [36m&lt;span[39m
                  [33mstyle[39m=[32m&quot;background: linear-gradient(to right, #36d1fe, #07c3fb); background-clip: text; -webkit-text-fill-color: transparent; color: transparent; margin-left: 0.09em; font-weight: 800; filter: drop-shadow(0 0 10px #36d1fe88); display: inline-block;&quot;[39m
                [36m&gt;[39m
                  [0m.so[0m
                [36m&lt;/span&gt;[39m
              [36m&lt;/h1&gt;[39m
            [36m&lt;/div&gt;[39m
          [36m&lt;/div&gt;[39m
          [36m&lt;div[39m
            [33mclass[39m=[32m&quot;flex items-center gap-4&quot;[39m
          [36m&gt;[39m
            [36m&lt;button[39m
              [33mclass[39m=[32m&quot;
              text-[#cce7fa] 
              hover:text-white 
              font-manrope 
              font-medium 
              text-sm 
              px-4 py-2 
              rounded-lg 
              border border-[rgba(54,209,254,0.3)]
              hover:border-[#36d1fe]
              transition-all 
              duration-200
              hover:bg-[rgba(54,209,254,0.1)]
            &quot;[39m
            [36m&gt;[39m
              [0m← Back[0m
            [36m&lt;/button&gt;[39m
          [36m&lt;/div&gt;[39m
        [36m&lt;/header&gt;[39m
        [36m&lt;div[39m
          [33mclass[39m=[32m&quot;flex-1 px-3 sm:px-4 py-4 sm:py-8 max-w-6xl mx-auto w-full&quot;[39m
        [36m&gt;[39m
          [36m&lt;div[39m
            [33mclass[39m=[32m&quot;text-center mb-6 sm:mb-8 animate-fade-in&quot;[39m
          [36m&gt;[39m
            [36m&lt;h1[39m
              [33mclass[39m=[32m&quot;md:text-5xl font-bold text-white font-playfair tracking-tight drop-shadow-[0_2px_10px_rgba(0,0,0,0.3)] mb-2 sm:mb-4 text-2xl sm:text-3xl lg:text-4xl px-2&quot;[39m
            [36m&gt;[39m
              [0mSite Audit[0m
              [0m [0m
              [0mGeneration[0m
            [36m&lt;/h1&gt;[39m
            [36m&lt;p[39m
              [33mclass[39m=[32m&quot;md:text-lg text-[#E6F6FF] font-manrope text-lg sm:text-xl px-2&quot;[39m
            [36m&gt;[39m
              [0mCreating personalized deliverable for[0m
              [0m [0m
              [0mSprinkle Haven Bakery[0m
            [36m&lt;/p&gt;[39m
          [36m&lt;/div&gt;[39m
          [36m&lt;div[39m
            [33mclass[39m=[32m&quot;rounded-3xl border-2 transition-all duration-300 overflow-hidden relative backdrop-blur-md shadow-[0_0_30px_rgba(54,209,254,0.2)] text-white p-8 hover:shadow-[0_0_60px_rgba(54,209,254,0.5)] hover:scale-[1.02] hover:border-[#36d1fe] bg-red-500/20 border-red-500/40 max-w-3xl mx-auto&quot;[39m
          [36m&gt;[39m
            [36m&lt;div[39m
              [33mclass[39m=[32m&quot;w-full h-full break-words overflow-hidden word-wrap text-white&quot;[39m
            [36m&gt;[39m
              [36m&lt;div[39m
                [33mclass[39m=[32m&quot;flex flex-col sm:flex-row sm:items-center gap-3 sm:gap-4 text-red-200 mb-4 sm:mb-6&quot;[39m
              [36m&gt;[39m
                [36m&lt;svg[39m
                  [33maria-hidden[39m=[32m&quot;true&quot;[39m
                  [33mclass[39m=[32m&quot;lucide lucide-circle-alert w-6 h-6 sm:w-8 sm:h-8 mx-auto sm:mx-0&quot;[39m
                  [33mfill[39m=[32m&quot;none&quot;[39m
                  [33mheight[39m=[32m&quot;24&quot;[39m
                  [33mstroke[39m=[32m&quot;currentColor&quot;[39m
                  [33mstroke-linecap[39m=[32m&quot;round&quot;[39m
                  [33mstroke-linejoin[39m=[32m&quot;round&quot;[39m
                  [33mstroke-width[39m=[32m&quot;2&quot;[39m
                  [33mviewBox[39m=[32m&quot;0 0 24 24&quot;[39m
                  [33mwidth[39m=[32m&quot;24&quot;[39m
                  [33mxmlns[39m=[32m&quot;http://www.w3.org/2000/svg&quot;[39m
                [36m&gt;[39m
                  [36m&lt;circle[39m
                    [33mcx[39m=[32m&quot;12&quot;[39m
                    [33mcy[39m=[32m&quot;12&quot;[39m
                    [33mr[39m=[32m&quot;10&quot;[39m
                  [36m/&gt;[39m
                  [36m&lt;line[39m
                    [33mx1[39m=[32m&quot;12&quot;[39m
                    [33mx2[39m=[32m&quot;12&quot;[39m
                    [33my1[39m=[32m&quot;8&quot;[39m
                    [33my2[39m=[32m&quot;12&quot;[39m
                  [36m/&gt;[39m
                  [36m&lt;line[39m
                    [33mx1[39m=[32m&quot;12&quot;[39m
                    [33mx2[39m=[32m&quot;12.01&quot;[39m
                    [33my1[39m=[32m&quot;16&quot;[39m
                    [33my2[39m=[32m&quot;16&quot;[39m
                  [36m/&gt;[39m
                [36m&lt;/svg&gt;[39m
                [36m&lt;div[39m
                  [33mclass[39m=[32m&quot;text-center sm:text-left&quot;[39m
                [36m&gt;[39m
                  [36m&lt;h3[39m
                    [33mclass[39m=[32m&quot;md:text-2xl font-bold font-playfair tracking-tight drop-shadow-[0_1px_6px_rgba(0,0,0,0.3)] text-red-300 text-lg sm:text-xl&quot;[39m
                  [36m&gt;[39m
                    [0mGeneration Error[0m
                  [36m&lt;/h3&gt;[39m
                  [36m&lt;p[39m
                    [33mclass[39m=[32m&quot;md:text-lg text-[#E6F6FF] font-manrope opacity-75 text-sm sm:text-base&quot;[39m
                  [36m&gt;[39m
                    [0mGeneration failed. Please try again.[0m
                  [36m&lt;/p&gt;[39m
                [36m&lt;/div&gt;[39m
              [36m&lt;/div&gt;[39m
              [36m&lt;button[39m
                [33mclass[39m=[32m&quot;inline-flex items-center justify-center text-sm font-medium ring-offset-background transition-colors focus-visible:outline-none focus-visible:ring-2 focus-visible:ring-ring focus-visible:ring-offset-2 disabled:pointer-events-none disabled:opacity-50 border bg-background hover:text-accent-foreground h-9 rounded-md px-3 border-red-400 text-red-200 hover:bg-red-500/20 w-full sm:w-auto&quot;[39m
              [36m&gt;[39m
                [0mRetry Generation[0m
              [36m&lt;/button&gt;[39m
            [36m&lt;/div&gt;[39m
          [36m&lt;/div&gt;[39m
        [36m&lt;/div&gt;[39m
      [36m&lt;/div&gt;[39m
    [36m&lt;/div&gt;[39m
  [36m&lt;/div&gt;[39m
[36m&lt;/body&gt;[39m" type="TestingLibraryElementError">
TestingLibraryElementError: Unable to find an element with the text: /Emotional Resonance Analysis/i. This could be because the text is broken up by multiple elements. In this case, you can provide a function for your text matcher to make your matcher more flexible.

Ignored nodes: comments, script, style
&lt;body&gt;
  &lt;div&gt;
    &lt;div
      class=&quot;min-h-screen w-full flex flex-col &quot;
      style=&quot;background: radial-gradient(ellipse at 55% 24%, #152647 0%, #091023 65%, #052947 100%); background-color: rgb(10, 21, 53); position: relative; overflow: hidden;&quot;
    &gt;
      &lt;svg
        class=&quot;absolute inset-0 w-full h-full pointer-events-none opacity-60&quot;
        preserveAspectRatio=&quot;none&quot;
        style=&quot;z-index: 0;&quot;
        viewBox=&quot;0 0 1920 1080&quot;
      &gt;
        &lt;defs&gt;
          &lt;radialgradient
            cx=&quot;55%&quot;
            cy=&quot;25%&quot;
            id=&quot;spotlight&quot;
            r=&quot;0.7&quot;
          &gt;
            &lt;stop
              offset=&quot;0%&quot;
              stop-color=&quot;#36d1fe22&quot;
            /&gt;
            &lt;stop
              offset=&quot;70%&quot;
              stop-color=&quot;transparent&quot;
            /&gt;
          &lt;/radialgradient&gt;
        &lt;/defs&gt;
        &lt;rect
          fill=&quot;url(#spotlight)&quot;
          height=&quot;1080&quot;
          width=&quot;1920&quot;
        /&gt;
        &lt;g&gt;
          &lt;circle
            cx=&quot;220&quot;
            cy=&quot;180&quot;
            fill=&quot;#e6f6ff&quot;
            opacity=&quot;0.08&quot;
            r=&quot;1.2&quot;
          /&gt;
          &lt;circle
            cx=&quot;430&quot;
            cy=&quot;400&quot;
            fill=&quot;#36d1fe&quot;
            opacity=&quot;0.11&quot;
            r=&quot;1.6&quot;
          /&gt;
          &lt;circle
            cx=&quot;1520&quot;
            cy=&quot;250&quot;
            fill=&quot;#e6f6ff&quot;
            opacity=&quot;0.08&quot;
            r=&quot;1&quot;
          /&gt;
          &lt;circle
            cx=&quot;770&quot;
            cy=&quot;850&quot;
            fill=&quot;#00f0ff&quot;
            opacity=&quot;0.09&quot;
            r=&quot;0.7&quot;
          /&gt;
          &lt;circle
            cx=&quot;1430&quot;
            cy=&quot;960&quot;
            fill=&quot;#e6f6ff&quot;
            opacity=&quot;0.07&quot;
            r=&quot;1.4&quot;
          /&gt;
          &lt;circle
            cx=&quot;1190&quot;
            cy=&quot;780&quot;
            fill=&quot;#36d1fe&quot;
            opacity=&quot;0.13&quot;
            r=&quot;1.1&quot;
          /&gt;
        &lt;/g&gt;
      &lt;/svg&gt;
      &lt;div
        class=&quot;relative z-10 flex flex-col min-h-screen w-full&quot;
      &gt;
        &lt;header
          class=&quot;w-full flex items-center justify-between p-4 &quot;
        &gt;
          &lt;div
            class=&quot;cursor-pointer hover:scale-105 transition-transform duration-300&quot;
          &gt;
            &lt;div
              class=&quot;flex flex-col items-center space-y-2 &quot;
            &gt;
              &lt;h1
                class=&quot;select-none&quot;
                id=&quot;hero-logo&quot;
                style=&quot;font-family: Manrope, \&quot;Inter\&quot;, Helvetica Neue, sans-serif; font-weight: 800; font-size: clamp(1.4rem, 3vw, 2.5rem); letter-spacing: 0.05em; line-height: 1.06; color: rgb(255, 255, 255); text-shadow: 0 0 5px rgba(54, 209, 254, 0.8); margin-bottom: 0px; display: flex;&quot;
              &gt;
                &lt;span
                  style=&quot;color: rgb(255, 255, 255);&quot;
                &gt;
                  CanAI
                &lt;/span&gt;
                &lt;span
                  style=&quot;background: linear-gradient(to right, #36d1fe, #07c3fb); background-clip: text; -webkit-text-fill-color: transparent; color: transparent; margin-left: 0.09em; font-weight: 800; filter: drop-shadow(0 0 10px #36d1fe88); display: inline-block;&quot;
                &gt;
                  .so
                &lt;/span&gt;
              &lt;/h1&gt;
            &lt;/div&gt;
          &lt;/div&gt;
          &lt;div
            class=&quot;flex items-center gap-4&quot;
          &gt;
            &lt;button
              class=&quot;
              text-[#cce7fa] 
              hover:text-white 
              font-manrope 
              font-medium 
              text-sm 
              px-4 py-2 
              rounded-lg 
              border border-[rgba(54,209,254,0.3)]
              hover:border-[#36d1fe]
              transition-all 
              duration-200
              hover:bg-[rgba(54,209,254,0.1)]
            &quot;
            &gt;
              ← Back
            &lt;/button&gt;
          &lt;/div&gt;
        &lt;/header&gt;
        &lt;div
          class=&quot;flex-1 px-3 sm:px-4 py-4 sm:py-8 max-w-6xl mx-auto w-full&quot;
        &gt;
          &lt;div
            class=&quot;text-center mb-6 sm:mb-8 animate-fade-in&quot;
          &gt;
            &lt;h1
              class=&quot;md:text-5xl font-bold text-white font-playfair tracking-tight drop-shadow-[0_2px_10px_rgba(0,0,0,0.3)] mb-2 sm:mb-4 text-2xl sm:text-3xl lg:text-4xl px-2&quot;
            &gt;
              Site Audit
               
              Generation
            &lt;/h1&gt;
            &lt;p
              class=&quot;md:text-lg text-[#E6F6FF] font-manrope text-lg sm:text-xl px-2&quot;
            &gt;
              Creating personalized deliverable for
               
              Sprinkle Haven Bakery
            &lt;/p&gt;
          &lt;/div&gt;
          &lt;div
            class=&quot;rounded-3xl border-2 transition-all duration-300 overflow-hidden relative backdrop-blur-md shadow-[0_0_30px_rgba(54,209,254,0.2)] text-white p-8 hover:shadow-[0_0_60px_rgba(54,209,254,0.5)] hover:scale-[1.02] hover:border-[#36d1fe] bg-red-500/20 border-red-500/40 max-w-3xl mx-auto&quot;
          &gt;
            &lt;div
              class=&quot;w-full h-full break-words overflow-hidden word-wrap text-white&quot;
            &gt;
              &lt;div
                class=&quot;flex flex-col sm:flex-row sm:items-center gap-3 sm:gap-4 text-red-200 mb-4 sm:mb-6&quot;
              &gt;
                &lt;svg
                  aria-hidden=&quot;true&quot;
                  class=&quot;lucide lucide-circle-alert w-6 h-6 sm:w-8 sm:h-8 mx-auto sm:mx-0&quot;
                  fill=&quot;none&quot;
                  height=&quot;24&quot;
                  stroke=&quot;currentColor&quot;
                  stroke-linecap=&quot;round&quot;
                  stroke-linejoin=&quot;round&quot;
                  stroke-width=&quot;2&quot;
                  viewBox=&quot;0 0 24 24&quot;
                  width=&quot;24&quot;
                  xmlns=&quot;http://www.w3.org/2000/svg&quot;
                &gt;
                  &lt;circle
                    cx=&quot;12&quot;
                    cy=&quot;12&quot;
                    r=&quot;10&quot;
                  /&gt;
                  &lt;line
                    x1=&quot;12&quot;
                    x2=&quot;12&quot;
                    y1=&quot;8&quot;
                    y2=&quot;12&quot;
                  /&gt;
                  &lt;line
                    x1=&quot;12&quot;
                    x2=&quot;12.01&quot;
                    y1=&quot;16&quot;
                    y2=&quot;16&quot;
                  /&gt;
                &lt;/svg&gt;
                &lt;div
                  class=&quot;text-center sm:text-left&quot;
                &gt;
                  &lt;h3
                    class=&quot;md:text-2xl font-bold font-playfair tracking-tight drop-shadow-[0_1px_6px_rgba(0,0,0,0.3)] text-red-300 text-lg sm:text-xl&quot;
                  &gt;
                    Generation Error
                  &lt;/h3&gt;
                  &lt;p
                    class=&quot;md:text-lg text-[#E6F6FF] font-manrope opacity-75 text-sm sm:text-base&quot;
                  &gt;
                    Generation failed. Please try again.
                  &lt;/p&gt;
                &lt;/div&gt;
              &lt;/div&gt;
              &lt;button
                class=&quot;inline-flex items-center justify-center text-sm font-medium ring-offset-background transition-colors focus-visible:outline-none focus-visible:ring-2 focus-visible:ring-ring focus-visible:ring-offset-2 disabled:pointer-events-none disabled:opacity-50 border bg-background hover:text-accent-foreground h-9 rounded-md px-3 border-red-400 text-red-200 hover:bg-red-500/20 w-full sm:w-auto&quot;
              &gt;
                Retry Generation
              &lt;/button&gt;
            &lt;/div&gt;
          &lt;/div&gt;
        &lt;/div&gt;
      &lt;/div&gt;
    &lt;/div&gt;
  &lt;/div&gt;
&lt;/body&gt;

Ignored nodes: comments, script, style
&lt;body&gt;
  &lt;div&gt;
    &lt;div
      class=&quot;min-h-screen w-full flex flex-col &quot;
      style=&quot;background: radial-gradient(ellipse at 55% 24%, #152647 0%, #091023 65%, #052947 100%); background-color: rgb(10, 21, 53); position: relative; overflow: hidden;&quot;
    &gt;
      &lt;svg
        class=&quot;absolute inset-0 w-full h-full pointer-events-none opacity-60&quot;
        preserveAspectRatio=&quot;none&quot;
        style=&quot;z-index: 0;&quot;
        viewBox=&quot;0 0 1920 1080&quot;
      &gt;
        &lt;defs&gt;
          &lt;radialgradient
            cx=&quot;55%&quot;
            cy=&quot;25%&quot;
            id=&quot;spotlight&quot;
            r=&quot;0.7&quot;
          &gt;
            &lt;stop
              offset=&quot;0%&quot;
              stop-color=&quot;#36d1fe22&quot;
            /&gt;
            &lt;stop
              offset=&quot;70%&quot;
              stop-color=&quot;transparent&quot;
            /&gt;
          &lt;/radialgradient&gt;
        &lt;/defs&gt;
        &lt;rect
          fill=&quot;url(#spotlight)&quot;
          height=&quot;1080&quot;
          width=&quot;1920&quot;
        /&gt;
        &lt;g&gt;
          &lt;circle
            cx=&quot;220&quot;
            cy=&quot;180&quot;
            fill=&quot;#e6f6ff&quot;
            opacity=&quot;0.08&quot;
            r=&quot;1.2&quot;
          /&gt;
          &lt;circle
            cx=&quot;430&quot;
            cy=&quot;400&quot;
            fill=&quot;#36d1fe&quot;
            opacity=&quot;0.11&quot;
            r=&quot;1.6&quot;
          /&gt;
          &lt;circle
            cx=&quot;1520&quot;
            cy=&quot;250&quot;
            fill=&quot;#e6f6ff&quot;
            opacity=&quot;0.08&quot;
            r=&quot;1&quot;
          /&gt;
          &lt;circle
            cx=&quot;770&quot;
            cy=&quot;850&quot;
            fill=&quot;#00f0ff&quot;
            opacity=&quot;0.09&quot;
            r=&quot;0.7&quot;
          /&gt;
          &lt;circle
            cx=&quot;1430&quot;
            cy=&quot;960&quot;
            fill=&quot;#e6f6ff&quot;
            opacity=&quot;0.07&quot;
            r=&quot;1.4&quot;
          /&gt;
          &lt;circle
            cx=&quot;1190&quot;
            cy=&quot;780&quot;
            fill=&quot;#36d1fe&quot;
            opacity=&quot;0.13&quot;
            r=&quot;1.1&quot;
          /&gt;
        &lt;/g&gt;
      &lt;/svg&gt;
      &lt;div
        class=&quot;relative z-10 flex flex-col min-h-screen w-full&quot;
      &gt;
        &lt;header
          class=&quot;w-full flex items-center justify-between p-4 &quot;
        &gt;
          &lt;div
            class=&quot;cursor-pointer hover:scale-105 transition-transform duration-300&quot;
          &gt;
            &lt;div
              class=&quot;flex flex-col items-center space-y-2 &quot;
            &gt;
              &lt;h1
                class=&quot;select-none&quot;
                id=&quot;hero-logo&quot;
                style=&quot;font-family: Manrope, \&quot;Inter\&quot;, Helvetica Neue, sans-serif; font-weight: 800; font-size: clamp(1.4rem, 3vw, 2.5rem); letter-spacing: 0.05em; line-height: 1.06; color: rgb(255, 255, 255); text-shadow: 0 0 5px rgba(54, 209, 254, 0.8); margin-bottom: 0px; display: flex;&quot;
              &gt;
                &lt;span
                  style=&quot;color: rgb(255, 255, 255);&quot;
                &gt;
                  CanAI
                &lt;/span&gt;
                &lt;span
                  style=&quot;background: linear-gradient(to right, #36d1fe, #07c3fb); background-clip: text; -webkit-text-fill-color: transparent; color: transparent; margin-left: 0.09em; font-weight: 800; filter: drop-shadow(0 0 10px #36d1fe88); display: inline-block;&quot;
                &gt;
                  .so
                &lt;/span&gt;
              &lt;/h1&gt;
            &lt;/div&gt;
          &lt;/div&gt;
          &lt;div
            class=&quot;flex items-center gap-4&quot;
          &gt;
            &lt;button
              class=&quot;
              text-[#cce7fa] 
              hover:text-white 
              font-manrope 
              font-medium 
              text-sm 
              px-4 py-2 
              rounded-lg 
              border border-[rgba(54,209,254,0.3)]
              hover:border-[#36d1fe]
              transition-all 
              duration-200
              hover:bg-[rgba(54,209,254,0.1)]
            &quot;
            &gt;
              ← Back
            &lt;/button&gt;
          &lt;/div&gt;
        &lt;/header&gt;
        &lt;div
          class=&quot;flex-1 px-3 sm:px-4 py-4 sm:py-8 max-w-6xl mx-auto w-full&quot;
        &gt;
          &lt;div
            class=&quot;text-center mb-6 sm:mb-8 animate-fade-in&quot;
          &gt;
            &lt;h1
              class=&quot;md:text-5xl font-bold text-white font-playfair tracking-tight drop-shadow-[0_2px_10px_rgba(0,0,0,0.3)] mb-2 sm:mb-4 text-2xl sm:text-3xl lg:text-4xl px-2&quot;
            &gt;
              Site Audit
               
              Generation
            &lt;/h1&gt;
            &lt;p
              class=&quot;md:text-lg text-[#E6F6FF] font-manrope text-lg sm:text-xl px-2&quot;
            &gt;
              Creating personalized deliverable for
               
              Sprinkle Haven Bakery
            &lt;/p&gt;
          &lt;/div&gt;
          &lt;div
            class=&quot;rounded-3xl border-2 transition-all duration-300 overflow-hidden relative backdrop-blur-md shadow-[0_0_30px_rgba(54,209,254,0.2)] text-white p-8 hover:shadow-[0_0_60px_rgba(54,209,254,0.5)] hover:scale-[1.02] hover:border-[#36d1fe] bg-red-500/20 border-red-500/40 max-w-3xl mx-auto&quot;
          &gt;
            &lt;div
              class=&quot;w-full h-full break-words overflow-hidden word-wrap text-white&quot;
            &gt;
              &lt;div
                class=&quot;flex flex-col sm:flex-row sm:items-center gap-3 sm:gap-4 text-red-200 mb-4 sm:mb-6&quot;
              &gt;
                &lt;svg
                  aria-hidden=&quot;true&quot;
                  class=&quot;lucide lucide-circle-alert w-6 h-6 sm:w-8 sm:h-8 mx-auto sm:mx-0&quot;
                  fill=&quot;none&quot;
                  height=&quot;24&quot;
                  stroke=&quot;currentColor&quot;
                  stroke-linecap=&quot;round&quot;
                  stroke-linejoin=&quot;round&quot;
                  stroke-width=&quot;2&quot;
                  viewBox=&quot;0 0 24 24&quot;
                  width=&quot;24&quot;
                  xmlns=&quot;http://www.w3.org/2000/svg&quot;
                &gt;
                  &lt;circle
                    cx=&quot;12&quot;
                    cy=&quot;12&quot;
                    r=&quot;10&quot;
                  /&gt;
                  &lt;line
                    x1=&quot;12&quot;
                    x2=&quot;12&quot;
                    y1=&quot;8&quot;
                    y2=&quot;12&quot;
                  /&gt;
                  &lt;line
                    x1=&quot;12&quot;
                    x2=&quot;12.01&quot;
                    y1=&quot;16&quot;
                    y2=&quot;16&quot;
                  /&gt;
                &lt;/svg&gt;
                &lt;div
                  class=&quot;text-center sm:text-left&quot;
                &gt;
                  &lt;h3
                    class=&quot;md:text-2xl font-bold font-playfair tracking-tight drop-shadow-[0_1px_6px_rgba(0,0,0,0.3)] text-red-300 text-lg sm:text-xl&quot;
                  &gt;
                    Generation Error
                  &lt;/h3&gt;
                  &lt;p
                    class=&quot;md:text-lg text-[#E6F6FF] font-manrope opacity-75 text-sm sm:text-base&quot;
                  &gt;
                    Generation failed. Please try again.
                  &lt;/p&gt;
                &lt;/div&gt;
              &lt;/div&gt;
              &lt;button
                class=&quot;inline-flex items-center justify-center text-sm font-medium ring-offset-background transition-colors focus-visible:outline-none focus-visible:ring-2 focus-visible:ring-ring focus-visible:ring-offset-2 disabled:pointer-events-none disabled:opacity-50 border bg-background hover:text-accent-foreground h-9 rounded-md px-3 border-red-400 text-red-200 hover:bg-red-500/20 w-full sm:w-auto&quot;
              &gt;
                Retry Generation
              &lt;/button&gt;
            &lt;/div&gt;
          &lt;/div&gt;
        &lt;/div&gt;
      &lt;/div&gt;
    &lt;/div&gt;
  &lt;/div&gt;
&lt;/body&gt;
 ❯ waitForWrapper node_modules/@testing-library/dom/dist/wait-for.js:163:27
 ❯ node_modules/@testing-library/dom/dist/query-helpers.js:86:33
 ❯ frontend/src/tests/DeliverableGeneration.test.tsx:361:43
            </failure>
        </testcase>
        <testcase classname="frontend/src/tests/DeliverableGeneration.test.tsx" name="F7-tests: Enhanced Deliverable Generation Tests &gt; should handle revision requests with proper API calls" time="10.055966">
            <system-out>
[DeliverableGeneration] Page loaded, starting generation process
[DeliverableGeneration] Starting deliverable generation

            </system-out>
            <system-err>
[DeliverableGeneration] Generation failed: ReferenceError: step is not defined
    at [90mC:\Projects\canai-platform\[39mfrontend\src\pages\DeliverableGeneration.tsx:159:37
    at [90mC:\Projects\canai-platform\[39mfrontend\src\pages\DeliverableGeneration.tsx:233:5
    at commitHookEffectListMount [90m(C:\Projects\canai-platform\[39mnode_modules\[4mreact-dom[24m\cjs\react-dom.development.js:23189:26[90m)[39m
    at commitPassiveMountOnFiber [90m(C:\Projects\canai-platform\[39mnode_modules\[4mreact-dom[24m\cjs\react-dom.development.js:24970:11[90m)[39m
    at commitPassiveMountEffects_complete [90m(C:\Projects\canai-platform\[39mnode_modules\[4mreact-dom[24m\cjs\react-dom.development.js:24930:9[90m)[39m
    at commitPassiveMountEffects_begin [90m(C:\Projects\canai-platform\[39mnode_modules\[4mreact-dom[24m\cjs\react-dom.development.js:24917:7[90m)[39m
    at commitPassiveMountEffects [90m(C:\Projects\canai-platform\[39mnode_modules\[4mreact-dom[24m\cjs\react-dom.development.js:24905:3[90m)[39m
    at flushPassiveEffectsImpl [90m(C:\Projects\canai-platform\[39mnode_modules\[4mreact-dom[24m\cjs\react-dom.development.js:27078:3[90m)[39m
    at flushPassiveEffects [90m(C:\Projects\canai-platform\[39mnode_modules\[4mreact-dom[24m\cjs\react-dom.development.js:27023:14[90m)[39m
    at [90mC:\Projects\canai-platform\[39mnode_modules\[4mreact-dom[24m\cjs\react-dom.development.js:26808:9

[DeliverableGeneration] Global timeout reached, exiting generation loop

            </system-err>
            <failure message="Unable to find role=&quot;button&quot; and name `/Apply Revision/i`

Ignored nodes: comments, script, style
[36m&lt;body&gt;[39m
  [36m&lt;div&gt;[39m
    [36m&lt;div[39m
      [33mclass[39m=[32m&quot;min-h-screen w-full flex flex-col &quot;[39m
      [33mstyle[39m=[32m&quot;background: radial-gradient(ellipse at 55% 24%, #152647 0%, #091023 65%, #052947 100%); background-color: rgb(10, 21, 53); position: relative; overflow: hidden;&quot;[39m
    [36m&gt;[39m
      [36m&lt;svg[39m
        [33mclass[39m=[32m&quot;absolute inset-0 w-full h-full pointer-events-none opacity-60&quot;[39m
        [33mpreserveAspectRatio[39m=[32m&quot;none&quot;[39m
        [33mstyle[39m=[32m&quot;z-index: 0;&quot;[39m
        [33mviewBox[39m=[32m&quot;0 0 1920 1080&quot;[39m
      [36m&gt;[39m
        [36m&lt;defs&gt;[39m
          [36m&lt;radialgradient[39m
            [33mcx[39m=[32m&quot;55%&quot;[39m
            [33mcy[39m=[32m&quot;25%&quot;[39m
            [33mid[39m=[32m&quot;spotlight&quot;[39m
            [33mr[39m=[32m&quot;0.7&quot;[39m
          [36m&gt;[39m
            [36m&lt;stop[39m
              [33moffset[39m=[32m&quot;0%&quot;[39m
              [33mstop-color[39m=[32m&quot;#36d1fe22&quot;[39m
            [36m/&gt;[39m
            [36m&lt;stop[39m
              [33moffset[39m=[32m&quot;70%&quot;[39m
              [33mstop-color[39m=[32m&quot;transparent&quot;[39m
            [36m/&gt;[39m
          [36m&lt;/radialgradient&gt;[39m
        [36m&lt;/defs&gt;[39m
        [36m&lt;rect[39m
          [33mfill[39m=[32m&quot;url(#spotlight)&quot;[39m
          [33mheight[39m=[32m&quot;1080&quot;[39m
          [33mwidth[39m=[32m&quot;1920&quot;[39m
        [36m/&gt;[39m
        [36m&lt;g&gt;[39m
          [36m&lt;circle[39m
            [33mcx[39m=[32m&quot;220&quot;[39m
            [33mcy[39m=[32m&quot;180&quot;[39m
            [33mfill[39m=[32m&quot;#e6f6ff&quot;[39m
            [33mopacity[39m=[32m&quot;0.08&quot;[39m
            [33mr[39m=[32m&quot;1.2&quot;[39m
          [36m/&gt;[39m
          [36m&lt;circle[39m
            [33mcx[39m=[32m&quot;430&quot;[39m
            [33mcy[39m=[32m&quot;400&quot;[39m
            [33mfill[39m=[32m&quot;#36d1fe&quot;[39m
            [33mopacity[39m=[32m&quot;0.11&quot;[39m
            [33mr[39m=[32m&quot;1.6&quot;[39m
          [36m/&gt;[39m
          [36m&lt;circle[39m
            [33mcx[39m=[32m&quot;1520&quot;[39m
            [33mcy[39m=[32m&quot;250&quot;[39m
            [33mfill[39m=[32m&quot;#e6f6ff&quot;[39m
            [33mopacity[39m=[32m&quot;0.08&quot;[39m
            [33mr[39m=[32m&quot;1&quot;[39m
          [36m/&gt;[39m
          [36m&lt;circle[39m
            [33mcx[39m=[32m&quot;770&quot;[39m
            [33mcy[39m=[32m&quot;850&quot;[39m
            [33mfill[39m=[32m&quot;#00f0ff&quot;[39m
            [33mopacity[39m=[32m&quot;0.09&quot;[39m
            [33mr[39m=[32m&quot;0.7&quot;[39m
          [36m/&gt;[39m
          [36m&lt;circle[39m
            [33mcx[39m=[32m&quot;1430&quot;[39m
            [33mcy[39m=[32m&quot;960&quot;[39m
            [33mfill[39m=[32m&quot;#e6f6ff&quot;[39m
            [33mopacity[39m=[32m&quot;0.07&quot;[39m
            [33mr[39m=[32m&quot;1.4&quot;[39m
          [36m/&gt;[39m
          [36m&lt;circle[39m
            [33mcx[39m=[32m&quot;1190&quot;[39m
            [33mcy[39m=[32m&quot;780&quot;[39m
            [33mfill[39m=[32m&quot;#36d1fe&quot;[39m
            [33mopacity[39m=[32m&quot;0.13&quot;[39m
            [33mr[39m=[32m&quot;1.1&quot;[39m
          [36m/&gt;[39m
        [36m&lt;/g&gt;[39m
      [36m&lt;/svg&gt;[39m
      [36m&lt;div[39m
        [33mclass[39m=[32m&quot;relative z-10 flex flex-col min-h-screen w-full&quot;[39m
      [36m&gt;[39m
        [36m&lt;header[39m
          [33mclass[39m=[32m&quot;w-full flex items-center justify-between p-4 &quot;[39m
        [36m&gt;[39m
          [36m&lt;div[39m
            [33mclass[39m=[32m&quot;cursor-pointer hover:scale-105 transition-transform duration-300&quot;[39m
          [36m&gt;[39m
            [36m&lt;div[39m
              [33mclass[39m=[32m&quot;flex flex-col items-center space-y-2 &quot;[39m
            [36m&gt;[39m
              [36m&lt;h1[39m
                [33mclass[39m=[32m&quot;select-none&quot;[39m
                [33mid[39m=[32m&quot;hero-logo&quot;[39m
                [33mstyle[39m=[32m&quot;font-family: Manrope, \&quot;Inter\&quot;, Helvetica Neue, sans-serif; font-weight: 800; font-size: clamp(1.4rem, 3vw, 2.5rem); letter-spacing: 0.05em; line-height: 1.06; color: rgb(255, 255, 255); text-shadow: 0 0 5px rgba(54, 209, 254, 0.8); margin-bottom: 0px; display: flex;&quot;[39m
              [36m&gt;[39m
                [36m&lt;span[39m
                  [33mstyle[39m=[32m&quot;color: rgb(255, 255, 255);&quot;[39m
                [36m&gt;[39m
                  [0mCanAI[0m
                [36m&lt;/span&gt;[39m
                [36m&lt;span[39m
                  [33mstyle[39m=[32m&quot;background: linear-gradient(to right, #36d1fe, #07c3fb); background-clip: text; -webkit-text-fill-color: transparent; color: transparent; margin-left: 0.09em; font-weight: 800; filter: drop-shadow(0 0 10px #36d1fe88); display: inline-block;&quot;[39m
                [36m&gt;[39m
                  [0m.so[0m
                [36m&lt;/span&gt;[39m
              [36m&lt;/h1&gt;[39m
            [36m&lt;/div&gt;[39m
          [36m&lt;/div&gt;[39m
          [36m&lt;div[39m
            [33mclass[39m=[32m&quot;flex items-center gap-4&quot;[39m
          [36m&gt;[39m
            [36m&lt;button[39m
              [33mclass[39m=[32m&quot;
              text-[#cce7fa] 
              hover:text-white 
              font-manrope 
              font-medium 
              text-sm 
              px-4 py-2 
              rounded-lg 
              border border-[rgba(54,209,254,0.3)]
              hover:border-[#36d1fe]
              transition-all 
              duration-200
              hover:bg-[rgba(54,209,254,0.1)]
            &quot;[39m
            [36m&gt;[39m
              [0m← Back[0m
            [36m&lt;/button&gt;[39m
          [36m&lt;/div&gt;[39m
        [36m&lt;/header&gt;[39m
        [36m&lt;div[39m
          [33mclass[39m=[32m&quot;flex-1 px-3 sm:px-4 py-4 sm:py-8 max-w-6xl mx-auto w-full&quot;[39m
        [36m&gt;[39m
          [36m&lt;div[39m
            [33mclass[39m=[32m&quot;text-center mb-6 sm:mb-8 animate-fade-in&quot;[39m
          [36m&gt;[39m
            [36m&lt;h1[39m
              [33mclass[39m=[32m&quot;md:text-5xl font-bold text-white font-playfair tracking-tight drop-shadow-[0_2px_10px_rgba(0,0,0,0.3)] mb-2 sm:mb-4 text-2xl sm:text-3xl lg:text-4xl px-2&quot;[39m
            [36m&gt;[39m
              [0mSite Audit[0m
              [0m [0m
              [0mGeneration[0m
            [36m&lt;/h1&gt;[39m
            [36m&lt;p[39m
              [33mclass[39m=[32m&quot;md:text-lg text-[#E6F6FF] font-manrope text-lg sm:text-xl px-2&quot;[39m
            [36m&gt;[39m
              [0mCreating personalized deliverable for[0m
              [0m [0m
              [0mSprinkle Haven Bakery[0m
            [36m&lt;/p&gt;[39m
          [36m&lt;/div&gt;[39m
          [36m&lt;div[39m
            [33mclass[39m=[32m&quot;rounded-3xl border-2 transition-all duration-300 overflow-hidden relative backdrop-blur-md shadow-[0_0_30px_rgba(54,209,254,0.2)] text-white p-8 hover:shadow-[0_0_60px_rgba(54,209,254,0.5)] hover:scale-[1.02] hover:border-[#36d1fe] bg-red-500/20 border-red-500/40 max-w-3xl mx-auto&quot;[39m
          [36m&gt;[39m
            [36m&lt;div[39m
              [33mclass[39m=[32m&quot;w-full h-full break-words overflow-hidden word-wrap text-white&quot;[39m
            [36m&gt;[39m
              [36m&lt;div[39m
                [33mclass[39m=[32m&quot;flex flex-col sm:flex-row sm:items-center gap-3 sm:gap-4 text-red-200 mb-4 sm:mb-6&quot;[39m
              [36m&gt;[39m
                [36m&lt;svg[39m
                  [33maria-hidden[39m=[32m&quot;true&quot;[39m
                  [33mclass[39m=[32m&quot;lucide lucide-circle-alert w-6 h-6 sm:w-8 sm:h-8 mx-auto sm:mx-0&quot;[39m
                  [33mfill[39m=[32m&quot;none&quot;[39m
                  [33mheight[39m=[32m&quot;24&quot;[39m
                  [33mstroke[39m=[32m&quot;currentColor&quot;[39m
                  [33mstroke-linecap[39m=[32m&quot;round&quot;[39m
                  [33mstroke-linejoin[39m=[32m&quot;round&quot;[39m
                  [33mstroke-width[39m=[32m&quot;2&quot;[39m
                  [33mviewBox[39m=[32m&quot;0 0 24 24&quot;[39m
                  [33mwidth[39m=[32m&quot;24&quot;[39m
                  [33mxmlns[39m=[32m&quot;http://www.w3.org/2000/svg&quot;[39m
                [36m&gt;[39m
                  [36m&lt;circle[39m
                    [33mcx[39m=[32m&quot;12&quot;[39m
                    [33mcy[39m=[32m&quot;12&quot;[39m
                    [33mr[39m=[32m&quot;10&quot;[39m
                  [36m/&gt;[39m
                  [36m&lt;line[39m
                    [33mx1[39m=[32m&quot;12&quot;[39m
                    [33mx2[39m=[32m&quot;12&quot;[39m
                    [33my1[39m=[32m&quot;8&quot;[39m
                    [33my2[39m=[32m&quot;12&quot;[39m
                  [36m/&gt;[39m
                  [36m&lt;line[39m
                    [33mx1[39m=[32m&quot;12&quot;[39m
                    [33mx2[39m=[32m&quot;12.01&quot;[39m
                    [33my1[39m=[32m&quot;16&quot;[39m
                    [33my2[39m=[32m&quot;16&quot;[39m
                  [36m/&gt;[39m
                [36m&lt;/svg&gt;[39m
                [36m&lt;div[39m
                  [33mclass[39m=[32m&quot;text-center sm:text-left&quot;[39m
                [36m&gt;[39m
                  [36m&lt;h3[39m
                    [33mclass[39m=[32m&quot;md:text-2xl font-bold font-playfair tracking-tight drop-shadow-[0_1px_6px_rgba(0,0,0,0.3)] text-red-300 text-lg sm:text-xl&quot;[39m
                  [36m&gt;[39m
                    [0mGeneration Error[0m
                  [36m&lt;/h3&gt;[39m
                  [36m&lt;p[39m
                    [33mclass[39m=[32m&quot;md:text-lg text-[#E6F6FF] font-manrope opacity-75 text-sm sm:text-base&quot;[39m
                  [36m&gt;[39m
                    [0mGeneration failed. Please try again.[0m
                  [36m&lt;/p&gt;[39m
                [36m&lt;/div&gt;[39m
              [36m&lt;/div&gt;[39m
              [36m&lt;button[39m
                [33mclass[39m=[32m&quot;inline-flex items-center justify-center text-sm font-medium ring-offset-background transition-colors focus-visible:outline-none focus-visible:ring-2 focus-visible:ring-ring focus-visible:ring-offset-2 disabled:pointer-events-none disabled:opacity-50 border bg-background hover:text-accent-foreground h-9 rounded-md px-3 border-red-400 text-red-200 hover:bg-red-500/20 w-full sm:w-auto&quot;[39m
              [36m&gt;[39m
                [0mRetry Generation[0m
              [36m&lt;/button&gt;[39m
            [36m&lt;/div&gt;[39m
          [36m&lt;/div&gt;[39m
        [36m&lt;/div&gt;[39m
      [36m&lt;/div&gt;[39m
    [36m&lt;/div&gt;[39m
  [36m&lt;/div&gt;[39m
[36m&lt;/body&gt;[39m

Ignored nodes: comments, script, style
[36m&lt;body&gt;[39m
  [36m&lt;div&gt;[39m
    [36m&lt;div[39m
      [33mclass[39m=[32m&quot;min-h-screen w-full flex flex-col &quot;[39m
      [33mstyle[39m=[32m&quot;background: radial-gradient(ellipse at 55% 24%, #152647 0%, #091023 65%, #052947 100%); background-color: rgb(10, 21, 53); position: relative; overflow: hidden;&quot;[39m
    [36m&gt;[39m
      [36m&lt;svg[39m
        [33mclass[39m=[32m&quot;absolute inset-0 w-full h-full pointer-events-none opacity-60&quot;[39m
        [33mpreserveAspectRatio[39m=[32m&quot;none&quot;[39m
        [33mstyle[39m=[32m&quot;z-index: 0;&quot;[39m
        [33mviewBox[39m=[32m&quot;0 0 1920 1080&quot;[39m
      [36m&gt;[39m
        [36m&lt;defs&gt;[39m
          [36m&lt;radialgradient[39m
            [33mcx[39m=[32m&quot;55%&quot;[39m
            [33mcy[39m=[32m&quot;25%&quot;[39m
            [33mid[39m=[32m&quot;spotlight&quot;[39m
            [33mr[39m=[32m&quot;0.7&quot;[39m
          [36m&gt;[39m
            [36m&lt;stop[39m
              [33moffset[39m=[32m&quot;0%&quot;[39m
              [33mstop-color[39m=[32m&quot;#36d1fe22&quot;[39m
            [36m/&gt;[39m
            [36m&lt;stop[39m
              [33moffset[39m=[32m&quot;70%&quot;[39m
              [33mstop-color[39m=[32m&quot;transparent&quot;[39m
            [36m/&gt;[39m
          [36m&lt;/radialgradient&gt;[39m
        [36m&lt;/defs&gt;[39m
        [36m&lt;rect[39m
          [33mfill[39m=[32m&quot;url(#spotlight)&quot;[39m
          [33mheight[39m=[32m&quot;1080&quot;[39m
          [33mwidth[39m=[32m&quot;1920&quot;[39m
        [36m/&gt;[39m
        [36m&lt;g&gt;[39m
          [36m&lt;circle[39m
            [33mcx[39m=[32m&quot;220&quot;[39m
            [33mcy[39m=[32m&quot;180&quot;[39m
            [33mfill[39m=[32m&quot;#e6f6ff&quot;[39m
            [33mopacity[39m=[32m&quot;0.08&quot;[39m
            [33mr[39m=[32m&quot;1.2&quot;[39m
          [36m/&gt;[39m
          [36m&lt;circle[39m
            [33mcx[39m=[32m&quot;430&quot;[39m
            [33mcy[39m=[32m&quot;400&quot;[39m
            [33mfill[39m=[32m&quot;#36d1fe&quot;[39m
            [33mopacity[39m=[32m&quot;0.11&quot;[39m
            [33mr[39m=[32m&quot;1.6&quot;[39m
          [36m/&gt;[39m
          [36m&lt;circle[39m
            [33mcx[39m=[32m&quot;1520&quot;[39m
            [33mcy[39m=[32m&quot;250&quot;[39m
            [33mfill[39m=[32m&quot;#e6f6ff&quot;[39m
            [33mopacity[39m=[32m&quot;0.08&quot;[39m
            [33mr[39m=[32m&quot;1&quot;[39m
          [36m/&gt;[39m
          [36m&lt;circle[39m
            [33mcx[39m=[32m&quot;770&quot;[39m
            [33mcy[39m=[32m&quot;850&quot;[39m
            [33mfill[39m=[32m&quot;#00f0ff&quot;[39m
            [33mopacity[39m=[32m&quot;0.09&quot;[39m
            [33mr[39m=[32m&quot;0.7&quot;[39m
          [36m/&gt;[39m
          [36m&lt;circle[39m
            [33mcx[39m=[32m&quot;1430&quot;[39m
            [33mcy[39m=[32m&quot;960&quot;[39m
            [33mfill[39m=[32m&quot;#e6f6ff&quot;[39m
            [33mopacity[39m=[32m&quot;0.07&quot;[39m
            [33mr[39m=[32m&quot;1.4&quot;[39m
          [36m/&gt;[39m
          [36m&lt;circle[39m
            [33mcx[39m=[32m&quot;1190&quot;[39m
            [33mcy[39m=[32m&quot;780&quot;[39m
            [33mfill[39m=[32m&quot;#36d1fe&quot;[39m
            [33mopacity[39m=[32m&quot;0.13&quot;[39m
            [33mr[39m=[32m&quot;1.1&quot;[39m
          [36m/&gt;[39m
        [36m&lt;/g&gt;[39m
      [36m&lt;/svg&gt;[39m
      [36m&lt;div[39m
        [33mclass[39m=[32m&quot;relative z-10 flex flex-col min-h-screen w-full&quot;[39m
      [36m&gt;[39m
        [36m&lt;header[39m
          [33mclass[39m=[32m&quot;w-full flex items-center justify-between p-4 &quot;[39m
        [36m&gt;[39m
          [36m&lt;div[39m
            [33mclass[39m=[32m&quot;cursor-pointer hover:scale-105 transition-transform duration-300&quot;[39m
          [36m&gt;[39m
            [36m&lt;div[39m
              [33mclass[39m=[32m&quot;flex flex-col items-center space-y-2 &quot;[39m
            [36m&gt;[39m
              [36m&lt;h1[39m
                [33mclass[39m=[32m&quot;select-none&quot;[39m
                [33mid[39m=[32m&quot;hero-logo&quot;[39m
                [33mstyle[39m=[32m&quot;font-family: Manrope, \&quot;Inter\&quot;, Helvetica Neue, sans-serif; font-weight: 800; font-size: clamp(1.4rem, 3vw, 2.5rem); letter-spacing: 0.05em; line-height: 1.06; color: rgb(255, 255, 255); text-shadow: 0 0 5px rgba(54, 209, 254, 0.8); margin-bottom: 0px; display: flex;&quot;[39m
              [36m&gt;[39m
                [36m&lt;span[39m
                  [33mstyle[39m=[32m&quot;color: rgb(255, 255, 255);&quot;[39m
                [36m&gt;[39m
                  [0mCanAI[0m
                [36m&lt;/span&gt;[39m
                [36m&lt;span[39m
                  [33mstyle[39m=[32m&quot;background: linear-gradient(to right, #36d1fe, #07c3fb); background-clip: text; -webkit-text-fill-color: transparent; color: transparent; margin-left: 0.09em; font-weight: 800; filter: drop-shadow(0 0 10px #36d1fe88); display: inline-block;&quot;[39m
                [36m&gt;[39m
                  [0m.so[0m
                [36m&lt;/span&gt;[39m
              [36m&lt;/h1&gt;[39m
            [36m&lt;/div&gt;[39m
          [36m&lt;/div&gt;[39m
          [36m&lt;div[39m
            [33mclass[39m=[32m&quot;flex items-center gap-4&quot;[39m
          [36m&gt;[39m
            [36m&lt;button[39m
              [33mclass[39m=[32m&quot;
              text-[#cce7fa] 
              hover:text-white 
              font-manrope 
              font-medium 
              text-sm 
              px-4 py-2 
              rounded-lg 
              border border-[rgba(54,209,254,0.3)]
              hover:border-[#36d1fe]
              transition-all 
              duration-200
              hover:bg-[rgba(54,209,254,0.1)]
            &quot;[39m
            [36m&gt;[39m
              [0m← Back[0m
            [36m&lt;/button&gt;[39m
          [36m&lt;/div&gt;[39m
        [36m&lt;/header&gt;[39m
        [36m&lt;div[39m
          [33mclass[39m=[32m&quot;flex-1 px-3 sm:px-4 py-4 sm:py-8 max-w-6xl mx-auto w-full&quot;[39m
        [36m&gt;[39m
          [36m&lt;div[39m
            [33mclass[39m=[32m&quot;text-center mb-6 sm:mb-8 animate-fade-in&quot;[39m
          [36m&gt;[39m
            [36m&lt;h1[39m
              [33mclass[39m=[32m&quot;md:text-5xl font-bold text-white font-playfair tracking-tight drop-shadow-[0_2px_10px_rgba(0,0,0,0.3)] mb-2 sm:mb-4 text-2xl sm:text-3xl lg:text-4xl px-2&quot;[39m
            [36m&gt;[39m
              [0mSite Audit[0m
              [0m [0m
              [0mGeneration[0m
            [36m&lt;/h1&gt;[39m
            [36m&lt;p[39m
              [33mclass[39m=[32m&quot;md:text-lg text-[#E6F6FF] font-manrope text-lg sm:text-xl px-2&quot;[39m
            [36m&gt;[39m
              [0mCreating personalized deliverable for[0m
              [0m [0m
              [0mSprinkle Haven Bakery[0m
            [36m&lt;/p&gt;[39m
          [36m&lt;/div&gt;[39m
          [36m&lt;div[39m
            [33mclass[39m=[32m&quot;rounded-3xl border-2 transition-all duration-300 overflow-hidden relative backdrop-blur-md shadow-[0_0_30px_rgba(54,209,254,0.2)] text-white p-8 hover:shadow-[0_0_60px_rgba(54,209,254,0.5)] hover:scale-[1.02] hover:border-[#36d1fe] bg-red-500/20 border-red-500/40 max-w-3xl mx-auto&quot;[39m
          [36m&gt;[39m
            [36m&lt;div[39m
              [33mclass[39m=[32m&quot;w-full h-full break-words overflow-hidden word-wrap text-white&quot;[39m
            [36m&gt;[39m
              [36m&lt;div[39m
                [33mclass[39m=[32m&quot;flex flex-col sm:flex-row sm:items-center gap-3 sm:gap-4 text-red-200 mb-4 sm:mb-6&quot;[39m
              [36m&gt;[39m
                [36m&lt;svg[39m
                  [33maria-hidden[39m=[32m&quot;true&quot;[39m
                  [33mclass[39m=[32m&quot;lucide lucide-circle-alert w-6 h-6 sm:w-8 sm:h-8 mx-auto sm:mx-0&quot;[39m
                  [33mfill[39m=[32m&quot;none&quot;[39m
                  [33mheight[39m=[32m&quot;24&quot;[39m
                  [33mstroke[39m=[32m&quot;currentColor&quot;[39m
                  [33mstroke-linecap[39m=[32m&quot;round&quot;[39m
                  [33mstroke-linejoin[39m=[32m&quot;round&quot;[39m
                  [33mstroke-width[39m=[32m&quot;2&quot;[39m
                  [33mviewBox[39m=[32m&quot;0 0 24 24&quot;[39m
                  [33mwidth[39m=[32m&quot;24&quot;[39m
                  [33mxmlns[39m=[32m&quot;http://www.w3.org/2000/svg&quot;[39m
                [36m&gt;[39m
                  [36m&lt;circle[39m
                    [33mcx[39m=[32m&quot;12&quot;[39m
                    [33mcy[39m=[32m&quot;12&quot;[39m
                    [33mr[39m=[32m&quot;10&quot;[39m
                  [36m/&gt;[39m
                  [36m&lt;line[39m
                    [33mx1[39m=[32m&quot;12&quot;[39m
                    [33mx2[39m=[32m&quot;12&quot;[39m
                    [33my1[39m=[32m&quot;8&quot;[39m
                    [33my2[39m=[32m&quot;12&quot;[39m
                  [36m/&gt;[39m
                  [36m&lt;line[39m
                    [33mx1[39m=[32m&quot;12&quot;[39m
                    [33mx2[39m=[32m&quot;12.01&quot;[39m
                    [33my1[39m=[32m&quot;16&quot;[39m
                    [33my2[39m=[32m&quot;16&quot;[39m
                  [36m/&gt;[39m
                [36m&lt;/svg&gt;[39m
                [36m&lt;div[39m
                  [33mclass[39m=[32m&quot;text-center sm:text-left&quot;[39m
                [36m&gt;[39m
                  [36m&lt;h3[39m
                    [33mclass[39m=[32m&quot;md:text-2xl font-bold font-playfair tracking-tight drop-shadow-[0_1px_6px_rgba(0,0,0,0.3)] text-red-300 text-lg sm:text-xl&quot;[39m
                  [36m&gt;[39m
                    [0mGeneration Error[0m
                  [36m&lt;/h3&gt;[39m
                  [36m&lt;p[39m
                    [33mclass[39m=[32m&quot;md:text-lg text-[#E6F6FF] font-manrope opacity-75 text-sm sm:text-base&quot;[39m
                  [36m&gt;[39m
                    [0mGeneration failed. Please try again.[0m
                  [36m&lt;/p&gt;[39m
                [36m&lt;/div&gt;[39m
              [36m&lt;/div&gt;[39m
              [36m&lt;button[39m
                [33mclass[39m=[32m&quot;inline-flex items-center justify-center text-sm font-medium ring-offset-background transition-colors focus-visible:outline-none focus-visible:ring-2 focus-visible:ring-ring focus-visible:ring-offset-2 disabled:pointer-events-none disabled:opacity-50 border bg-background hover:text-accent-foreground h-9 rounded-md px-3 border-red-400 text-red-200 hover:bg-red-500/20 w-full sm:w-auto&quot;[39m
              [36m&gt;[39m
                [0mRetry Generation[0m
              [36m&lt;/button&gt;[39m
            [36m&lt;/div&gt;[39m
          [36m&lt;/div&gt;[39m
        [36m&lt;/div&gt;[39m
      [36m&lt;/div&gt;[39m
    [36m&lt;/div&gt;[39m
  [36m&lt;/div&gt;[39m
[36m&lt;/body&gt;[39m" type="TestingLibraryElementError">
TestingLibraryElementError: Unable to find role=&quot;button&quot; and name `/Apply Revision/i`

Ignored nodes: comments, script, style
&lt;body&gt;
  &lt;div&gt;
    &lt;div
      class=&quot;min-h-screen w-full flex flex-col &quot;
      style=&quot;background: radial-gradient(ellipse at 55% 24%, #152647 0%, #091023 65%, #052947 100%); background-color: rgb(10, 21, 53); position: relative; overflow: hidden;&quot;
    &gt;
      &lt;svg
        class=&quot;absolute inset-0 w-full h-full pointer-events-none opacity-60&quot;
        preserveAspectRatio=&quot;none&quot;
        style=&quot;z-index: 0;&quot;
        viewBox=&quot;0 0 1920 1080&quot;
      &gt;
        &lt;defs&gt;
          &lt;radialgradient
            cx=&quot;55%&quot;
            cy=&quot;25%&quot;
            id=&quot;spotlight&quot;
            r=&quot;0.7&quot;
          &gt;
            &lt;stop
              offset=&quot;0%&quot;
              stop-color=&quot;#36d1fe22&quot;
            /&gt;
            &lt;stop
              offset=&quot;70%&quot;
              stop-color=&quot;transparent&quot;
            /&gt;
          &lt;/radialgradient&gt;
        &lt;/defs&gt;
        &lt;rect
          fill=&quot;url(#spotlight)&quot;
          height=&quot;1080&quot;
          width=&quot;1920&quot;
        /&gt;
        &lt;g&gt;
          &lt;circle
            cx=&quot;220&quot;
            cy=&quot;180&quot;
            fill=&quot;#e6f6ff&quot;
            opacity=&quot;0.08&quot;
            r=&quot;1.2&quot;
          /&gt;
          &lt;circle
            cx=&quot;430&quot;
            cy=&quot;400&quot;
            fill=&quot;#36d1fe&quot;
            opacity=&quot;0.11&quot;
            r=&quot;1.6&quot;
          /&gt;
          &lt;circle
            cx=&quot;1520&quot;
            cy=&quot;250&quot;
            fill=&quot;#e6f6ff&quot;
            opacity=&quot;0.08&quot;
            r=&quot;1&quot;
          /&gt;
          &lt;circle
            cx=&quot;770&quot;
            cy=&quot;850&quot;
            fill=&quot;#00f0ff&quot;
            opacity=&quot;0.09&quot;
            r=&quot;0.7&quot;
          /&gt;
          &lt;circle
            cx=&quot;1430&quot;
            cy=&quot;960&quot;
            fill=&quot;#e6f6ff&quot;
            opacity=&quot;0.07&quot;
            r=&quot;1.4&quot;
          /&gt;
          &lt;circle
            cx=&quot;1190&quot;
            cy=&quot;780&quot;
            fill=&quot;#36d1fe&quot;
            opacity=&quot;0.13&quot;
            r=&quot;1.1&quot;
          /&gt;
        &lt;/g&gt;
      &lt;/svg&gt;
      &lt;div
        class=&quot;relative z-10 flex flex-col min-h-screen w-full&quot;
      &gt;
        &lt;header
          class=&quot;w-full flex items-center justify-between p-4 &quot;
        &gt;
          &lt;div
            class=&quot;cursor-pointer hover:scale-105 transition-transform duration-300&quot;
          &gt;
            &lt;div
              class=&quot;flex flex-col items-center space-y-2 &quot;
            &gt;
              &lt;h1
                class=&quot;select-none&quot;
                id=&quot;hero-logo&quot;
                style=&quot;font-family: Manrope, \&quot;Inter\&quot;, Helvetica Neue, sans-serif; font-weight: 800; font-size: clamp(1.4rem, 3vw, 2.5rem); letter-spacing: 0.05em; line-height: 1.06; color: rgb(255, 255, 255); text-shadow: 0 0 5px rgba(54, 209, 254, 0.8); margin-bottom: 0px; display: flex;&quot;
              &gt;
                &lt;span
                  style=&quot;color: rgb(255, 255, 255);&quot;
                &gt;
                  CanAI
                &lt;/span&gt;
                &lt;span
                  style=&quot;background: linear-gradient(to right, #36d1fe, #07c3fb); background-clip: text; -webkit-text-fill-color: transparent; color: transparent; margin-left: 0.09em; font-weight: 800; filter: drop-shadow(0 0 10px #36d1fe88); display: inline-block;&quot;
                &gt;
                  .so
                &lt;/span&gt;
              &lt;/h1&gt;
            &lt;/div&gt;
          &lt;/div&gt;
          &lt;div
            class=&quot;flex items-center gap-4&quot;
          &gt;
            &lt;button
              class=&quot;
              text-[#cce7fa] 
              hover:text-white 
              font-manrope 
              font-medium 
              text-sm 
              px-4 py-2 
              rounded-lg 
              border border-[rgba(54,209,254,0.3)]
              hover:border-[#36d1fe]
              transition-all 
              duration-200
              hover:bg-[rgba(54,209,254,0.1)]
            &quot;
            &gt;
              ← Back
            &lt;/button&gt;
          &lt;/div&gt;
        &lt;/header&gt;
        &lt;div
          class=&quot;flex-1 px-3 sm:px-4 py-4 sm:py-8 max-w-6xl mx-auto w-full&quot;
        &gt;
          &lt;div
            class=&quot;text-center mb-6 sm:mb-8 animate-fade-in&quot;
          &gt;
            &lt;h1
              class=&quot;md:text-5xl font-bold text-white font-playfair tracking-tight drop-shadow-[0_2px_10px_rgba(0,0,0,0.3)] mb-2 sm:mb-4 text-2xl sm:text-3xl lg:text-4xl px-2&quot;
            &gt;
              Site Audit
               
              Generation
            &lt;/h1&gt;
            &lt;p
              class=&quot;md:text-lg text-[#E6F6FF] font-manrope text-lg sm:text-xl px-2&quot;
            &gt;
              Creating personalized deliverable for
               
              Sprinkle Haven Bakery
            &lt;/p&gt;
          &lt;/div&gt;
          &lt;div
            class=&quot;rounded-3xl border-2 transition-all duration-300 overflow-hidden relative backdrop-blur-md shadow-[0_0_30px_rgba(54,209,254,0.2)] text-white p-8 hover:shadow-[0_0_60px_rgba(54,209,254,0.5)] hover:scale-[1.02] hover:border-[#36d1fe] bg-red-500/20 border-red-500/40 max-w-3xl mx-auto&quot;
          &gt;
            &lt;div
              class=&quot;w-full h-full break-words overflow-hidden word-wrap text-white&quot;
            &gt;
              &lt;div
                class=&quot;flex flex-col sm:flex-row sm:items-center gap-3 sm:gap-4 text-red-200 mb-4 sm:mb-6&quot;
              &gt;
                &lt;svg
                  aria-hidden=&quot;true&quot;
                  class=&quot;lucide lucide-circle-alert w-6 h-6 sm:w-8 sm:h-8 mx-auto sm:mx-0&quot;
                  fill=&quot;none&quot;
                  height=&quot;24&quot;
                  stroke=&quot;currentColor&quot;
                  stroke-linecap=&quot;round&quot;
                  stroke-linejoin=&quot;round&quot;
                  stroke-width=&quot;2&quot;
                  viewBox=&quot;0 0 24 24&quot;
                  width=&quot;24&quot;
                  xmlns=&quot;http://www.w3.org/2000/svg&quot;
                &gt;
                  &lt;circle
                    cx=&quot;12&quot;
                    cy=&quot;12&quot;
                    r=&quot;10&quot;
                  /&gt;
                  &lt;line
                    x1=&quot;12&quot;
                    x2=&quot;12&quot;
                    y1=&quot;8&quot;
                    y2=&quot;12&quot;
                  /&gt;
                  &lt;line
                    x1=&quot;12&quot;
                    x2=&quot;12.01&quot;
                    y1=&quot;16&quot;
                    y2=&quot;16&quot;
                  /&gt;
                &lt;/svg&gt;
                &lt;div
                  class=&quot;text-center sm:text-left&quot;
                &gt;
                  &lt;h3
                    class=&quot;md:text-2xl font-bold font-playfair tracking-tight drop-shadow-[0_1px_6px_rgba(0,0,0,0.3)] text-red-300 text-lg sm:text-xl&quot;
                  &gt;
                    Generation Error
                  &lt;/h3&gt;
                  &lt;p
                    class=&quot;md:text-lg text-[#E6F6FF] font-manrope opacity-75 text-sm sm:text-base&quot;
                  &gt;
                    Generation failed. Please try again.
                  &lt;/p&gt;
                &lt;/div&gt;
              &lt;/div&gt;
              &lt;button
                class=&quot;inline-flex items-center justify-center text-sm font-medium ring-offset-background transition-colors focus-visible:outline-none focus-visible:ring-2 focus-visible:ring-ring focus-visible:ring-offset-2 disabled:pointer-events-none disabled:opacity-50 border bg-background hover:text-accent-foreground h-9 rounded-md px-3 border-red-400 text-red-200 hover:bg-red-500/20 w-full sm:w-auto&quot;
              &gt;
                Retry Generation
              &lt;/button&gt;
            &lt;/div&gt;
          &lt;/div&gt;
        &lt;/div&gt;
      &lt;/div&gt;
    &lt;/div&gt;
  &lt;/div&gt;
&lt;/body&gt;

Ignored nodes: comments, script, style
&lt;body&gt;
  &lt;div&gt;
    &lt;div
      class=&quot;min-h-screen w-full flex flex-col &quot;
      style=&quot;background: radial-gradient(ellipse at 55% 24%, #152647 0%, #091023 65%, #052947 100%); background-color: rgb(10, 21, 53); position: relative; overflow: hidden;&quot;
    &gt;
      &lt;svg
        class=&quot;absolute inset-0 w-full h-full pointer-events-none opacity-60&quot;
        preserveAspectRatio=&quot;none&quot;
        style=&quot;z-index: 0;&quot;
        viewBox=&quot;0 0 1920 1080&quot;
      &gt;
        &lt;defs&gt;
          &lt;radialgradient
            cx=&quot;55%&quot;
            cy=&quot;25%&quot;
            id=&quot;spotlight&quot;
            r=&quot;0.7&quot;
          &gt;
            &lt;stop
              offset=&quot;0%&quot;
              stop-color=&quot;#36d1fe22&quot;
            /&gt;
            &lt;stop
              offset=&quot;70%&quot;
              stop-color=&quot;transparent&quot;
            /&gt;
          &lt;/radialgradient&gt;
        &lt;/defs&gt;
        &lt;rect
          fill=&quot;url(#spotlight)&quot;
          height=&quot;1080&quot;
          width=&quot;1920&quot;
        /&gt;
        &lt;g&gt;
          &lt;circle
            cx=&quot;220&quot;
            cy=&quot;180&quot;
            fill=&quot;#e6f6ff&quot;
            opacity=&quot;0.08&quot;
            r=&quot;1.2&quot;
          /&gt;
          &lt;circle
            cx=&quot;430&quot;
            cy=&quot;400&quot;
            fill=&quot;#36d1fe&quot;
            opacity=&quot;0.11&quot;
            r=&quot;1.6&quot;
          /&gt;
          &lt;circle
            cx=&quot;1520&quot;
            cy=&quot;250&quot;
            fill=&quot;#e6f6ff&quot;
            opacity=&quot;0.08&quot;
            r=&quot;1&quot;
          /&gt;
          &lt;circle
            cx=&quot;770&quot;
            cy=&quot;850&quot;
            fill=&quot;#00f0ff&quot;
            opacity=&quot;0.09&quot;
            r=&quot;0.7&quot;
          /&gt;
          &lt;circle
            cx=&quot;1430&quot;
            cy=&quot;960&quot;
            fill=&quot;#e6f6ff&quot;
            opacity=&quot;0.07&quot;
            r=&quot;1.4&quot;
          /&gt;
          &lt;circle
            cx=&quot;1190&quot;
            cy=&quot;780&quot;
            fill=&quot;#36d1fe&quot;
            opacity=&quot;0.13&quot;
            r=&quot;1.1&quot;
          /&gt;
        &lt;/g&gt;
      &lt;/svg&gt;
      &lt;div
        class=&quot;relative z-10 flex flex-col min-h-screen w-full&quot;
      &gt;
        &lt;header
          class=&quot;w-full flex items-center justify-between p-4 &quot;
        &gt;
          &lt;div
            class=&quot;cursor-pointer hover:scale-105 transition-transform duration-300&quot;
          &gt;
            &lt;div
              class=&quot;flex flex-col items-center space-y-2 &quot;
            &gt;
              &lt;h1
                class=&quot;select-none&quot;
                id=&quot;hero-logo&quot;
                style=&quot;font-family: Manrope, \&quot;Inter\&quot;, Helvetica Neue, sans-serif; font-weight: 800; font-size: clamp(1.4rem, 3vw, 2.5rem); letter-spacing: 0.05em; line-height: 1.06; color: rgb(255, 255, 255); text-shadow: 0 0 5px rgba(54, 209, 254, 0.8); margin-bottom: 0px; display: flex;&quot;
              &gt;
                &lt;span
                  style=&quot;color: rgb(255, 255, 255);&quot;
                &gt;
                  CanAI
                &lt;/span&gt;
                &lt;span
                  style=&quot;background: linear-gradient(to right, #36d1fe, #07c3fb); background-clip: text; -webkit-text-fill-color: transparent; color: transparent; margin-left: 0.09em; font-weight: 800; filter: drop-shadow(0 0 10px #36d1fe88); display: inline-block;&quot;
                &gt;
                  .so
                &lt;/span&gt;
              &lt;/h1&gt;
            &lt;/div&gt;
          &lt;/div&gt;
          &lt;div
            class=&quot;flex items-center gap-4&quot;
          &gt;
            &lt;button
              class=&quot;
              text-[#cce7fa] 
              hover:text-white 
              font-manrope 
              font-medium 
              text-sm 
              px-4 py-2 
              rounded-lg 
              border border-[rgba(54,209,254,0.3)]
              hover:border-[#36d1fe]
              transition-all 
              duration-200
              hover:bg-[rgba(54,209,254,0.1)]
            &quot;
            &gt;
              ← Back
            &lt;/button&gt;
          &lt;/div&gt;
        &lt;/header&gt;
        &lt;div
          class=&quot;flex-1 px-3 sm:px-4 py-4 sm:py-8 max-w-6xl mx-auto w-full&quot;
        &gt;
          &lt;div
            class=&quot;text-center mb-6 sm:mb-8 animate-fade-in&quot;
          &gt;
            &lt;h1
              class=&quot;md:text-5xl font-bold text-white font-playfair tracking-tight drop-shadow-[0_2px_10px_rgba(0,0,0,0.3)] mb-2 sm:mb-4 text-2xl sm:text-3xl lg:text-4xl px-2&quot;
            &gt;
              Site Audit
               
              Generation
            &lt;/h1&gt;
            &lt;p
              class=&quot;md:text-lg text-[#E6F6FF] font-manrope text-lg sm:text-xl px-2&quot;
            &gt;
              Creating personalized deliverable for
               
              Sprinkle Haven Bakery
            &lt;/p&gt;
          &lt;/div&gt;
          &lt;div
            class=&quot;rounded-3xl border-2 transition-all duration-300 overflow-hidden relative backdrop-blur-md shadow-[0_0_30px_rgba(54,209,254,0.2)] text-white p-8 hover:shadow-[0_0_60px_rgba(54,209,254,0.5)] hover:scale-[1.02] hover:border-[#36d1fe] bg-red-500/20 border-red-500/40 max-w-3xl mx-auto&quot;
          &gt;
            &lt;div
              class=&quot;w-full h-full break-words overflow-hidden word-wrap text-white&quot;
            &gt;
              &lt;div
                class=&quot;flex flex-col sm:flex-row sm:items-center gap-3 sm:gap-4 text-red-200 mb-4 sm:mb-6&quot;
              &gt;
                &lt;svg
                  aria-hidden=&quot;true&quot;
                  class=&quot;lucide lucide-circle-alert w-6 h-6 sm:w-8 sm:h-8 mx-auto sm:mx-0&quot;
                  fill=&quot;none&quot;
                  height=&quot;24&quot;
                  stroke=&quot;currentColor&quot;
                  stroke-linecap=&quot;round&quot;
                  stroke-linejoin=&quot;round&quot;
                  stroke-width=&quot;2&quot;
                  viewBox=&quot;0 0 24 24&quot;
                  width=&quot;24&quot;
                  xmlns=&quot;http://www.w3.org/2000/svg&quot;
                &gt;
                  &lt;circle
                    cx=&quot;12&quot;
                    cy=&quot;12&quot;
                    r=&quot;10&quot;
                  /&gt;
                  &lt;line
                    x1=&quot;12&quot;
                    x2=&quot;12&quot;
                    y1=&quot;8&quot;
                    y2=&quot;12&quot;
                  /&gt;
                  &lt;line
                    x1=&quot;12&quot;
                    x2=&quot;12.01&quot;
                    y1=&quot;16&quot;
                    y2=&quot;16&quot;
                  /&gt;
                &lt;/svg&gt;
                &lt;div
                  class=&quot;text-center sm:text-left&quot;
                &gt;
                  &lt;h3
                    class=&quot;md:text-2xl font-bold font-playfair tracking-tight drop-shadow-[0_1px_6px_rgba(0,0,0,0.3)] text-red-300 text-lg sm:text-xl&quot;
                  &gt;
                    Generation Error
                  &lt;/h3&gt;
                  &lt;p
                    class=&quot;md:text-lg text-[#E6F6FF] font-manrope opacity-75 text-sm sm:text-base&quot;
                  &gt;
                    Generation failed. Please try again.
                  &lt;/p&gt;
                &lt;/div&gt;
              &lt;/div&gt;
              &lt;button
                class=&quot;inline-flex items-center justify-center text-sm font-medium ring-offset-background transition-colors focus-visible:outline-none focus-visible:ring-2 focus-visible:ring-ring focus-visible:ring-offset-2 disabled:pointer-events-none disabled:opacity-50 border bg-background hover:text-accent-foreground h-9 rounded-md px-3 border-red-400 text-red-200 hover:bg-red-500/20 w-full sm:w-auto&quot;
              &gt;
                Retry Generation
              &lt;/button&gt;
            &lt;/div&gt;
          &lt;/div&gt;
        &lt;/div&gt;
      &lt;/div&gt;
    &lt;/div&gt;
  &lt;/div&gt;
&lt;/body&gt;
 ❯ waitForWrapper node_modules/@testing-library/dom/dist/wait-for.js:163:27
 ❯ node_modules/@testing-library/dom/dist/query-helpers.js:86:33
 ❯ frontend/src/tests/DeliverableGeneration.test.tsx:386:41
            </failure>
        </testcase>
        <testcase classname="frontend/src/tests/DeliverableGeneration.test.tsx" name="F7-tests: Enhanced Deliverable Generation Tests &gt; should enforce regeneration limit and track attempts" time="10.0657215">
            <system-out>
[DeliverableGeneration] Page loaded, starting generation process
[DeliverableGeneration] Starting deliverable generation

            </system-out>
            <system-err>
[DeliverableGeneration] Generation failed: ReferenceError: step is not defined
    at [90mC:\Projects\canai-platform\[39mfrontend\src\pages\DeliverableGeneration.tsx:159:37
    at [90mC:\Projects\canai-platform\[39mfrontend\src\pages\DeliverableGeneration.tsx:233:5
    at commitHookEffectListMount [90m(C:\Projects\canai-platform\[39mnode_modules\[4mreact-dom[24m\cjs\react-dom.development.js:23189:26[90m)[39m
    at commitPassiveMountOnFiber [90m(C:\Projects\canai-platform\[39mnode_modules\[4mreact-dom[24m\cjs\react-dom.development.js:24970:11[90m)[39m
    at commitPassiveMountEffects_complete [90m(C:\Projects\canai-platform\[39mnode_modules\[4mreact-dom[24m\cjs\react-dom.development.js:24930:9[90m)[39m
    at commitPassiveMountEffects_begin [90m(C:\Projects\canai-platform\[39mnode_modules\[4mreact-dom[24m\cjs\react-dom.development.js:24917:7[90m)[39m
    at commitPassiveMountEffects [90m(C:\Projects\canai-platform\[39mnode_modules\[4mreact-dom[24m\cjs\react-dom.development.js:24905:3[90m)[39m
    at flushPassiveEffectsImpl [90m(C:\Projects\canai-platform\[39mnode_modules\[4mreact-dom[24m\cjs\react-dom.development.js:27078:3[90m)[39m
    at flushPassiveEffects [90m(C:\Projects\canai-platform\[39mnode_modules\[4mreact-dom[24m\cjs\react-dom.development.js:27023:14[90m)[39m
    at [90mC:\Projects\canai-platform\[39mnode_modules\[4mreact-dom[24m\cjs\react-dom.development.js:26808:9

[DeliverableGeneration] Global timeout reached, exiting generation loop

            </system-err>
            <failure message="Unable to find role=&quot;button&quot; and name `/Regenerate/i`

Ignored nodes: comments, script, style
[36m&lt;body&gt;[39m
  [36m&lt;div&gt;[39m
    [36m&lt;div[39m
      [33mclass[39m=[32m&quot;min-h-screen w-full flex flex-col &quot;[39m
      [33mstyle[39m=[32m&quot;background: radial-gradient(ellipse at 55% 24%, #152647 0%, #091023 65%, #052947 100%); background-color: rgb(10, 21, 53); position: relative; overflow: hidden;&quot;[39m
    [36m&gt;[39m
      [36m&lt;svg[39m
        [33mclass[39m=[32m&quot;absolute inset-0 w-full h-full pointer-events-none opacity-60&quot;[39m
        [33mpreserveAspectRatio[39m=[32m&quot;none&quot;[39m
        [33mstyle[39m=[32m&quot;z-index: 0;&quot;[39m
        [33mviewBox[39m=[32m&quot;0 0 1920 1080&quot;[39m
      [36m&gt;[39m
        [36m&lt;defs&gt;[39m
          [36m&lt;radialgradient[39m
            [33mcx[39m=[32m&quot;55%&quot;[39m
            [33mcy[39m=[32m&quot;25%&quot;[39m
            [33mid[39m=[32m&quot;spotlight&quot;[39m
            [33mr[39m=[32m&quot;0.7&quot;[39m
          [36m&gt;[39m
            [36m&lt;stop[39m
              [33moffset[39m=[32m&quot;0%&quot;[39m
              [33mstop-color[39m=[32m&quot;#36d1fe22&quot;[39m
            [36m/&gt;[39m
            [36m&lt;stop[39m
              [33moffset[39m=[32m&quot;70%&quot;[39m
              [33mstop-color[39m=[32m&quot;transparent&quot;[39m
            [36m/&gt;[39m
          [36m&lt;/radialgradient&gt;[39m
        [36m&lt;/defs&gt;[39m
        [36m&lt;rect[39m
          [33mfill[39m=[32m&quot;url(#spotlight)&quot;[39m
          [33mheight[39m=[32m&quot;1080&quot;[39m
          [33mwidth[39m=[32m&quot;1920&quot;[39m
        [36m/&gt;[39m
        [36m&lt;g&gt;[39m
          [36m&lt;circle[39m
            [33mcx[39m=[32m&quot;220&quot;[39m
            [33mcy[39m=[32m&quot;180&quot;[39m
            [33mfill[39m=[32m&quot;#e6f6ff&quot;[39m
            [33mopacity[39m=[32m&quot;0.08&quot;[39m
            [33mr[39m=[32m&quot;1.2&quot;[39m
          [36m/&gt;[39m
          [36m&lt;circle[39m
            [33mcx[39m=[32m&quot;430&quot;[39m
            [33mcy[39m=[32m&quot;400&quot;[39m
            [33mfill[39m=[32m&quot;#36d1fe&quot;[39m
            [33mopacity[39m=[32m&quot;0.11&quot;[39m
            [33mr[39m=[32m&quot;1.6&quot;[39m
          [36m/&gt;[39m
          [36m&lt;circle[39m
            [33mcx[39m=[32m&quot;1520&quot;[39m
            [33mcy[39m=[32m&quot;250&quot;[39m
            [33mfill[39m=[32m&quot;#e6f6ff&quot;[39m
            [33mopacity[39m=[32m&quot;0.08&quot;[39m
            [33mr[39m=[32m&quot;1&quot;[39m
          [36m/&gt;[39m
          [36m&lt;circle[39m
            [33mcx[39m=[32m&quot;770&quot;[39m
            [33mcy[39m=[32m&quot;850&quot;[39m
            [33mfill[39m=[32m&quot;#00f0ff&quot;[39m
            [33mopacity[39m=[32m&quot;0.09&quot;[39m
            [33mr[39m=[32m&quot;0.7&quot;[39m
          [36m/&gt;[39m
          [36m&lt;circle[39m
            [33mcx[39m=[32m&quot;1430&quot;[39m
            [33mcy[39m=[32m&quot;960&quot;[39m
            [33mfill[39m=[32m&quot;#e6f6ff&quot;[39m
            [33mopacity[39m=[32m&quot;0.07&quot;[39m
            [33mr[39m=[32m&quot;1.4&quot;[39m
          [36m/&gt;[39m
          [36m&lt;circle[39m
            [33mcx[39m=[32m&quot;1190&quot;[39m
            [33mcy[39m=[32m&quot;780&quot;[39m
            [33mfill[39m=[32m&quot;#36d1fe&quot;[39m
            [33mopacity[39m=[32m&quot;0.13&quot;[39m
            [33mr[39m=[32m&quot;1.1&quot;[39m
          [36m/&gt;[39m
        [36m&lt;/g&gt;[39m
      [36m&lt;/svg&gt;[39m
      [36m&lt;div[39m
        [33mclass[39m=[32m&quot;relative z-10 flex flex-col min-h-screen w-full&quot;[39m
      [36m&gt;[39m
        [36m&lt;header[39m
          [33mclass[39m=[32m&quot;w-full flex items-center justify-between p-4 &quot;[39m
        [36m&gt;[39m
          [36m&lt;div[39m
            [33mclass[39m=[32m&quot;cursor-pointer hover:scale-105 transition-transform duration-300&quot;[39m
          [36m&gt;[39m
            [36m&lt;div[39m
              [33mclass[39m=[32m&quot;flex flex-col items-center space-y-2 &quot;[39m
            [36m&gt;[39m
              [36m&lt;h1[39m
                [33mclass[39m=[32m&quot;select-none&quot;[39m
                [33mid[39m=[32m&quot;hero-logo&quot;[39m
                [33mstyle[39m=[32m&quot;font-family: Manrope, \&quot;Inter\&quot;, Helvetica Neue, sans-serif; font-weight: 800; font-size: clamp(1.4rem, 3vw, 2.5rem); letter-spacing: 0.05em; line-height: 1.06; color: rgb(255, 255, 255); text-shadow: 0 0 5px rgba(54, 209, 254, 0.8); margin-bottom: 0px; display: flex;&quot;[39m
              [36m&gt;[39m
                [36m&lt;span[39m
                  [33mstyle[39m=[32m&quot;color: rgb(255, 255, 255);&quot;[39m
                [36m&gt;[39m
                  [0mCanAI[0m
                [36m&lt;/span&gt;[39m
                [36m&lt;span[39m
                  [33mstyle[39m=[32m&quot;background: linear-gradient(to right, #36d1fe, #07c3fb); background-clip: text; -webkit-text-fill-color: transparent; color: transparent; margin-left: 0.09em; font-weight: 800; filter: drop-shadow(0 0 10px #36d1fe88); display: inline-block;&quot;[39m
                [36m&gt;[39m
                  [0m.so[0m
                [36m&lt;/span&gt;[39m
              [36m&lt;/h1&gt;[39m
            [36m&lt;/div&gt;[39m
          [36m&lt;/div&gt;[39m
          [36m&lt;div[39m
            [33mclass[39m=[32m&quot;flex items-center gap-4&quot;[39m
          [36m&gt;[39m
            [36m&lt;button[39m
              [33mclass[39m=[32m&quot;
              text-[#cce7fa] 
              hover:text-white 
              font-manrope 
              font-medium 
              text-sm 
              px-4 py-2 
              rounded-lg 
              border border-[rgba(54,209,254,0.3)]
              hover:border-[#36d1fe]
              transition-all 
              duration-200
              hover:bg-[rgba(54,209,254,0.1)]
            &quot;[39m
            [36m&gt;[39m
              [0m← Back[0m
            [36m&lt;/button&gt;[39m
          [36m&lt;/div&gt;[39m
        [36m&lt;/header&gt;[39m
        [36m&lt;div[39m
          [33mclass[39m=[32m&quot;flex-1 px-3 sm:px-4 py-4 sm:py-8 max-w-6xl mx-auto w-full&quot;[39m
        [36m&gt;[39m
          [36m&lt;div[39m
            [33mclass[39m=[32m&quot;text-center mb-6 sm:mb-8 animate-fade-in&quot;[39m
          [36m&gt;[39m
            [36m&lt;h1[39m
              [33mclass[39m=[32m&quot;md:text-5xl font-bold text-white font-playfair tracking-tight drop-shadow-[0_2px_10px_rgba(0,0,0,0.3)] mb-2 sm:mb-4 text-2xl sm:text-3xl lg:text-4xl px-2&quot;[39m
            [36m&gt;[39m
              [0mSite Audit[0m
              [0m [0m
              [0mGeneration[0m
            [36m&lt;/h1&gt;[39m
            [36m&lt;p[39m
              [33mclass[39m=[32m&quot;md:text-lg text-[#E6F6FF] font-manrope text-lg sm:text-xl px-2&quot;[39m
            [36m&gt;[39m
              [0mCreating personalized deliverable for[0m
              [0m [0m
              [0mSprinkle Haven Bakery[0m
            [36m&lt;/p&gt;[39m
          [36m&lt;/div&gt;[39m
          [36m&lt;div[39m
            [33mclass[39m=[32m&quot;rounded-3xl border-2 transition-all duration-300 overflow-hidden relative backdrop-blur-md shadow-[0_0_30px_rgba(54,209,254,0.2)] text-white p-8 hover:shadow-[0_0_60px_rgba(54,209,254,0.5)] hover:scale-[1.02] hover:border-[#36d1fe] bg-red-500/20 border-red-500/40 max-w-3xl mx-auto&quot;[39m
          [36m&gt;[39m
            [36m&lt;div[39m
              [33mclass[39m=[32m&quot;w-full h-full break-words overflow-hidden word-wrap text-white&quot;[39m
            [36m&gt;[39m
              [36m&lt;div[39m
                [33mclass[39m=[32m&quot;flex flex-col sm:flex-row sm:items-center gap-3 sm:gap-4 text-red-200 mb-4 sm:mb-6&quot;[39m
              [36m&gt;[39m
                [36m&lt;svg[39m
                  [33maria-hidden[39m=[32m&quot;true&quot;[39m
                  [33mclass[39m=[32m&quot;lucide lucide-circle-alert w-6 h-6 sm:w-8 sm:h-8 mx-auto sm:mx-0&quot;[39m
                  [33mfill[39m=[32m&quot;none&quot;[39m
                  [33mheight[39m=[32m&quot;24&quot;[39m
                  [33mstroke[39m=[32m&quot;currentColor&quot;[39m
                  [33mstroke-linecap[39m=[32m&quot;round&quot;[39m
                  [33mstroke-linejoin[39m=[32m&quot;round&quot;[39m
                  [33mstroke-width[39m=[32m&quot;2&quot;[39m
                  [33mviewBox[39m=[32m&quot;0 0 24 24&quot;[39m
                  [33mwidth[39m=[32m&quot;24&quot;[39m
                  [33mxmlns[39m=[32m&quot;http://www.w3.org/2000/svg&quot;[39m
                [36m&gt;[39m
                  [36m&lt;circle[39m
                    [33mcx[39m=[32m&quot;12&quot;[39m
                    [33mcy[39m=[32m&quot;12&quot;[39m
                    [33mr[39m=[32m&quot;10&quot;[39m
                  [36m/&gt;[39m
                  [36m&lt;line[39m
                    [33mx1[39m=[32m&quot;12&quot;[39m
                    [33mx2[39m=[32m&quot;12&quot;[39m
                    [33my1[39m=[32m&quot;8&quot;[39m
                    [33my2[39m=[32m&quot;12&quot;[39m
                  [36m/&gt;[39m
                  [36m&lt;line[39m
                    [33mx1[39m=[32m&quot;12&quot;[39m
                    [33mx2[39m=[32m&quot;12.01&quot;[39m
                    [33my1[39m=[32m&quot;16&quot;[39m
                    [33my2[39m=[32m&quot;16&quot;[39m
                  [36m/&gt;[39m
                [36m&lt;/svg&gt;[39m
                [36m&lt;div[39m
                  [33mclass[39m=[32m&quot;text-center sm:text-left&quot;[39m
                [36m&gt;[39m
                  [36m&lt;h3[39m
                    [33mclass[39m=[32m&quot;md:text-2xl font-bold font-playfair tracking-tight drop-shadow-[0_1px_6px_rgba(0,0,0,0.3)] text-red-300 text-lg sm:text-xl&quot;[39m
                  [36m&gt;[39m
                    [0mGeneration Error[0m
                  [36m&lt;/h3&gt;[39m
                  [36m&lt;p[39m
                    [33mclass[39m=[32m&quot;md:text-lg text-[#E6F6FF] font-manrope opacity-75 text-sm sm:text-base&quot;[39m
                  [36m&gt;[39m
                    [0mGeneration failed. Please try again.[0m
                  [36m&lt;/p&gt;[39m
                [36m&lt;/div&gt;[39m
              [36m&lt;/div&gt;[39m
              [36m&lt;button[39m
                [33mclass[39m=[32m&quot;inline-flex items-center justify-center text-sm font-medium ring-offset-background transition-colors focus-visible:outline-none focus-visible:ring-2 focus-visible:ring-ring focus-visible:ring-offset-2 disabled:pointer-events-none disabled:opacity-50 border bg-background hover:text-accent-foreground h-9 rounded-md px-3 border-red-400 text-red-200 hover:bg-red-500/20 w-full sm:w-auto&quot;[39m
              [36m&gt;[39m
                [0mRetry Generation[0m
              [36m&lt;/button&gt;[39m
            [36m&lt;/div&gt;[39m
          [36m&lt;/div&gt;[39m
        [36m&lt;/div&gt;[39m
      [36m&lt;/div&gt;[39m
    [36m&lt;/div&gt;[39m
  [36m&lt;/div&gt;[39m
[36m&lt;/body&gt;[39m

Ignored nodes: comments, script, style
[36m&lt;body&gt;[39m
  [36m&lt;div&gt;[39m
    [36m&lt;div[39m
      [33mclass[39m=[32m&quot;min-h-screen w-full flex flex-col &quot;[39m
      [33mstyle[39m=[32m&quot;background: radial-gradient(ellipse at 55% 24%, #152647 0%, #091023 65%, #052947 100%); background-color: rgb(10, 21, 53); position: relative; overflow: hidden;&quot;[39m
    [36m&gt;[39m
      [36m&lt;svg[39m
        [33mclass[39m=[32m&quot;absolute inset-0 w-full h-full pointer-events-none opacity-60&quot;[39m
        [33mpreserveAspectRatio[39m=[32m&quot;none&quot;[39m
        [33mstyle[39m=[32m&quot;z-index: 0;&quot;[39m
        [33mviewBox[39m=[32m&quot;0 0 1920 1080&quot;[39m
      [36m&gt;[39m
        [36m&lt;defs&gt;[39m
          [36m&lt;radialgradient[39m
            [33mcx[39m=[32m&quot;55%&quot;[39m
            [33mcy[39m=[32m&quot;25%&quot;[39m
            [33mid[39m=[32m&quot;spotlight&quot;[39m
            [33mr[39m=[32m&quot;0.7&quot;[39m
          [36m&gt;[39m
            [36m&lt;stop[39m
              [33moffset[39m=[32m&quot;0%&quot;[39m
              [33mstop-color[39m=[32m&quot;#36d1fe22&quot;[39m
            [36m/&gt;[39m
            [36m&lt;stop[39m
              [33moffset[39m=[32m&quot;70%&quot;[39m
              [33mstop-color[39m=[32m&quot;transparent&quot;[39m
            [36m/&gt;[39m
          [36m&lt;/radialgradient&gt;[39m
        [36m&lt;/defs&gt;[39m
        [36m&lt;rect[39m
          [33mfill[39m=[32m&quot;url(#spotlight)&quot;[39m
          [33mheight[39m=[32m&quot;1080&quot;[39m
          [33mwidth[39m=[32m&quot;1920&quot;[39m
        [36m/&gt;[39m
        [36m&lt;g&gt;[39m
          [36m&lt;circle[39m
            [33mcx[39m=[32m&quot;220&quot;[39m
            [33mcy[39m=[32m&quot;180&quot;[39m
            [33mfill[39m=[32m&quot;#e6f6ff&quot;[39m
            [33mopacity[39m=[32m&quot;0.08&quot;[39m
            [33mr[39m=[32m&quot;1.2&quot;[39m
          [36m/&gt;[39m
          [36m&lt;circle[39m
            [33mcx[39m=[32m&quot;430&quot;[39m
            [33mcy[39m=[32m&quot;400&quot;[39m
            [33mfill[39m=[32m&quot;#36d1fe&quot;[39m
            [33mopacity[39m=[32m&quot;0.11&quot;[39m
            [33mr[39m=[32m&quot;1.6&quot;[39m
          [36m/&gt;[39m
          [36m&lt;circle[39m
            [33mcx[39m=[32m&quot;1520&quot;[39m
            [33mcy[39m=[32m&quot;250&quot;[39m
            [33mfill[39m=[32m&quot;#e6f6ff&quot;[39m
            [33mopacity[39m=[32m&quot;0.08&quot;[39m
            [33mr[39m=[32m&quot;1&quot;[39m
          [36m/&gt;[39m
          [36m&lt;circle[39m
            [33mcx[39m=[32m&quot;770&quot;[39m
            [33mcy[39m=[32m&quot;850&quot;[39m
            [33mfill[39m=[32m&quot;#00f0ff&quot;[39m
            [33mopacity[39m=[32m&quot;0.09&quot;[39m
            [33mr[39m=[32m&quot;0.7&quot;[39m
          [36m/&gt;[39m
          [36m&lt;circle[39m
            [33mcx[39m=[32m&quot;1430&quot;[39m
            [33mcy[39m=[32m&quot;960&quot;[39m
            [33mfill[39m=[32m&quot;#e6f6ff&quot;[39m
            [33mopacity[39m=[32m&quot;0.07&quot;[39m
            [33mr[39m=[32m&quot;1.4&quot;[39m
          [36m/&gt;[39m
          [36m&lt;circle[39m
            [33mcx[39m=[32m&quot;1190&quot;[39m
            [33mcy[39m=[32m&quot;780&quot;[39m
            [33mfill[39m=[32m&quot;#36d1fe&quot;[39m
            [33mopacity[39m=[32m&quot;0.13&quot;[39m
            [33mr[39m=[32m&quot;1.1&quot;[39m
          [36m/&gt;[39m
        [36m&lt;/g&gt;[39m
      [36m&lt;/svg&gt;[39m
      [36m&lt;div[39m
        [33mclass[39m=[32m&quot;relative z-10 flex flex-col min-h-screen w-full&quot;[39m
      [36m&gt;[39m
        [36m&lt;header[39m
          [33mclass[39m=[32m&quot;w-full flex items-center justify-between p-4 &quot;[39m
        [36m&gt;[39m
          [36m&lt;div[39m
            [33mclass[39m=[32m&quot;cursor-pointer hover:scale-105 transition-transform duration-300&quot;[39m
          [36m&gt;[39m
            [36m&lt;div[39m
              [33mclass[39m=[32m&quot;flex flex-col items-center space-y-2 &quot;[39m
            [36m&gt;[39m
              [36m&lt;h1[39m
                [33mclass[39m=[32m&quot;select-none&quot;[39m
                [33mid[39m=[32m&quot;hero-logo&quot;[39m
                [33mstyle[39m=[32m&quot;font-family: Manrope, \&quot;Inter\&quot;, Helvetica Neue, sans-serif; font-weight: 800; font-size: clamp(1.4rem, 3vw, 2.5rem); letter-spacing: 0.05em; line-height: 1.06; color: rgb(255, 255, 255); text-shadow: 0 0 5px rgba(54, 209, 254, 0.8); margin-bottom: 0px; display: flex;&quot;[39m
              [36m&gt;[39m
                [36m&lt;span[39m
                  [33mstyle[39m=[32m&quot;color: rgb(255, 255, 255);&quot;[39m
                [36m&gt;[39m
                  [0mCanAI[0m
                [36m&lt;/span&gt;[39m
                [36m&lt;span[39m
                  [33mstyle[39m=[32m&quot;background: linear-gradient(to right, #36d1fe, #07c3fb); background-clip: text; -webkit-text-fill-color: transparent; color: transparent; margin-left: 0.09em; font-weight: 800; filter: drop-shadow(0 0 10px #36d1fe88); display: inline-block;&quot;[39m
                [36m&gt;[39m
                  [0m.so[0m
                [36m&lt;/span&gt;[39m
              [36m&lt;/h1&gt;[39m
            [36m&lt;/div&gt;[39m
          [36m&lt;/div&gt;[39m
          [36m&lt;div[39m
            [33mclass[39m=[32m&quot;flex items-center gap-4&quot;[39m
          [36m&gt;[39m
            [36m&lt;button[39m
              [33mclass[39m=[32m&quot;
              text-[#cce7fa] 
              hover:text-white 
              font-manrope 
              font-medium 
              text-sm 
              px-4 py-2 
              rounded-lg 
              border border-[rgba(54,209,254,0.3)]
              hover:border-[#36d1fe]
              transition-all 
              duration-200
              hover:bg-[rgba(54,209,254,0.1)]
            &quot;[39m
            [36m&gt;[39m
              [0m← Back[0m
            [36m&lt;/button&gt;[39m
          [36m&lt;/div&gt;[39m
        [36m&lt;/header&gt;[39m
        [36m&lt;div[39m
          [33mclass[39m=[32m&quot;flex-1 px-3 sm:px-4 py-4 sm:py-8 max-w-6xl mx-auto w-full&quot;[39m
        [36m&gt;[39m
          [36m&lt;div[39m
            [33mclass[39m=[32m&quot;text-center mb-6 sm:mb-8 animate-fade-in&quot;[39m
          [36m&gt;[39m
            [36m&lt;h1[39m
              [33mclass[39m=[32m&quot;md:text-5xl font-bold text-white font-playfair tracking-tight drop-shadow-[0_2px_10px_rgba(0,0,0,0.3)] mb-2 sm:mb-4 text-2xl sm:text-3xl lg:text-4xl px-2&quot;[39m
            [36m&gt;[39m
              [0mSite Audit[0m
              [0m [0m
              [0mGeneration[0m
            [36m&lt;/h1&gt;[39m
            [36m&lt;p[39m
              [33mclass[39m=[32m&quot;md:text-lg text-[#E6F6FF] font-manrope text-lg sm:text-xl px-2&quot;[39m
            [36m&gt;[39m
              [0mCreating personalized deliverable for[0m
              [0m [0m
              [0mSprinkle Haven Bakery[0m
            [36m&lt;/p&gt;[39m
          [36m&lt;/div&gt;[39m
          [36m&lt;div[39m
            [33mclass[39m=[32m&quot;rounded-3xl border-2 transition-all duration-300 overflow-hidden relative backdrop-blur-md shadow-[0_0_30px_rgba(54,209,254,0.2)] text-white p-8 hover:shadow-[0_0_60px_rgba(54,209,254,0.5)] hover:scale-[1.02] hover:border-[#36d1fe] bg-red-500/20 border-red-500/40 max-w-3xl mx-auto&quot;[39m
          [36m&gt;[39m
            [36m&lt;div[39m
              [33mclass[39m=[32m&quot;w-full h-full break-words overflow-hidden word-wrap text-white&quot;[39m
            [36m&gt;[39m
              [36m&lt;div[39m
                [33mclass[39m=[32m&quot;flex flex-col sm:flex-row sm:items-center gap-3 sm:gap-4 text-red-200 mb-4 sm:mb-6&quot;[39m
              [36m&gt;[39m
                [36m&lt;svg[39m
                  [33maria-hidden[39m=[32m&quot;true&quot;[39m
                  [33mclass[39m=[32m&quot;lucide lucide-circle-alert w-6 h-6 sm:w-8 sm:h-8 mx-auto sm:mx-0&quot;[39m
                  [33mfill[39m=[32m&quot;none&quot;[39m
                  [33mheight[39m=[32m&quot;24&quot;[39m
                  [33mstroke[39m=[32m&quot;currentColor&quot;[39m
                  [33mstroke-linecap[39m=[32m&quot;round&quot;[39m
                  [33mstroke-linejoin[39m=[32m&quot;round&quot;[39m
                  [33mstroke-width[39m=[32m&quot;2&quot;[39m
                  [33mviewBox[39m=[32m&quot;0 0 24 24&quot;[39m
                  [33mwidth[39m=[32m&quot;24&quot;[39m
                  [33mxmlns[39m=[32m&quot;http://www.w3.org/2000/svg&quot;[39m
                [36m&gt;[39m
                  [36m&lt;circle[39m
                    [33mcx[39m=[32m&quot;12&quot;[39m
                    [33mcy[39m=[32m&quot;12&quot;[39m
                    [33mr[39m=[32m&quot;10&quot;[39m
                  [36m/&gt;[39m
                  [36m&lt;line[39m
                    [33mx1[39m=[32m&quot;12&quot;[39m
                    [33mx2[39m=[32m&quot;12&quot;[39m
                    [33my1[39m=[32m&quot;8&quot;[39m
                    [33my2[39m=[32m&quot;12&quot;[39m
                  [36m/&gt;[39m
                  [36m&lt;line[39m
                    [33mx1[39m=[32m&quot;12&quot;[39m
                    [33mx2[39m=[32m&quot;12.01&quot;[39m
                    [33my1[39m=[32m&quot;16&quot;[39m
                    [33my2[39m=[32m&quot;16&quot;[39m
                  [36m/&gt;[39m
                [36m&lt;/svg&gt;[39m
                [36m&lt;div[39m
                  [33mclass[39m=[32m&quot;text-center sm:text-left&quot;[39m
                [36m&gt;[39m
                  [36m&lt;h3[39m
                    [33mclass[39m=[32m&quot;md:text-2xl font-bold font-playfair tracking-tight drop-shadow-[0_1px_6px_rgba(0,0,0,0.3)] text-red-300 text-lg sm:text-xl&quot;[39m
                  [36m&gt;[39m
                    [0mGeneration Error[0m
                  [36m&lt;/h3&gt;[39m
                  [36m&lt;p[39m
                    [33mclass[39m=[32m&quot;md:text-lg text-[#E6F6FF] font-manrope opacity-75 text-sm sm:text-base&quot;[39m
                  [36m&gt;[39m
                    [0mGeneration failed. Please try again.[0m
                  [36m&lt;/p&gt;[39m
                [36m&lt;/div&gt;[39m
              [36m&lt;/div&gt;[39m
              [36m&lt;button[39m
                [33mclass[39m=[32m&quot;inline-flex items-center justify-center text-sm font-medium ring-offset-background transition-colors focus-visible:outline-none focus-visible:ring-2 focus-visible:ring-ring focus-visible:ring-offset-2 disabled:pointer-events-none disabled:opacity-50 border bg-background hover:text-accent-foreground h-9 rounded-md px-3 border-red-400 text-red-200 hover:bg-red-500/20 w-full sm:w-auto&quot;[39m
              [36m&gt;[39m
                [0mRetry Generation[0m
              [36m&lt;/button&gt;[39m
            [36m&lt;/div&gt;[39m
          [36m&lt;/div&gt;[39m
        [36m&lt;/div&gt;[39m
      [36m&lt;/div&gt;[39m
    [36m&lt;/div&gt;[39m
  [36m&lt;/div&gt;[39m
[36m&lt;/body&gt;[39m" type="TestingLibraryElementError">
TestingLibraryElementError: Unable to find role=&quot;button&quot; and name `/Regenerate/i`

Ignored nodes: comments, script, style
&lt;body&gt;
  &lt;div&gt;
    &lt;div
      class=&quot;min-h-screen w-full flex flex-col &quot;
      style=&quot;background: radial-gradient(ellipse at 55% 24%, #152647 0%, #091023 65%, #052947 100%); background-color: rgb(10, 21, 53); position: relative; overflow: hidden;&quot;
    &gt;
      &lt;svg
        class=&quot;absolute inset-0 w-full h-full pointer-events-none opacity-60&quot;
        preserveAspectRatio=&quot;none&quot;
        style=&quot;z-index: 0;&quot;
        viewBox=&quot;0 0 1920 1080&quot;
      &gt;
        &lt;defs&gt;
          &lt;radialgradient
            cx=&quot;55%&quot;
            cy=&quot;25%&quot;
            id=&quot;spotlight&quot;
            r=&quot;0.7&quot;
          &gt;
            &lt;stop
              offset=&quot;0%&quot;
              stop-color=&quot;#36d1fe22&quot;
            /&gt;
            &lt;stop
              offset=&quot;70%&quot;
              stop-color=&quot;transparent&quot;
            /&gt;
          &lt;/radialgradient&gt;
        &lt;/defs&gt;
        &lt;rect
          fill=&quot;url(#spotlight)&quot;
          height=&quot;1080&quot;
          width=&quot;1920&quot;
        /&gt;
        &lt;g&gt;
          &lt;circle
            cx=&quot;220&quot;
            cy=&quot;180&quot;
            fill=&quot;#e6f6ff&quot;
            opacity=&quot;0.08&quot;
            r=&quot;1.2&quot;
          /&gt;
          &lt;circle
            cx=&quot;430&quot;
            cy=&quot;400&quot;
            fill=&quot;#36d1fe&quot;
            opacity=&quot;0.11&quot;
            r=&quot;1.6&quot;
          /&gt;
          &lt;circle
            cx=&quot;1520&quot;
            cy=&quot;250&quot;
            fill=&quot;#e6f6ff&quot;
            opacity=&quot;0.08&quot;
            r=&quot;1&quot;
          /&gt;
          &lt;circle
            cx=&quot;770&quot;
            cy=&quot;850&quot;
            fill=&quot;#00f0ff&quot;
            opacity=&quot;0.09&quot;
            r=&quot;0.7&quot;
          /&gt;
          &lt;circle
            cx=&quot;1430&quot;
            cy=&quot;960&quot;
            fill=&quot;#e6f6ff&quot;
            opacity=&quot;0.07&quot;
            r=&quot;1.4&quot;
          /&gt;
          &lt;circle
            cx=&quot;1190&quot;
            cy=&quot;780&quot;
            fill=&quot;#36d1fe&quot;
            opacity=&quot;0.13&quot;
            r=&quot;1.1&quot;
          /&gt;
        &lt;/g&gt;
      &lt;/svg&gt;
      &lt;div
        class=&quot;relative z-10 flex flex-col min-h-screen w-full&quot;
      &gt;
        &lt;header
          class=&quot;w-full flex items-center justify-between p-4 &quot;
        &gt;
          &lt;div
            class=&quot;cursor-pointer hover:scale-105 transition-transform duration-300&quot;
          &gt;
            &lt;div
              class=&quot;flex flex-col items-center space-y-2 &quot;
            &gt;
              &lt;h1
                class=&quot;select-none&quot;
                id=&quot;hero-logo&quot;
                style=&quot;font-family: Manrope, \&quot;Inter\&quot;, Helvetica Neue, sans-serif; font-weight: 800; font-size: clamp(1.4rem, 3vw, 2.5rem); letter-spacing: 0.05em; line-height: 1.06; color: rgb(255, 255, 255); text-shadow: 0 0 5px rgba(54, 209, 254, 0.8); margin-bottom: 0px; display: flex;&quot;
              &gt;
                &lt;span
                  style=&quot;color: rgb(255, 255, 255);&quot;
                &gt;
                  CanAI
                &lt;/span&gt;
                &lt;span
                  style=&quot;background: linear-gradient(to right, #36d1fe, #07c3fb); background-clip: text; -webkit-text-fill-color: transparent; color: transparent; margin-left: 0.09em; font-weight: 800; filter: drop-shadow(0 0 10px #36d1fe88); display: inline-block;&quot;
                &gt;
                  .so
                &lt;/span&gt;
              &lt;/h1&gt;
            &lt;/div&gt;
          &lt;/div&gt;
          &lt;div
            class=&quot;flex items-center gap-4&quot;
          &gt;
            &lt;button
              class=&quot;
              text-[#cce7fa] 
              hover:text-white 
              font-manrope 
              font-medium 
              text-sm 
              px-4 py-2 
              rounded-lg 
              border border-[rgba(54,209,254,0.3)]
              hover:border-[#36d1fe]
              transition-all 
              duration-200
              hover:bg-[rgba(54,209,254,0.1)]
            &quot;
            &gt;
              ← Back
            &lt;/button&gt;
          &lt;/div&gt;
        &lt;/header&gt;
        &lt;div
          class=&quot;flex-1 px-3 sm:px-4 py-4 sm:py-8 max-w-6xl mx-auto w-full&quot;
        &gt;
          &lt;div
            class=&quot;text-center mb-6 sm:mb-8 animate-fade-in&quot;
          &gt;
            &lt;h1
              class=&quot;md:text-5xl font-bold text-white font-playfair tracking-tight drop-shadow-[0_2px_10px_rgba(0,0,0,0.3)] mb-2 sm:mb-4 text-2xl sm:text-3xl lg:text-4xl px-2&quot;
            &gt;
              Site Audit
               
              Generation
            &lt;/h1&gt;
            &lt;p
              class=&quot;md:text-lg text-[#E6F6FF] font-manrope text-lg sm:text-xl px-2&quot;
            &gt;
              Creating personalized deliverable for
               
              Sprinkle Haven Bakery
            &lt;/p&gt;
          &lt;/div&gt;
          &lt;div
            class=&quot;rounded-3xl border-2 transition-all duration-300 overflow-hidden relative backdrop-blur-md shadow-[0_0_30px_rgba(54,209,254,0.2)] text-white p-8 hover:shadow-[0_0_60px_rgba(54,209,254,0.5)] hover:scale-[1.02] hover:border-[#36d1fe] bg-red-500/20 border-red-500/40 max-w-3xl mx-auto&quot;
          &gt;
            &lt;div
              class=&quot;w-full h-full break-words overflow-hidden word-wrap text-white&quot;
            &gt;
              &lt;div
                class=&quot;flex flex-col sm:flex-row sm:items-center gap-3 sm:gap-4 text-red-200 mb-4 sm:mb-6&quot;
              &gt;
                &lt;svg
                  aria-hidden=&quot;true&quot;
                  class=&quot;lucide lucide-circle-alert w-6 h-6 sm:w-8 sm:h-8 mx-auto sm:mx-0&quot;
                  fill=&quot;none&quot;
                  height=&quot;24&quot;
                  stroke=&quot;currentColor&quot;
                  stroke-linecap=&quot;round&quot;
                  stroke-linejoin=&quot;round&quot;
                  stroke-width=&quot;2&quot;
                  viewBox=&quot;0 0 24 24&quot;
                  width=&quot;24&quot;
                  xmlns=&quot;http://www.w3.org/2000/svg&quot;
                &gt;
                  &lt;circle
                    cx=&quot;12&quot;
                    cy=&quot;12&quot;
                    r=&quot;10&quot;
                  /&gt;
                  &lt;line
                    x1=&quot;12&quot;
                    x2=&quot;12&quot;
                    y1=&quot;8&quot;
                    y2=&quot;12&quot;
                  /&gt;
                  &lt;line
                    x1=&quot;12&quot;
                    x2=&quot;12.01&quot;
                    y1=&quot;16&quot;
                    y2=&quot;16&quot;
                  /&gt;
                &lt;/svg&gt;
                &lt;div
                  class=&quot;text-center sm:text-left&quot;
                &gt;
                  &lt;h3
                    class=&quot;md:text-2xl font-bold font-playfair tracking-tight drop-shadow-[0_1px_6px_rgba(0,0,0,0.3)] text-red-300 text-lg sm:text-xl&quot;
                  &gt;
                    Generation Error
                  &lt;/h3&gt;
                  &lt;p
                    class=&quot;md:text-lg text-[#E6F6FF] font-manrope opacity-75 text-sm sm:text-base&quot;
                  &gt;
                    Generation failed. Please try again.
                  &lt;/p&gt;
                &lt;/div&gt;
              &lt;/div&gt;
              &lt;button
                class=&quot;inline-flex items-center justify-center text-sm font-medium ring-offset-background transition-colors focus-visible:outline-none focus-visible:ring-2 focus-visible:ring-ring focus-visible:ring-offset-2 disabled:pointer-events-none disabled:opacity-50 border bg-background hover:text-accent-foreground h-9 rounded-md px-3 border-red-400 text-red-200 hover:bg-red-500/20 w-full sm:w-auto&quot;
              &gt;
                Retry Generation
              &lt;/button&gt;
            &lt;/div&gt;
          &lt;/div&gt;
        &lt;/div&gt;
      &lt;/div&gt;
    &lt;/div&gt;
  &lt;/div&gt;
&lt;/body&gt;

Ignored nodes: comments, script, style
&lt;body&gt;
  &lt;div&gt;
    &lt;div
      class=&quot;min-h-screen w-full flex flex-col &quot;
      style=&quot;background: radial-gradient(ellipse at 55% 24%, #152647 0%, #091023 65%, #052947 100%); background-color: rgb(10, 21, 53); position: relative; overflow: hidden;&quot;
    &gt;
      &lt;svg
        class=&quot;absolute inset-0 w-full h-full pointer-events-none opacity-60&quot;
        preserveAspectRatio=&quot;none&quot;
        style=&quot;z-index: 0;&quot;
        viewBox=&quot;0 0 1920 1080&quot;
      &gt;
        &lt;defs&gt;
          &lt;radialgradient
            cx=&quot;55%&quot;
            cy=&quot;25%&quot;
            id=&quot;spotlight&quot;
            r=&quot;0.7&quot;
          &gt;
            &lt;stop
              offset=&quot;0%&quot;
              stop-color=&quot;#36d1fe22&quot;
            /&gt;
            &lt;stop
              offset=&quot;70%&quot;
              stop-color=&quot;transparent&quot;
            /&gt;
          &lt;/radialgradient&gt;
        &lt;/defs&gt;
        &lt;rect
          fill=&quot;url(#spotlight)&quot;
          height=&quot;1080&quot;
          width=&quot;1920&quot;
        /&gt;
        &lt;g&gt;
          &lt;circle
            cx=&quot;220&quot;
            cy=&quot;180&quot;
            fill=&quot;#e6f6ff&quot;
            opacity=&quot;0.08&quot;
            r=&quot;1.2&quot;
          /&gt;
          &lt;circle
            cx=&quot;430&quot;
            cy=&quot;400&quot;
            fill=&quot;#36d1fe&quot;
            opacity=&quot;0.11&quot;
            r=&quot;1.6&quot;
          /&gt;
          &lt;circle
            cx=&quot;1520&quot;
            cy=&quot;250&quot;
            fill=&quot;#e6f6ff&quot;
            opacity=&quot;0.08&quot;
            r=&quot;1&quot;
          /&gt;
          &lt;circle
            cx=&quot;770&quot;
            cy=&quot;850&quot;
            fill=&quot;#00f0ff&quot;
            opacity=&quot;0.09&quot;
            r=&quot;0.7&quot;
          /&gt;
          &lt;circle
            cx=&quot;1430&quot;
            cy=&quot;960&quot;
            fill=&quot;#e6f6ff&quot;
            opacity=&quot;0.07&quot;
            r=&quot;1.4&quot;
          /&gt;
          &lt;circle
            cx=&quot;1190&quot;
            cy=&quot;780&quot;
            fill=&quot;#36d1fe&quot;
            opacity=&quot;0.13&quot;
            r=&quot;1.1&quot;
          /&gt;
        &lt;/g&gt;
      &lt;/svg&gt;
      &lt;div
        class=&quot;relative z-10 flex flex-col min-h-screen w-full&quot;
      &gt;
        &lt;header
          class=&quot;w-full flex items-center justify-between p-4 &quot;
        &gt;
          &lt;div
            class=&quot;cursor-pointer hover:scale-105 transition-transform duration-300&quot;
          &gt;
            &lt;div
              class=&quot;flex flex-col items-center space-y-2 &quot;
            &gt;
              &lt;h1
                class=&quot;select-none&quot;
                id=&quot;hero-logo&quot;
                style=&quot;font-family: Manrope, \&quot;Inter\&quot;, Helvetica Neue, sans-serif; font-weight: 800; font-size: clamp(1.4rem, 3vw, 2.5rem); letter-spacing: 0.05em; line-height: 1.06; color: rgb(255, 255, 255); text-shadow: 0 0 5px rgba(54, 209, 254, 0.8); margin-bottom: 0px; display: flex;&quot;
              &gt;
                &lt;span
                  style=&quot;color: rgb(255, 255, 255);&quot;
                &gt;
                  CanAI
                &lt;/span&gt;
                &lt;span
                  style=&quot;background: linear-gradient(to right, #36d1fe, #07c3fb); background-clip: text; -webkit-text-fill-color: transparent; color: transparent; margin-left: 0.09em; font-weight: 800; filter: drop-shadow(0 0 10px #36d1fe88); display: inline-block;&quot;
                &gt;
                  .so
                &lt;/span&gt;
              &lt;/h1&gt;
            &lt;/div&gt;
          &lt;/div&gt;
          &lt;div
            class=&quot;flex items-center gap-4&quot;
          &gt;
            &lt;button
              class=&quot;
              text-[#cce7fa] 
              hover:text-white 
              font-manrope 
              font-medium 
              text-sm 
              px-4 py-2 
              rounded-lg 
              border border-[rgba(54,209,254,0.3)]
              hover:border-[#36d1fe]
              transition-all 
              duration-200
              hover:bg-[rgba(54,209,254,0.1)]
            &quot;
            &gt;
              ← Back
            &lt;/button&gt;
          &lt;/div&gt;
        &lt;/header&gt;
        &lt;div
          class=&quot;flex-1 px-3 sm:px-4 py-4 sm:py-8 max-w-6xl mx-auto w-full&quot;
        &gt;
          &lt;div
            class=&quot;text-center mb-6 sm:mb-8 animate-fade-in&quot;
          &gt;
            &lt;h1
              class=&quot;md:text-5xl font-bold text-white font-playfair tracking-tight drop-shadow-[0_2px_10px_rgba(0,0,0,0.3)] mb-2 sm:mb-4 text-2xl sm:text-3xl lg:text-4xl px-2&quot;
            &gt;
              Site Audit
               
              Generation
            &lt;/h1&gt;
            &lt;p
              class=&quot;md:text-lg text-[#E6F6FF] font-manrope text-lg sm:text-xl px-2&quot;
            &gt;
              Creating personalized deliverable for
               
              Sprinkle Haven Bakery
            &lt;/p&gt;
          &lt;/div&gt;
          &lt;div
            class=&quot;rounded-3xl border-2 transition-all duration-300 overflow-hidden relative backdrop-blur-md shadow-[0_0_30px_rgba(54,209,254,0.2)] text-white p-8 hover:shadow-[0_0_60px_rgba(54,209,254,0.5)] hover:scale-[1.02] hover:border-[#36d1fe] bg-red-500/20 border-red-500/40 max-w-3xl mx-auto&quot;
          &gt;
            &lt;div
              class=&quot;w-full h-full break-words overflow-hidden word-wrap text-white&quot;
            &gt;
              &lt;div
                class=&quot;flex flex-col sm:flex-row sm:items-center gap-3 sm:gap-4 text-red-200 mb-4 sm:mb-6&quot;
              &gt;
                &lt;svg
                  aria-hidden=&quot;true&quot;
                  class=&quot;lucide lucide-circle-alert w-6 h-6 sm:w-8 sm:h-8 mx-auto sm:mx-0&quot;
                  fill=&quot;none&quot;
                  height=&quot;24&quot;
                  stroke=&quot;currentColor&quot;
                  stroke-linecap=&quot;round&quot;
                  stroke-linejoin=&quot;round&quot;
                  stroke-width=&quot;2&quot;
                  viewBox=&quot;0 0 24 24&quot;
                  width=&quot;24&quot;
                  xmlns=&quot;http://www.w3.org/2000/svg&quot;
                &gt;
                  &lt;circle
                    cx=&quot;12&quot;
                    cy=&quot;12&quot;
                    r=&quot;10&quot;
                  /&gt;
                  &lt;line
                    x1=&quot;12&quot;
                    x2=&quot;12&quot;
                    y1=&quot;8&quot;
                    y2=&quot;12&quot;
                  /&gt;
                  &lt;line
                    x1=&quot;12&quot;
                    x2=&quot;12.01&quot;
                    y1=&quot;16&quot;
                    y2=&quot;16&quot;
                  /&gt;
                &lt;/svg&gt;
                &lt;div
                  class=&quot;text-center sm:text-left&quot;
                &gt;
                  &lt;h3
                    class=&quot;md:text-2xl font-bold font-playfair tracking-tight drop-shadow-[0_1px_6px_rgba(0,0,0,0.3)] text-red-300 text-lg sm:text-xl&quot;
                  &gt;
                    Generation Error
                  &lt;/h3&gt;
                  &lt;p
                    class=&quot;md:text-lg text-[#E6F6FF] font-manrope opacity-75 text-sm sm:text-base&quot;
                  &gt;
                    Generation failed. Please try again.
                  &lt;/p&gt;
                &lt;/div&gt;
              &lt;/div&gt;
              &lt;button
                class=&quot;inline-flex items-center justify-center text-sm font-medium ring-offset-background transition-colors focus-visible:outline-none focus-visible:ring-2 focus-visible:ring-ring focus-visible:ring-offset-2 disabled:pointer-events-none disabled:opacity-50 border bg-background hover:text-accent-foreground h-9 rounded-md px-3 border-red-400 text-red-200 hover:bg-red-500/20 w-full sm:w-auto&quot;
              &gt;
                Retry Generation
              &lt;/button&gt;
            &lt;/div&gt;
          &lt;/div&gt;
        &lt;/div&gt;
      &lt;/div&gt;
    &lt;/div&gt;
  &lt;/div&gt;
&lt;/body&gt;
 ❯ waitForWrapper node_modules/@testing-library/dom/dist/wait-for.js:163:27
 ❯ node_modules/@testing-library/dom/dist/query-helpers.js:86:33
 ❯ frontend/src/tests/DeliverableGeneration.test.tsx:412:43
            </failure>
        </testcase>
        <testcase classname="frontend/src/tests/DeliverableGeneration.test.tsx" name="F7-tests: Enhanced Deliverable Generation Tests &gt; should display branding note with correct ID" time="30.0170591">
            <system-out>
[DeliverableGeneration] Page loaded, starting generation process
[DeliverableGeneration] Starting deliverable generation

            </system-out>
            <system-err>
[DeliverableGeneration] Generation failed: ReferenceError: step is not defined
    at [90mC:\Projects\canai-platform\[39mfrontend\src\pages\DeliverableGeneration.tsx:159:37
    at [90mC:\Projects\canai-platform\[39mfrontend\src\pages\DeliverableGeneration.tsx:233:5
    at commitHookEffectListMount [90m(C:\Projects\canai-platform\[39mnode_modules\[4mreact-dom[24m\cjs\react-dom.development.js:23189:26[90m)[39m
    at commitPassiveMountOnFiber [90m(C:\Projects\canai-platform\[39mnode_modules\[4mreact-dom[24m\cjs\react-dom.development.js:24970:11[90m)[39m
    at commitPassiveMountEffects_complete [90m(C:\Projects\canai-platform\[39mnode_modules\[4mreact-dom[24m\cjs\react-dom.development.js:24930:9[90m)[39m
    at commitPassiveMountEffects_begin [90m(C:\Projects\canai-platform\[39mnode_modules\[4mreact-dom[24m\cjs\react-dom.development.js:24917:7[90m)[39m
    at commitPassiveMountEffects [90m(C:\Projects\canai-platform\[39mnode_modules\[4mreact-dom[24m\cjs\react-dom.development.js:24905:3[90m)[39m
    at flushPassiveEffectsImpl [90m(C:\Projects\canai-platform\[39mnode_modules\[4mreact-dom[24m\cjs\react-dom.development.js:27078:3[90m)[39m
    at flushPassiveEffects [90m(C:\Projects\canai-platform\[39mnode_modules\[4mreact-dom[24m\cjs\react-dom.development.js:27023:14[90m)[39m
    at [90mC:\Projects\canai-platform\[39mnode_modules\[4mreact-dom[24m\cjs\react-dom.development.js:26808:9

[DeliverableGeneration] Global timeout reached, exiting generation loop

[DeliverableGeneration] Global timeout reached, exiting generation loop

            </system-err>
            <failure message="Test timed out in 30000ms.
If this is a long-running test, pass a timeout value as the last argument or configure it globally with &quot;testTimeout&quot;." type="Error">
Error: Test timed out in 30000ms.
If this is a long-running test, pass a timeout value as the last argument or configure it globally with &quot;testTimeout&quot;.
 ❯ frontend/src/tests/DeliverableGeneration.test.tsx:433:3
            </failure>
        </testcase>
        <testcase classname="frontend/src/tests/DeliverableGeneration.test.tsx" name="F7-tests: Enhanced Deliverable Generation Tests &gt; should handle timeout errors with proper fallback UI" time="0.0280709">
            <system-out>
[DeliverableGeneration] Page loaded, starting generation process
[DeliverableGeneration] Starting deliverable generation

            </system-out>
            <system-err>
[DeliverableGeneration] Generation failed: ReferenceError: step is not defined
    at [90mC:\Projects\canai-platform\[39mfrontend\src\pages\DeliverableGeneration.tsx:159:37
    at [90mC:\Projects\canai-platform\[39mfrontend\src\pages\DeliverableGeneration.tsx:233:5
    at commitHookEffectListMount [90m(C:\Projects\canai-platform\[39mnode_modules\[4mreact-dom[24m\cjs\react-dom.development.js:23189:26[90m)[39m
    at commitPassiveMountOnFiber [90m(C:\Projects\canai-platform\[39mnode_modules\[4mreact-dom[24m\cjs\react-dom.development.js:24970:11[90m)[39m
    at commitPassiveMountEffects_complete [90m(C:\Projects\canai-platform\[39mnode_modules\[4mreact-dom[24m\cjs\react-dom.development.js:24930:9[90m)[39m
    at commitPassiveMountEffects_begin [90m(C:\Projects\canai-platform\[39mnode_modules\[4mreact-dom[24m\cjs\react-dom.development.js:24917:7[90m)[39m
    at commitPassiveMountEffects [90m(C:\Projects\canai-platform\[39mnode_modules\[4mreact-dom[24m\cjs\react-dom.development.js:24905:3[90m)[39m
    at flushPassiveEffectsImpl [90m(C:\Projects\canai-platform\[39mnode_modules\[4mreact-dom[24m\cjs\react-dom.development.js:27078:3[90m)[39m
    at flushPassiveEffects [90m(C:\Projects\canai-platform\[39mnode_modules\[4mreact-dom[24m\cjs\react-dom.development.js:27023:14[90m)[39m
    at [90mC:\Projects\canai-platform\[39mnode_modules\[4mreact-dom[24m\cjs\react-dom.development.js:26808:9

            </system-err>
        </testcase>
        <testcase classname="frontend/src/tests/DeliverableGeneration.test.tsx" name="F7-tests: Enhanced Deliverable Generation Tests &gt; should validate step-by-step generation progress" time="0">
            <skipped/>
        </testcase>
        <testcase classname="frontend/src/tests/DeliverableGeneration.test.tsx" name="F7-tests: Enhanced Deliverable Generation Tests &gt; should integrate Sprinkle Haven Bakery context in all deliverable types" time="0">
            <skipped/>
        </testcase>
        <testcase classname="frontend/src/tests/DeliverableGeneration.test.tsx" name="F7-tests: Enhanced Deliverable Generation Tests &gt; should validate collapsible content sections and copy functionality" time="10.0320078">
            <system-out>
[DeliverableGeneration] Page loaded, starting generation process
[DeliverableGeneration] Starting deliverable generation

            </system-out>
            <system-err>
[DeliverableGeneration] Generation failed: ReferenceError: step is not defined
    at [90mC:\Projects\canai-platform\[39mfrontend\src\pages\DeliverableGeneration.tsx:159:37
    at [90mC:\Projects\canai-platform\[39mfrontend\src\pages\DeliverableGeneration.tsx:233:5
    at commitHookEffectListMount [90m(C:\Projects\canai-platform\[39mnode_modules\[4mreact-dom[24m\cjs\react-dom.development.js:23189:26[90m)[39m
    at commitPassiveMountOnFiber [90m(C:\Projects\canai-platform\[39mnode_modules\[4mreact-dom[24m\cjs\react-dom.development.js:24970:11[90m)[39m
    at commitPassiveMountEffects_complete [90m(C:\Projects\canai-platform\[39mnode_modules\[4mreact-dom[24m\cjs\react-dom.development.js:24930:9[90m)[39m
    at commitPassiveMountEffects_begin [90m(C:\Projects\canai-platform\[39mnode_modules\[4mreact-dom[24m\cjs\react-dom.development.js:24917:7[90m)[39m
    at commitPassiveMountEffects [90m(C:\Projects\canai-platform\[39mnode_modules\[4mreact-dom[24m\cjs\react-dom.development.js:24905:3[90m)[39m
    at flushPassiveEffectsImpl [90m(C:\Projects\canai-platform\[39mnode_modules\[4mreact-dom[24m\cjs\react-dom.development.js:27078:3[90m)[39m
    at flushPassiveEffects [90m(C:\Projects\canai-platform\[39mnode_modules\[4mreact-dom[24m\cjs\react-dom.development.js:27023:14[90m)[39m
    at [90mC:\Projects\canai-platform\[39mnode_modules\[4mreact-dom[24m\cjs\react-dom.development.js:26808:9

            </system-err>
            <failure message="Unable to find an element with the text: /Website Audit Report|Financial Projections|Social Media &amp; Email Campaign Package/i. This could be because the text is broken up by multiple elements. In this case, you can provide a function for your text matcher to make your matcher more flexible.

Ignored nodes: comments, script, style
[36m&lt;body&gt;[39m
  [36m&lt;div&gt;[39m
    [36m&lt;div[39m
      [33mclass[39m=[32m&quot;min-h-screen w-full flex flex-col &quot;[39m
      [33mstyle[39m=[32m&quot;background: radial-gradient(ellipse at 55% 24%, #152647 0%, #091023 65%, #052947 100%); background-color: rgb(10, 21, 53); position: relative; overflow: hidden;&quot;[39m
    [36m&gt;[39m
      [36m&lt;svg[39m
        [33mclass[39m=[32m&quot;absolute inset-0 w-full h-full pointer-events-none opacity-60&quot;[39m
        [33mpreserveAspectRatio[39m=[32m&quot;none&quot;[39m
        [33mstyle[39m=[32m&quot;z-index: 0;&quot;[39m
        [33mviewBox[39m=[32m&quot;0 0 1920 1080&quot;[39m
      [36m&gt;[39m
        [36m&lt;defs&gt;[39m
          [36m&lt;radialgradient[39m
            [33mcx[39m=[32m&quot;55%&quot;[39m
            [33mcy[39m=[32m&quot;25%&quot;[39m
            [33mid[39m=[32m&quot;spotlight&quot;[39m
            [33mr[39m=[32m&quot;0.7&quot;[39m
          [36m&gt;[39m
            [36m&lt;stop[39m
              [33moffset[39m=[32m&quot;0%&quot;[39m
              [33mstop-color[39m=[32m&quot;#36d1fe22&quot;[39m
            [36m/&gt;[39m
            [36m&lt;stop[39m
              [33moffset[39m=[32m&quot;70%&quot;[39m
              [33mstop-color[39m=[32m&quot;transparent&quot;[39m
            [36m/&gt;[39m
          [36m&lt;/radialgradient&gt;[39m
        [36m&lt;/defs&gt;[39m
        [36m&lt;rect[39m
          [33mfill[39m=[32m&quot;url(#spotlight)&quot;[39m
          [33mheight[39m=[32m&quot;1080&quot;[39m
          [33mwidth[39m=[32m&quot;1920&quot;[39m
        [36m/&gt;[39m
        [36m&lt;g&gt;[39m
          [36m&lt;circle[39m
            [33mcx[39m=[32m&quot;220&quot;[39m
            [33mcy[39m=[32m&quot;180&quot;[39m
            [33mfill[39m=[32m&quot;#e6f6ff&quot;[39m
            [33mopacity[39m=[32m&quot;0.08&quot;[39m
            [33mr[39m=[32m&quot;1.2&quot;[39m
          [36m/&gt;[39m
          [36m&lt;circle[39m
            [33mcx[39m=[32m&quot;430&quot;[39m
            [33mcy[39m=[32m&quot;400&quot;[39m
            [33mfill[39m=[32m&quot;#36d1fe&quot;[39m
            [33mopacity[39m=[32m&quot;0.11&quot;[39m
            [33mr[39m=[32m&quot;1.6&quot;[39m
          [36m/&gt;[39m
          [36m&lt;circle[39m
            [33mcx[39m=[32m&quot;1520&quot;[39m
            [33mcy[39m=[32m&quot;250&quot;[39m
            [33mfill[39m=[32m&quot;#e6f6ff&quot;[39m
            [33mopacity[39m=[32m&quot;0.08&quot;[39m
            [33mr[39m=[32m&quot;1&quot;[39m
          [36m/&gt;[39m
          [36m&lt;circle[39m
            [33mcx[39m=[32m&quot;770&quot;[39m
            [33mcy[39m=[32m&quot;850&quot;[39m
            [33mfill[39m=[32m&quot;#00f0ff&quot;[39m
            [33mopacity[39m=[32m&quot;0.09&quot;[39m
            [33mr[39m=[32m&quot;0.7&quot;[39m
          [36m/&gt;[39m
          [36m&lt;circle[39m
            [33mcx[39m=[32m&quot;1430&quot;[39m
            [33mcy[39m=[32m&quot;960&quot;[39m
            [33mfill[39m=[32m&quot;#e6f6ff&quot;[39m
            [33mopacity[39m=[32m&quot;0.07&quot;[39m
            [33mr[39m=[32m&quot;1.4&quot;[39m
          [36m/&gt;[39m
          [36m&lt;circle[39m
            [33mcx[39m=[32m&quot;1190&quot;[39m
            [33mcy[39m=[32m&quot;780&quot;[39m
            [33mfill[39m=[32m&quot;#36d1fe&quot;[39m
            [33mopacity[39m=[32m&quot;0.13&quot;[39m
            [33mr[39m=[32m&quot;1.1&quot;[39m
          [36m/&gt;[39m
        [36m&lt;/g&gt;[39m
      [36m&lt;/svg&gt;[39m
      [36m&lt;div[39m
        [33mclass[39m=[32m&quot;relative z-10 flex flex-col min-h-screen w-full&quot;[39m
      [36m&gt;[39m
        [36m&lt;header[39m
          [33mclass[39m=[32m&quot;w-full flex items-center justify-between p-4 &quot;[39m
        [36m&gt;[39m
          [36m&lt;div[39m
            [33mclass[39m=[32m&quot;cursor-pointer hover:scale-105 transition-transform duration-300&quot;[39m
          [36m&gt;[39m
            [36m&lt;div[39m
              [33mclass[39m=[32m&quot;flex flex-col items-center space-y-2 &quot;[39m
            [36m&gt;[39m
              [36m&lt;h1[39m
                [33mclass[39m=[32m&quot;select-none&quot;[39m
                [33mid[39m=[32m&quot;hero-logo&quot;[39m
                [33mstyle[39m=[32m&quot;font-family: Manrope, \&quot;Inter\&quot;, Helvetica Neue, sans-serif; font-weight: 800; font-size: clamp(1.4rem, 3vw, 2.5rem); letter-spacing: 0.05em; line-height: 1.06; color: rgb(255, 255, 255); text-shadow: 0 0 5px rgba(54, 209, 254, 0.8); margin-bottom: 0px; display: flex;&quot;[39m
              [36m&gt;[39m
                [36m&lt;span[39m
                  [33mstyle[39m=[32m&quot;color: rgb(255, 255, 255);&quot;[39m
                [36m&gt;[39m
                  [0mCanAI[0m
                [36m&lt;/span&gt;[39m
                [36m&lt;span[39m
                  [33mstyle[39m=[32m&quot;background: linear-gradient(to right, #36d1fe, #07c3fb); background-clip: text; -webkit-text-fill-color: transparent; color: transparent; margin-left: 0.09em; font-weight: 800; filter: drop-shadow(0 0 10px #36d1fe88); display: inline-block;&quot;[39m
                [36m&gt;[39m
                  [0m.so[0m
                [36m&lt;/span&gt;[39m
              [36m&lt;/h1&gt;[39m
            [36m&lt;/div&gt;[39m
          [36m&lt;/div&gt;[39m
          [36m&lt;div[39m
            [33mclass[39m=[32m&quot;flex items-center gap-4&quot;[39m
          [36m&gt;[39m
            [36m&lt;button[39m
              [33mclass[39m=[32m&quot;
              text-[#cce7fa] 
              hover:text-white 
              font-manrope 
              font-medium 
              text-sm 
              px-4 py-2 
              rounded-lg 
              border border-[rgba(54,209,254,0.3)]
              hover:border-[#36d1fe]
              transition-all 
              duration-200
              hover:bg-[rgba(54,209,254,0.1)]
            &quot;[39m
            [36m&gt;[39m
              [0m← Back[0m
            [36m&lt;/button&gt;[39m
          [36m&lt;/div&gt;[39m
        [36m&lt;/header&gt;[39m
        [36m&lt;div[39m
          [33mclass[39m=[32m&quot;flex-1 px-3 sm:px-4 py-4 sm:py-8 max-w-6xl mx-auto w-full&quot;[39m
        [36m&gt;[39m
          [36m&lt;div[39m
            [33mclass[39m=[32m&quot;text-center mb-6 sm:mb-8 animate-fade-in&quot;[39m
          [36m&gt;[39m
            [36m&lt;h1[39m
              [33mclass[39m=[32m&quot;md:text-5xl font-bold text-white font-playfair tracking-tight drop-shadow-[0_2px_10px_rgba(0,0,0,0.3)] mb-2 sm:mb-4 text-2xl sm:text-3xl lg:text-4xl px-2&quot;[39m
            [36m&gt;[39m
              [0mBusiness Builder[0m
              [0m [0m
              [0mGeneration[0m
            [36m&lt;/h1&gt;[39m
            [36m&lt;p[39m
              [33mclass[39m=[32m&quot;md:text-lg text-[#E6F6FF] font-manrope text-lg sm:text-xl px-2&quot;[39m
            [36m&gt;[39m
              [0mCreating personalized deliverable for[0m
              [0m [0m
              [0mSprinkle Haven Bakery[0m
            [36m&lt;/p&gt;[39m
          [36m&lt;/div&gt;[39m
          [36m&lt;div[39m
            [33mclass[39m=[32m&quot;rounded-3xl border-2 transition-all duration-300 overflow-hidden relative backdrop-blur-md shadow-[0_0_30px_rgba(54,209,254,0.2)] text-white p-8 hover:shadow-[0_0_60px_rgba(54,209,254,0.5)] hover:scale-[1.02] hover:border-[#36d1fe] bg-red-500/20 border-red-500/40 max-w-3xl mx-auto&quot;[39m
          [36m&gt;[39m
            [36m&lt;div[39m
              [33mclass[39m=[32m&quot;w-full h-full break-words overflow-hidden word-wrap text-white&quot;[39m
            [36m&gt;[39m
              [36m&lt;div[39m
                [33mclass[39m=[32m&quot;flex flex-col sm:flex-row sm:items-center gap-3 sm:gap-4 text-red-200 mb-4 sm:mb-6&quot;[39m
              [36m&gt;[39m
                [36m&lt;svg[39m
                  [33maria-hidden[39m=[32m&quot;true&quot;[39m
                  [33mclass[39m=[32m&quot;lucide lucide-circle-alert w-6 h-6 sm:w-8 sm:h-8 mx-auto sm:mx-0&quot;[39m
                  [33mfill[39m=[32m&quot;none&quot;[39m
                  [33mheight[39m=[32m&quot;24&quot;[39m
                  [33mstroke[39m=[32m&quot;currentColor&quot;[39m
                  [33mstroke-linecap[39m=[32m&quot;round&quot;[39m
                  [33mstroke-linejoin[39m=[32m&quot;round&quot;[39m
                  [33mstroke-width[39m=[32m&quot;2&quot;[39m
                  [33mviewBox[39m=[32m&quot;0 0 24 24&quot;[39m
                  [33mwidth[39m=[32m&quot;24&quot;[39m
                  [33mxmlns[39m=[32m&quot;http://www.w3.org/2000/svg&quot;[39m
                [36m&gt;[39m
                  [36m&lt;circle[39m
                    [33mcx[39m=[32m&quot;12&quot;[39m
                    [33mcy[39m=[32m&quot;12&quot;[39m
                    [33mr[39m=[32m&quot;10&quot;[39m
                  [36m/&gt;[39m
                  [36m&lt;line[39m
                    [33mx1[39m=[32m&quot;12&quot;[39m
                    [33mx2[39m=[32m&quot;12&quot;[39m
                    [33my1[39m=[32m&quot;8&quot;[39m
                    [33my2[39m=[32m&quot;12&quot;[39m
                  [36m/&gt;[39m
                  [36m&lt;line[39m
                    [33mx1[39m=[32m&quot;12&quot;[39m
                    [33mx2[39m=[32m&quot;12.01&quot;[39m
                    [33my1[39m=[32m&quot;16&quot;[39m
                    [33my2[39m=[32m&quot;16&quot;[39m
                  [36m/&gt;[39m
                [36m&lt;/svg&gt;[39m
                [36m&lt;div[39m
                  [33mclass[39m=[32m&quot;text-center sm:text-left&quot;[39m
                [36m&gt;[39m
                  [36m&lt;h3[39m
                    [33mclass[39m=[32m&quot;md:text-2xl font-bold font-playfair tracking-tight drop-shadow-[0_1px_6px_rgba(0,0,0,0.3)] text-red-300 text-lg sm:text-xl&quot;[39m
                  [36m&gt;[39m
                    [0mGeneration Error[0m
                  [36m&lt;/h3&gt;[39m
                  [36m&lt;p[39m
                    [33mclass[39m=[32m&quot;md:text-lg text-[#E6F6FF] font-manrope opacity-75 text-sm sm:text-base&quot;[39m
                  [36m&gt;[39m
                    [0mGeneration failed. Please try again.[0m
                  [36m&lt;/p&gt;[39m
                [36m&lt;/div&gt;[39m
              [36m&lt;/div&gt;[39m
              [36m&lt;button[39m
                [33mclass[39m=[32m&quot;inline-flex items-center justify-center text-sm font-medium ring-offset-background transition-colors focus-visible:outline-none focus-visible:ring-2 focus-visible:ring-ring focus-visible:ring-offset-2 disabled:pointer-events-none disabled:opacity-50 border bg-background hover:text-accent-foreground h-9 rounded-md px-3 border-red-400 text-red-200 hover:bg-red-500/20 w-full sm:w-auto&quot;[39m
              [36m&gt;[39m
                [0mRetry Generation[0m
              [36m&lt;/button&gt;[39m
            [36m&lt;/div&gt;[39m
          [36m&lt;/div&gt;[39m
        [36m&lt;/div&gt;[39m
      [36m&lt;/div&gt;[39m
    [36m&lt;/div&gt;[39m
  [36m&lt;/div&gt;[39m
[36m&lt;/body&gt;[39m

Ignored nodes: comments, script, style
[36m&lt;html&gt;[39m
  [36m&lt;head /&gt;[39m
  [36m&lt;body&gt;[39m
    [36m&lt;div&gt;[39m
      [36m&lt;div[39m
        [33mclass[39m=[32m&quot;min-h-screen w-full flex flex-col &quot;[39m
        [33mstyle[39m=[32m&quot;background: radial-gradient(ellipse at 55% 24%, #152647 0%, #091023 65%, #052947 100%); background-color: rgb(10, 21, 53); position: relative; overflow: hidden;&quot;[39m
      [36m&gt;[39m
        [36m&lt;svg[39m
          [33mclass[39m=[32m&quot;absolute inset-0 w-full h-full pointer-events-none opacity-60&quot;[39m
          [33mpreserveAspectRatio[39m=[32m&quot;none&quot;[39m
          [33mstyle[39m=[32m&quot;z-index: 0;&quot;[39m
          [33mviewBox[39m=[32m&quot;0 0 1920 1080&quot;[39m
        [36m&gt;[39m
          [36m&lt;defs&gt;[39m
            [36m&lt;radialgradient[39m
              [33mcx[39m=[32m&quot;55%&quot;[39m
              [33mcy[39m=[32m&quot;25%&quot;[39m
              [33mid[39m=[32m&quot;spotlight&quot;[39m
              [33mr[39m=[32m&quot;0.7&quot;[39m
            [36m&gt;[39m
              [36m&lt;stop[39m
                [33moffset[39m=[32m&quot;0%&quot;[39m
                [33mstop-color[39m=[32m&quot;#36d1fe22&quot;[39m
              [36m/&gt;[39m
              [36m&lt;stop[39m
                [33moffset[39m=[32m&quot;70%&quot;[39m
                [33mstop-color[39m=[32m&quot;transparent&quot;[39m
              [36m/&gt;[39m
            [36m&lt;/radialgradient&gt;[39m
          [36m&lt;/defs&gt;[39m
          [36m&lt;rect[39m
            [33mfill[39m=[32m&quot;url(#spotlight)&quot;[39m
            [33mheight[39m=[32m&quot;1080&quot;[39m
            [33mwidth[39m=[32m&quot;1920&quot;[39m
          [36m/&gt;[39m
          [36m&lt;g&gt;[39m
            [36m&lt;circle[39m
              [33mcx[39m=[32m&quot;220&quot;[39m
              [33mcy[39m=[32m&quot;180&quot;[39m
              [33mfill[39m=[32m&quot;#e6f6ff&quot;[39m
              [33mopacity[39m=[32m&quot;0.08&quot;[39m
              [33mr[39m=[32m&quot;1.2&quot;[39m
            [36m/&gt;[39m
            [36m&lt;circle[39m
              [33mcx[39m=[32m&quot;430&quot;[39m
              [33mcy[39m=[32m&quot;400&quot;[39m
              [33mfill[39m=[32m&quot;#36d1fe&quot;[39m
              [33mopacity[39m=[32m&quot;0.11&quot;[39m
              [33mr[39m=[32m&quot;1.6&quot;[39m
            [36m/&gt;[39m
            [36m&lt;circle[39m
              [33mcx[39m=[32m&quot;1520&quot;[39m
              [33mcy[39m=[32m&quot;250&quot;[39m
              [33mfill[39m=[32m&quot;#e6f6ff&quot;[39m
              [33mopacity[39m=[32m&quot;0.08&quot;[39m
              [33mr[39m=[32m&quot;1&quot;[39m
            [36m/&gt;[39m
            [36m&lt;circle[39m
              [33mcx[39m=[32m&quot;770&quot;[39m
              [33mcy[39m=[32m&quot;850&quot;[39m
              [33mfill[39m=[32m&quot;#00f0ff&quot;[39m
              [33mopacity[39m=[32m&quot;0.09&quot;[39m
              [33mr[39m=[32m&quot;0.7&quot;[39m
            [36m/&gt;[39m
            [36m&lt;circle[39m
              [33mcx[39m=[32m&quot;1430&quot;[39m
              [33mcy[39m=[32m&quot;960&quot;[39m
              [33mfill[39m=[32m&quot;#e6f6ff&quot;[39m
              [33mopacity[39m=[32m&quot;0.07&quot;[39m
              [33mr[39m=[32m&quot;1.4&quot;[39m
            [36m/&gt;[39m
            [36m&lt;circle[39m
              [33mcx[39m=[32m&quot;1190&quot;[39m
              [33mcy[39m=[32m&quot;780&quot;[39m
              [33mfill[39m=[32m&quot;#36d1fe&quot;[39m
              [33mopacity[39m=[32m&quot;0.13&quot;[39m
              [33mr[39m=[32m&quot;1.1&quot;[39m
            [36m/&gt;[39m
          [36m&lt;/g&gt;[39m
        [36m&lt;/svg&gt;[39m
        [36m&lt;div[39m
          [33mclass[39m=[32m&quot;relative z-10 flex flex-col min-h-screen w-full&quot;[39m
        [36m&gt;[39m
          [36m&lt;header[39m
            [33mclass[39m=[32m&quot;w-full flex items-center justify-between p-4 &quot;[39m
          [36m&gt;[39m
            [36m&lt;div[39m
              [33mclass[39m=[32m&quot;cursor-pointer hover:scale-105 transition-transform duration-300&quot;[39m
            [36m&gt;[39m
              [36m&lt;div[39m
                [33mclass[39m=[32m&quot;flex flex-col items-center space-y-2 &quot;[39m
              [36m&gt;[39m
                [36m&lt;h1[39m
                  [33mclass[39m=[32m&quot;select-none&quot;[39m
                  [33mid[39m=[32m&quot;hero-logo&quot;[39m
                  [33mstyle[39m=[32m&quot;font-family: Manrope, \&quot;Inter\&quot;, Helvetica Neue, sans-serif; font-weight: 800; font-size: clamp(1.4rem, 3vw, 2.5rem); letter-spacing: 0.05em; line-height: 1.06; color: rgb(255, 255, 255); text-shadow: 0 0 5px rgba(54, 209, 254, 0.8); margin-bottom: 0px; display: flex;&quot;[39m
                [36m&gt;[39m
                  [36m&lt;span[39m
                    [33mstyle[39m=[32m&quot;color: rgb(255, 255, 255);&quot;[39m
                  [36m&gt;[39m
                    [0mCanAI[0m
                  [36m&lt;/span&gt;[39m
                  [36m&lt;span[39m
                    [33mstyle[39m=[32m&quot;background: linear-gradient(to right, #36d1fe, #07c3fb); background-clip: text; -webkit-text-fill-color: transparent; color: transparent; margin-left: 0.09em; font-weight: 800; filter: drop-shadow(0 0 10px #36d1fe88); display: inline-block;&quot;[39m
                  [36m&gt;[39m
                    [0m.so[0m
                  [36m&lt;/span&gt;[39m
                [36m&lt;/h1&gt;[39m
              [36m&lt;/div&gt;[39m
            [36m&lt;/div&gt;[39m
            [36m&lt;div[39m
              [33mclass[39m=[32m&quot;flex items-center gap-4&quot;[39m
            [36m&gt;[39m
              [36m&lt;button[39m
                [33mclass[39m=[32m&quot;
              text-[#cce7fa] 
              hover:text-white 
              font-manrope 
              font-medium 
              text-sm 
              px-4 py-2 
              rounded-lg 
              border border-[rgba(54,209,254,0.3)]
              hover:border-[#36d1fe]
              transition-all 
              duration-200
              hover:bg-[rgba(54,209,254,0.1)]
            &quot;[39m
              [36m&gt;[39m
                [0m← Back[0m
              [36m&lt;/button&gt;[39m
            [36m&lt;/div&gt;[39m
          [36m&lt;/header&gt;[39m
          [36m&lt;div[39m
            [33mclass[39m=[32m&quot;flex-1 px-3 sm:px-4 py-4 sm:py-8 max-w-6xl mx-auto w-full&quot;[39m
          [36m&gt;[39m
            [36m&lt;div[39m
              [33mclass[39m=[32m&quot;text-center mb-6 sm:mb-8 animate-fade-in&quot;[39m
            [36m&gt;[39m
              [36m&lt;h1[39m
                [33mclass[39m=[32m&quot;md:text-5xl font-bold text-white font-playfair tracking-tight drop-shadow-[0_2px_10px_rgba(0,0,0,0.3)] mb-2 sm:mb-4 text-2xl sm:text-3xl lg:text-4xl px-2&quot;[39m
              [36m&gt;[39m
                [0mBusiness Builder[0m
                [0m [0m
                [0mGeneration[0m
              [36m&lt;/h1&gt;[39m
              [36m&lt;p[39m
                [33mclass[39m=[32m&quot;md:text-lg text-[#E6F6FF] font-manrope text-lg sm:text-xl px-2&quot;[39m
              [36m&gt;[39m
                [0mCreating personalized deliverable for[0m
                [0m [0m
                [0mSprinkle Haven Bakery[0m
              [36m&lt;/p&gt;[39m
            [36m&lt;/div&gt;[39m
            [36m&lt;div[39m
              [33mclass[39m=[32m&quot;rounded-3xl border-2 transition-all duration-300 overflow-hidden relative backdrop-blur-md shadow-[0_0_30px_rgba(54,209,254,0.2)] text-white p-8 hover:shadow-[0_0_60px_rgba(54,209,254,0.5)] hover:scale-[1.02] hover:border-[#36d1fe] bg-red-500/20 border-red-500/40 max-w-3xl mx-auto&quot;[39m
            [36m&gt;[39m
              [36m&lt;div[39m
                [33mclass[39m=[32m&quot;w-full h-full break-words overflow-hidden word-wrap text-white&quot;[39m
              [36m&gt;[39m
                [36m&lt;div[39m
                  [33mclass[39m=[32m&quot;flex flex-col sm:flex-row sm:items-center gap-3 sm:gap-4 text-red-200 mb-4 sm:mb-6&quot;[39m
                [36m&gt;[39m
                  [36m&lt;svg[39m
                    [33maria-hidden[39m=[32m&quot;true&quot;[39m
                    [33mclass[39m=[32m&quot;lucide lucide-circle-alert w-6 h-6 sm:w-8 sm:h-8 mx-auto sm:mx-0&quot;[39m
                    [33mfill[39m=[32m&quot;none&quot;[39m
                    [33mheight[39m=[32m&quot;24&quot;[39m
                    [33mstroke[39m=[32m&quot;currentColor&quot;[39m
                    [33mstroke-linecap[39m=[32m&quot;round&quot;[39m
                    [33mstroke-linejoin[39m=[32m&quot;round&quot;[39m
                    [33mstroke-width[39m=[32m&quot;2&quot;[39m
                    [33mviewBox[39m=[32m&quot;0 0 24 24&quot;[39m
                    [33mwidth[39m=[32m&quot;24&quot;[39m
                    [33mxmlns[39m=[32m&quot;http://www.w3.org/2000/svg&quot;[39m
                  [36m&gt;[39m
                    [36m&lt;circle[39m
                      [33mcx[39m=[32m&quot;12&quot;[39m
                      [33mcy[39m=[32m&quot;12&quot;[39m
                      [33mr[39m=[32m&quot;10&quot;[39m
                    [36m/&gt;[39m
                    [36m&lt;line[39m
                      [33mx1[39m=[32m&quot;12&quot;[39m
                      [33mx2[39m=[32m&quot;12&quot;[39m
                      [33my1[39m=[32m&quot;8&quot;[39m
                      [33my2[39m=[32m&quot;12&quot;[39m
                    [36m/&gt;[39m
                    [36m&lt;line[39m
                      [33mx1[39m=[32m&quot;12&quot;[39m
                      [33mx2[39m=[32m&quot;12.01&quot;[39m
                      [33my1[39m=[32m&quot;16&quot;[39m
                      [33my2[39m=[32m&quot;16&quot;[39m
                    [36m/&gt;[39m
                  [36m&lt;/svg&gt;[39m
                  [36m&lt;div[39m
                    [33mclass[39m=[32m&quot;text-center sm:text-left&quot;[39m
                  [36m&gt;[39m
                    [36m&lt;h3[39m
                      [33mclass[39m=[32m&quot;md:text-2xl font-bold font-playfair tracking-tight drop-shadow-[0_1px_6px_rgba(0,0,0,0.3)] text-red-300 text-lg sm:text-xl&quot;[39m
                    [36m&gt;[39m
                      [0mGeneration Error[0m
                    [36m&lt;/h3&gt;[39m
                    [36m&lt;p[39m
                      [33mclass[39m=[32m&quot;md:text-lg text-[#E6F6FF] font-manrope opacity-75 text-sm sm:text-base&quot;[39m
                    [36m&gt;[39m
                      [0mGeneration failed. Please try again.[0m
                    [36m&lt;/p&gt;[39m
                  [36m&lt;/div&gt;[39m
                [36m&lt;/div&gt;[39m
                [36m&lt;button[39m
                  [33mclass[39m=[32m&quot;inline-flex items-center justify-center text-sm font-medium ring-offset-background transition-colors focus-visible:outline-none focus-visible:ring-2 focus-visible:ring-ring focus-visible:ring-offset-2 disabled:pointer-events-none disabled:opacity-50 border bg-background hover:text-accent-foreground h-9 rounded-md px-3 border-red-400 text-red-200 hover:bg-red-500/20 w-full sm:w-auto&quot;[39m
                [36m&gt;[39m
                  [0mRetry Generation[0m
                [36m&lt;/button&gt;[39m
              [36m&lt;/div&gt;[39m
            [36m&lt;/div&gt;[39m
          [36m&lt;/div&gt;[39m
        [36m&lt;/div&gt;[39m
      [36m&lt;/div&gt;[39m
    [36m&lt;/div&gt;[39m
  [36m&lt;/body&gt;[39m
[36m&lt;/html&gt;[39m" type="TestingLibraryElementError">
TestingLibraryElementError: Unable to find an element with the text: /Website Audit Report|Financial Projections|Social Media &amp; Email Campaign Package/i. This could be because the text is broken up by multiple elements. In this case, you can provide a function for your text matcher to make your matcher more flexible.

Ignored nodes: comments, script, style
&lt;body&gt;
  &lt;div&gt;
    &lt;div
      class=&quot;min-h-screen w-full flex flex-col &quot;
      style=&quot;background: radial-gradient(ellipse at 55% 24%, #152647 0%, #091023 65%, #052947 100%); background-color: rgb(10, 21, 53); position: relative; overflow: hidden;&quot;
    &gt;
      &lt;svg
        class=&quot;absolute inset-0 w-full h-full pointer-events-none opacity-60&quot;
        preserveAspectRatio=&quot;none&quot;
        style=&quot;z-index: 0;&quot;
        viewBox=&quot;0 0 1920 1080&quot;
      &gt;
        &lt;defs&gt;
          &lt;radialgradient
            cx=&quot;55%&quot;
            cy=&quot;25%&quot;
            id=&quot;spotlight&quot;
            r=&quot;0.7&quot;
          &gt;
            &lt;stop
              offset=&quot;0%&quot;
              stop-color=&quot;#36d1fe22&quot;
            /&gt;
            &lt;stop
              offset=&quot;70%&quot;
              stop-color=&quot;transparent&quot;
            /&gt;
          &lt;/radialgradient&gt;
        &lt;/defs&gt;
        &lt;rect
          fill=&quot;url(#spotlight)&quot;
          height=&quot;1080&quot;
          width=&quot;1920&quot;
        /&gt;
        &lt;g&gt;
          &lt;circle
            cx=&quot;220&quot;
            cy=&quot;180&quot;
            fill=&quot;#e6f6ff&quot;
            opacity=&quot;0.08&quot;
            r=&quot;1.2&quot;
          /&gt;
          &lt;circle
            cx=&quot;430&quot;
            cy=&quot;400&quot;
            fill=&quot;#36d1fe&quot;
            opacity=&quot;0.11&quot;
            r=&quot;1.6&quot;
          /&gt;
          &lt;circle
            cx=&quot;1520&quot;
            cy=&quot;250&quot;
            fill=&quot;#e6f6ff&quot;
            opacity=&quot;0.08&quot;
            r=&quot;1&quot;
          /&gt;
          &lt;circle
            cx=&quot;770&quot;
            cy=&quot;850&quot;
            fill=&quot;#00f0ff&quot;
            opacity=&quot;0.09&quot;
            r=&quot;0.7&quot;
          /&gt;
          &lt;circle
            cx=&quot;1430&quot;
            cy=&quot;960&quot;
            fill=&quot;#e6f6ff&quot;
            opacity=&quot;0.07&quot;
            r=&quot;1.4&quot;
          /&gt;
          &lt;circle
            cx=&quot;1190&quot;
            cy=&quot;780&quot;
            fill=&quot;#36d1fe&quot;
            opacity=&quot;0.13&quot;
            r=&quot;1.1&quot;
          /&gt;
        &lt;/g&gt;
      &lt;/svg&gt;
      &lt;div
        class=&quot;relative z-10 flex flex-col min-h-screen w-full&quot;
      &gt;
        &lt;header
          class=&quot;w-full flex items-center justify-between p-4 &quot;
        &gt;
          &lt;div
            class=&quot;cursor-pointer hover:scale-105 transition-transform duration-300&quot;
          &gt;
            &lt;div
              class=&quot;flex flex-col items-center space-y-2 &quot;
            &gt;
              &lt;h1
                class=&quot;select-none&quot;
                id=&quot;hero-logo&quot;
                style=&quot;font-family: Manrope, \&quot;Inter\&quot;, Helvetica Neue, sans-serif; font-weight: 800; font-size: clamp(1.4rem, 3vw, 2.5rem); letter-spacing: 0.05em; line-height: 1.06; color: rgb(255, 255, 255); text-shadow: 0 0 5px rgba(54, 209, 254, 0.8); margin-bottom: 0px; display: flex;&quot;
              &gt;
                &lt;span
                  style=&quot;color: rgb(255, 255, 255);&quot;
                &gt;
                  CanAI
                &lt;/span&gt;
                &lt;span
                  style=&quot;background: linear-gradient(to right, #36d1fe, #07c3fb); background-clip: text; -webkit-text-fill-color: transparent; color: transparent; margin-left: 0.09em; font-weight: 800; filter: drop-shadow(0 0 10px #36d1fe88); display: inline-block;&quot;
                &gt;
                  .so
                &lt;/span&gt;
              &lt;/h1&gt;
            &lt;/div&gt;
          &lt;/div&gt;
          &lt;div
            class=&quot;flex items-center gap-4&quot;
          &gt;
            &lt;button
              class=&quot;
              text-[#cce7fa] 
              hover:text-white 
              font-manrope 
              font-medium 
              text-sm 
              px-4 py-2 
              rounded-lg 
              border border-[rgba(54,209,254,0.3)]
              hover:border-[#36d1fe]
              transition-all 
              duration-200
              hover:bg-[rgba(54,209,254,0.1)]
            &quot;
            &gt;
              ← Back
            &lt;/button&gt;
          &lt;/div&gt;
        &lt;/header&gt;
        &lt;div
          class=&quot;flex-1 px-3 sm:px-4 py-4 sm:py-8 max-w-6xl mx-auto w-full&quot;
        &gt;
          &lt;div
            class=&quot;text-center mb-6 sm:mb-8 animate-fade-in&quot;
          &gt;
            &lt;h1
              class=&quot;md:text-5xl font-bold text-white font-playfair tracking-tight drop-shadow-[0_2px_10px_rgba(0,0,0,0.3)] mb-2 sm:mb-4 text-2xl sm:text-3xl lg:text-4xl px-2&quot;
            &gt;
              Business Builder
               
              Generation
            &lt;/h1&gt;
            &lt;p
              class=&quot;md:text-lg text-[#E6F6FF] font-manrope text-lg sm:text-xl px-2&quot;
            &gt;
              Creating personalized deliverable for
               
              Sprinkle Haven Bakery
            &lt;/p&gt;
          &lt;/div&gt;
          &lt;div
            class=&quot;rounded-3xl border-2 transition-all duration-300 overflow-hidden relative backdrop-blur-md shadow-[0_0_30px_rgba(54,209,254,0.2)] text-white p-8 hover:shadow-[0_0_60px_rgba(54,209,254,0.5)] hover:scale-[1.02] hover:border-[#36d1fe] bg-red-500/20 border-red-500/40 max-w-3xl mx-auto&quot;
          &gt;
            &lt;div
              class=&quot;w-full h-full break-words overflow-hidden word-wrap text-white&quot;
            &gt;
              &lt;div
                class=&quot;flex flex-col sm:flex-row sm:items-center gap-3 sm:gap-4 text-red-200 mb-4 sm:mb-6&quot;
              &gt;
                &lt;svg
                  aria-hidden=&quot;true&quot;
                  class=&quot;lucide lucide-circle-alert w-6 h-6 sm:w-8 sm:h-8 mx-auto sm:mx-0&quot;
                  fill=&quot;none&quot;
                  height=&quot;24&quot;
                  stroke=&quot;currentColor&quot;
                  stroke-linecap=&quot;round&quot;
                  stroke-linejoin=&quot;round&quot;
                  stroke-width=&quot;2&quot;
                  viewBox=&quot;0 0 24 24&quot;
                  width=&quot;24&quot;
                  xmlns=&quot;http://www.w3.org/2000/svg&quot;
                &gt;
                  &lt;circle
                    cx=&quot;12&quot;
                    cy=&quot;12&quot;
                    r=&quot;10&quot;
                  /&gt;
                  &lt;line
                    x1=&quot;12&quot;
                    x2=&quot;12&quot;
                    y1=&quot;8&quot;
                    y2=&quot;12&quot;
                  /&gt;
                  &lt;line
                    x1=&quot;12&quot;
                    x2=&quot;12.01&quot;
                    y1=&quot;16&quot;
                    y2=&quot;16&quot;
                  /&gt;
                &lt;/svg&gt;
                &lt;div
                  class=&quot;text-center sm:text-left&quot;
                &gt;
                  &lt;h3
                    class=&quot;md:text-2xl font-bold font-playfair tracking-tight drop-shadow-[0_1px_6px_rgba(0,0,0,0.3)] text-red-300 text-lg sm:text-xl&quot;
                  &gt;
                    Generation Error
                  &lt;/h3&gt;
                  &lt;p
                    class=&quot;md:text-lg text-[#E6F6FF] font-manrope opacity-75 text-sm sm:text-base&quot;
                  &gt;
                    Generation failed. Please try again.
                  &lt;/p&gt;
                &lt;/div&gt;
              &lt;/div&gt;
              &lt;button
                class=&quot;inline-flex items-center justify-center text-sm font-medium ring-offset-background transition-colors focus-visible:outline-none focus-visible:ring-2 focus-visible:ring-ring focus-visible:ring-offset-2 disabled:pointer-events-none disabled:opacity-50 border bg-background hover:text-accent-foreground h-9 rounded-md px-3 border-red-400 text-red-200 hover:bg-red-500/20 w-full sm:w-auto&quot;
              &gt;
                Retry Generation
              &lt;/button&gt;
            &lt;/div&gt;
          &lt;/div&gt;
        &lt;/div&gt;
      &lt;/div&gt;
    &lt;/div&gt;
  &lt;/div&gt;
&lt;/body&gt;

Ignored nodes: comments, script, style
&lt;html&gt;
  &lt;head /&gt;
  &lt;body&gt;
    &lt;div&gt;
      &lt;div
        class=&quot;min-h-screen w-full flex flex-col &quot;
        style=&quot;background: radial-gradient(ellipse at 55% 24%, #152647 0%, #091023 65%, #052947 100%); background-color: rgb(10, 21, 53); position: relative; overflow: hidden;&quot;
      &gt;
        &lt;svg
          class=&quot;absolute inset-0 w-full h-full pointer-events-none opacity-60&quot;
          preserveAspectRatio=&quot;none&quot;
          style=&quot;z-index: 0;&quot;
          viewBox=&quot;0 0 1920 1080&quot;
        &gt;
          &lt;defs&gt;
            &lt;radialgradient
              cx=&quot;55%&quot;
              cy=&quot;25%&quot;
              id=&quot;spotlight&quot;
              r=&quot;0.7&quot;
            &gt;
              &lt;stop
                offset=&quot;0%&quot;
                stop-color=&quot;#36d1fe22&quot;
              /&gt;
              &lt;stop
                offset=&quot;70%&quot;
                stop-color=&quot;transparent&quot;
              /&gt;
            &lt;/radialgradient&gt;
          &lt;/defs&gt;
          &lt;rect
            fill=&quot;url(#spotlight)&quot;
            height=&quot;1080&quot;
            width=&quot;1920&quot;
          /&gt;
          &lt;g&gt;
            &lt;circle
              cx=&quot;220&quot;
              cy=&quot;180&quot;
              fill=&quot;#e6f6ff&quot;
              opacity=&quot;0.08&quot;
              r=&quot;1.2&quot;
            /&gt;
            &lt;circle
              cx=&quot;430&quot;
              cy=&quot;400&quot;
              fill=&quot;#36d1fe&quot;
              opacity=&quot;0.11&quot;
              r=&quot;1.6&quot;
            /&gt;
            &lt;circle
              cx=&quot;1520&quot;
              cy=&quot;250&quot;
              fill=&quot;#e6f6ff&quot;
              opacity=&quot;0.08&quot;
              r=&quot;1&quot;
            /&gt;
            &lt;circle
              cx=&quot;770&quot;
              cy=&quot;850&quot;
              fill=&quot;#00f0ff&quot;
              opacity=&quot;0.09&quot;
              r=&quot;0.7&quot;
            /&gt;
            &lt;circle
              cx=&quot;1430&quot;
              cy=&quot;960&quot;
              fill=&quot;#e6f6ff&quot;
              opacity=&quot;0.07&quot;
              r=&quot;1.4&quot;
            /&gt;
            &lt;circle
              cx=&quot;1190&quot;
              cy=&quot;780&quot;
              fill=&quot;#36d1fe&quot;
              opacity=&quot;0.13&quot;
              r=&quot;1.1&quot;
            /&gt;
          &lt;/g&gt;
        &lt;/svg&gt;
        &lt;div
          class=&quot;relative z-10 flex flex-col min-h-screen w-full&quot;
        &gt;
          &lt;header
            class=&quot;w-full flex items-center justify-between p-4 &quot;
          &gt;
            &lt;div
              class=&quot;cursor-pointer hover:scale-105 transition-transform duration-300&quot;
            &gt;
              &lt;div
                class=&quot;flex flex-col items-center space-y-2 &quot;
              &gt;
                &lt;h1
                  class=&quot;select-none&quot;
                  id=&quot;hero-logo&quot;
                  style=&quot;font-family: Manrope, \&quot;Inter\&quot;, Helvetica Neue, sans-serif; font-weight: 800; font-size: clamp(1.4rem, 3vw, 2.5rem); letter-spacing: 0.05em; line-height: 1.06; color: rgb(255, 255, 255); text-shadow: 0 0 5px rgba(54, 209, 254, 0.8); margin-bottom: 0px; display: flex;&quot;
                &gt;
                  &lt;span
                    style=&quot;color: rgb(255, 255, 255);&quot;
                  &gt;
                    CanAI
                  &lt;/span&gt;
                  &lt;span
                    style=&quot;background: linear-gradient(to right, #36d1fe, #07c3fb); background-clip: text; -webkit-text-fill-color: transparent; color: transparent; margin-left: 0.09em; font-weight: 800; filter: drop-shadow(0 0 10px #36d1fe88); display: inline-block;&quot;
                  &gt;
                    .so
                  &lt;/span&gt;
                &lt;/h1&gt;
              &lt;/div&gt;
            &lt;/div&gt;
            &lt;div
              class=&quot;flex items-center gap-4&quot;
            &gt;
              &lt;button
                class=&quot;
              text-[#cce7fa] 
              hover:text-white 
              font-manrope 
              font-medium 
              text-sm 
              px-4 py-2 
              rounded-lg 
              border border-[rgba(54,209,254,0.3)]
              hover:border-[#36d1fe]
              transition-all 
              duration-200
              hover:bg-[rgba(54,209,254,0.1)]
            &quot;
              &gt;
                ← Back
              &lt;/button&gt;
            &lt;/div&gt;
          &lt;/header&gt;
          &lt;div
            class=&quot;flex-1 px-3 sm:px-4 py-4 sm:py-8 max-w-6xl mx-auto w-full&quot;
          &gt;
            &lt;div
              class=&quot;text-center mb-6 sm:mb-8 animate-fade-in&quot;
            &gt;
              &lt;h1
                class=&quot;md:text-5xl font-bold text-white font-playfair tracking-tight drop-shadow-[0_2px_10px_rgba(0,0,0,0.3)] mb-2 sm:mb-4 text-2xl sm:text-3xl lg:text-4xl px-2&quot;
              &gt;
                Business Builder
                 
                Generation
              &lt;/h1&gt;
              &lt;p
                class=&quot;md:text-lg text-[#E6F6FF] font-manrope text-lg sm:text-xl px-2&quot;
              &gt;
                Creating personalized deliverable for
                 
                Sprinkle Haven Bakery
              &lt;/p&gt;
            &lt;/div&gt;
            &lt;div
              class=&quot;rounded-3xl border-2 transition-all duration-300 overflow-hidden relative backdrop-blur-md shadow-[0_0_30px_rgba(54,209,254,0.2)] text-white p-8 hover:shadow-[0_0_60px_rgba(54,209,254,0.5)] hover:scale-[1.02] hover:border-[#36d1fe] bg-red-500/20 border-red-500/40 max-w-3xl mx-auto&quot;
            &gt;
              &lt;div
                class=&quot;w-full h-full break-words overflow-hidden word-wrap text-white&quot;
              &gt;
                &lt;div
                  class=&quot;flex flex-col sm:flex-row sm:items-center gap-3 sm:gap-4 text-red-200 mb-4 sm:mb-6&quot;
                &gt;
                  &lt;svg
                    aria-hidden=&quot;true&quot;
                    class=&quot;lucide lucide-circle-alert w-6 h-6 sm:w-8 sm:h-8 mx-auto sm:mx-0&quot;
                    fill=&quot;none&quot;
                    height=&quot;24&quot;
                    stroke=&quot;currentColor&quot;
                    stroke-linecap=&quot;round&quot;
                    stroke-linejoin=&quot;round&quot;
                    stroke-width=&quot;2&quot;
                    viewBox=&quot;0 0 24 24&quot;
                    width=&quot;24&quot;
                    xmlns=&quot;http://www.w3.org/2000/svg&quot;
                  &gt;
                    &lt;circle
                      cx=&quot;12&quot;
                      cy=&quot;12&quot;
                      r=&quot;10&quot;
                    /&gt;
                    &lt;line
                      x1=&quot;12&quot;
                      x2=&quot;12&quot;
                      y1=&quot;8&quot;
                      y2=&quot;12&quot;
                    /&gt;
                    &lt;line
                      x1=&quot;12&quot;
                      x2=&quot;12.01&quot;
                      y1=&quot;16&quot;
                      y2=&quot;16&quot;
                    /&gt;
                  &lt;/svg&gt;
                  &lt;div
                    class=&quot;text-center sm:text-left&quot;
                  &gt;
                    &lt;h3
                      class=&quot;md:text-2xl font-bold font-playfair tracking-tight drop-shadow-[0_1px_6px_rgba(0,0,0,0.3)] text-red-300 text-lg sm:text-xl&quot;
                    &gt;
                      Generation Error
                    &lt;/h3&gt;
                    &lt;p
                      class=&quot;md:text-lg text-[#E6F6FF] font-manrope opacity-75 text-sm sm:text-base&quot;
                    &gt;
                      Generation failed. Please try again.
                    &lt;/p&gt;
                  &lt;/div&gt;
                &lt;/div&gt;
                &lt;button
                  class=&quot;inline-flex items-center justify-center text-sm font-medium ring-offset-background transition-colors focus-visible:outline-none focus-visible:ring-2 focus-visible:ring-ring focus-visible:ring-offset-2 disabled:pointer-events-none disabled:opacity-50 border bg-background hover:text-accent-foreground h-9 rounded-md px-3 border-red-400 text-red-200 hover:bg-red-500/20 w-full sm:w-auto&quot;
                &gt;
                  Retry Generation
                &lt;/button&gt;
              &lt;/div&gt;
            &lt;/div&gt;
          &lt;/div&gt;
        &lt;/div&gt;
      &lt;/div&gt;
    &lt;/div&gt;
  &lt;/body&gt;
&lt;/html&gt;
 ❯ Proxy.waitForWrapper node_modules/@testing-library/dom/dist/wait-for.js:163:27
 ❯ frontend/src/tests/DeliverableGeneration.test.tsx:518:11
            </failure>
        </testcase>
        <testcase classname="frontend/src/tests/DeliverableGeneration.test.tsx" name="F7-tests: Enhanced Deliverable Generation Tests &gt; should validate multi-step loading with retry mechanism" time="0">
            <skipped/>
        </testcase>
        <testcase classname="frontend/src/tests/DeliverableGeneration.test.tsx" name="some long-running test" time="0.0004379">
        </testcase>
    </testsuite>
    <testsuite name="frontend/src/tests/F9-feedback-flow.test.tsx" timestamp="2025-06-30T18:45:48.194Z" hostname="DESKTOP-BGMEO6L" tests="8" failures="0" errors="0" skipped="2" time="1.9850708">
        <testcase classname="frontend/src/tests/F9-feedback-flow.test.tsx" name="FeedbackPage &gt; renders main feedback form elements" time="1.1291937">
            <system-err>
⚠️ React Router Future Flag Warning: React Router will begin wrapping state updates in `React.startTransition` in v7. You can use the `v7_startTransition` future flag to opt-in early. For more information, see https://reactrouter.com/v6/upgrading/future#v7_starttransition.
⚠️ React Router Future Flag Warning: Relative route resolution within Splat routes is changing in v7. You can use the `v7_relativeSplatPath` future flag to opt-in early. For more information, see https://reactrouter.com/v6/upgrading/future#v7_relativesplatpath.

            </system-err>
        </testcase>
        <testcase classname="frontend/src/tests/F9-feedback-flow.test.tsx" name="FeedbackPage &gt; displays star rating component" time="0.1201628">
        </testcase>
        <testcase classname="frontend/src/tests/F9-feedback-flow.test.tsx" name="FeedbackPage &gt; shows enhanced social sharing options" time="0.1476501">
        </testcase>
        <testcase classname="frontend/src/tests/F9-feedback-flow.test.tsx" name="FeedbackPage &gt; displays enhanced referral component" time="0.164235">
        </testcase>
        <testcase classname="frontend/src/tests/F9-feedback-flow.test.tsx" name="FeedbackPage &gt; handles form submission with success animation" time="0">
            <skipped/>
        </testcase>
        <testcase classname="frontend/src/tests/F9-feedback-flow.test.tsx" name="FeedbackPage &gt; referral link generation and copying" time="0.2985901">
        </testcase>
        <testcase classname="frontend/src/tests/F9-feedback-flow.test.tsx" name="FeedbackPage &gt; post-submission state shows thank you message" time="0">
            <skipped/>
        </testcase>
        <testcase classname="frontend/src/tests/F9-feedback-flow.test.tsx" name="FeedbackPage &gt; danger zone purge functionality" time="0.1180049">
        </testcase>
    </testsuite>
    <testsuite name="frontend/src/tests/IntentMirror.test.tsx" timestamp="2025-06-30T18:45:48.198Z" hostname="DESKTOP-BGMEO6L" tests="11" failures="0" errors="0" skipped="0" time="2.7074227">
        <testcase classname="frontend/src/tests/IntentMirror.test.tsx" name="IntentMirror (F6-tests) &gt; renders loading state initially" time="0.6593142">
            <system-out>
[API] POST /v1/intent-mirror called with: {
  businessName: [32m&apos;Sprinkle Haven Bakery&apos;[39m,
  targetAudience: [32m&apos;Denver families with children seeking organic, artisanal baked goods&apos;[39m,
  primaryGoal: [32m&apos;Secure $200K investor funding for bakery launch&apos;[39m,
  competitiveContext: [32m&apos;Competing with Blue Moon Bakery and chain stores&apos;[39m,
  brandVoice: [32m&apos;warm&apos;[39m,
  resourceConstraints: [32m&apos;$50k initial budget; team of 3; 6-month timeline&apos;[39m,
  currentStatus: [32m&apos;Planning phase with market research completed&apos;[39m,
  businessDescription: [32m&apos;Artisanal neighborhood bakery specializing in organic pastries&apos;[39m,
  revenueModel: [32m&apos;Retail sales, custom orders, baking workshops, catering events&apos;[39m,
  planPurpose: [32m&apos;Secure investor funding and establish market presence&apos;[39m,
  location: [32m&apos;Denver, Colorado&apos;[39m,
  uniqueValue: [32m&apos;Organic, community-focused pastries with interactive family baking workshops&apos;[39m
}
Confirm button state: [33mfalse[39m

            </system-out>
        </testcase>
        <testcase classname="frontend/src/tests/IntentMirror.test.tsx" name="IntentMirror (F6-tests) &gt; displays summary and confidence gauge after loading" time="0.4543732">
            <system-out>
[API] POST /v1/intent-mirror called with: {
  businessName: [32m&apos;Sprinkle Haven Bakery&apos;[39m,
  targetAudience: [32m&apos;Denver families with children seeking organic, artisanal baked goods&apos;[39m,
  primaryGoal: [32m&apos;Secure $200K investor funding for bakery launch&apos;[39m,
  competitiveContext: [32m&apos;Competing with Blue Moon Bakery and chain stores&apos;[39m,
  brandVoice: [32m&apos;warm&apos;[39m,
  resourceConstraints: [32m&apos;$50k initial budget; team of 3; 6-month timeline&apos;[39m,
  currentStatus: [32m&apos;Planning phase with market research completed&apos;[39m,
  businessDescription: [32m&apos;Artisanal neighborhood bakery specializing in organic pastries&apos;[39m,
  revenueModel: [32m&apos;Retail sales, custom orders, baking workshops, catering events&apos;[39m,
  planPurpose: [32m&apos;Secure investor funding and establish market presence&apos;[39m,
  location: [32m&apos;Denver, Colorado&apos;[39m,
  uniqueValue: [32m&apos;Organic, community-focused pastries with interactive family baking workshops&apos;[39m
}
Confirm button state: [33mfalse[39m

[API] Intent mirror generated in 34ms: {
  summary: [32m&apos;Create a family-friendly bakery&apos;[39m,
  confidenceScore: [33m0.85[39m,
  clarifyingQuestions: []
}

Intent mirror loaded: { promptId: [32m&apos;test-prompt-123&apos;[39m, confidence: [33m0.85[39m, loadTime: [33m50[39m }

Confirm button props: { id: [32m&apos;confirm-btn&apos;[39m, disabled: [33mtrue[39m, text: [32m&apos;Confirm&apos;[39m }

            </system-out>
        </testcase>
        <testcase classname="frontend/src/tests/IntentMirror.test.tsx" name="IntentMirror (F6-tests) &gt; shows clarifying questions when confidence &lt; 0.8" time="0.1925589">
            <system-out>
[API] POST /v1/intent-mirror called with: {
  businessName: [32m&apos;Sprinkle Haven Bakery&apos;[39m,
  targetAudience: [32m&apos;Denver families with children seeking organic, artisanal baked goods&apos;[39m,
  primaryGoal: [32m&apos;Secure $200K investor funding for bakery launch&apos;[39m,
  competitiveContext: [32m&apos;Competing with Blue Moon Bakery and chain stores&apos;[39m,
  brandVoice: [32m&apos;warm&apos;[39m,
  resourceConstraints: [32m&apos;$50k initial budget; team of 3; 6-month timeline&apos;[39m,
  currentStatus: [32m&apos;Planning phase with market research completed&apos;[39m,
  businessDescription: [32m&apos;Artisanal neighborhood bakery specializing in organic pastries&apos;[39m,
  revenueModel: [32m&apos;Retail sales, custom orders, baking workshops, catering events&apos;[39m,
  planPurpose: [32m&apos;Secure investor funding and establish market presence&apos;[39m,
  location: [32m&apos;Denver, Colorado&apos;[39m,
  uniqueValue: [32m&apos;Organic, community-focused pastries with interactive family baking workshops&apos;[39m
}
Confirm button state: [33mfalse[39m

[API] Intent mirror generated in 21ms: {
  summary: [32m&apos;Create a family-friendly bakery&apos;[39m,
  confidenceScore: [33m0.85[39m,
  clarifyingQuestions: []
}

Intent mirror loaded: { promptId: [32m&apos;test-prompt-123&apos;[39m, confidence: [33m0.85[39m, loadTime: [33m35[39m }

Confirm button props: { id: [32m&apos;confirm-btn&apos;[39m, disabled: [33mtrue[39m, text: [32m&apos;Confirm&apos;[39m }

            </system-out>
        </testcase>
        <testcase classname="frontend/src/tests/IntentMirror.test.tsx" name="IntentMirror (F6-tests) &gt; handles confirm button click" time="0.4060051">
            <system-out>
[API] POST /v1/intent-mirror called with: {
  businessName: [32m&apos;Sprinkle Haven Bakery&apos;[39m,
  targetAudience: [32m&apos;Denver families with children seeking organic, artisanal baked goods&apos;[39m,
  primaryGoal: [32m&apos;Secure $200K investor funding for bakery launch&apos;[39m,
  competitiveContext: [32m&apos;Competing with Blue Moon Bakery and chain stores&apos;[39m,
  brandVoice: [32m&apos;warm&apos;[39m,
  resourceConstraints: [32m&apos;$50k initial budget; team of 3; 6-month timeline&apos;[39m,
  currentStatus: [32m&apos;Planning phase with market research completed&apos;[39m,
  businessDescription: [32m&apos;Artisanal neighborhood bakery specializing in organic pastries&apos;[39m,
  revenueModel: [32m&apos;Retail sales, custom orders, baking workshops, catering events&apos;[39m,
  planPurpose: [32m&apos;Secure investor funding and establish market presence&apos;[39m,
  location: [32m&apos;Denver, Colorado&apos;[39m,
  uniqueValue: [32m&apos;Organic, community-focused pastries with interactive family baking workshops&apos;[39m
}
Confirm button state: [33mfalse[39m

[API] Intent mirror generated in 2ms: {
  summary: [32m&apos;Create a family-friendly bakery&apos;[39m,
  confidenceScore: [33m0.85[39m,
  clarifyingQuestions: []
}

Intent mirror loaded: { promptId: [32m&apos;test-prompt-123&apos;[39m, confidence: [33m0.85[39m, loadTime: [33m15[39m }

Confirm button props: { id: [32m&apos;confirm-btn&apos;[39m, disabled: [33mtrue[39m, text: [32m&apos;Confirm&apos;[39m }

            </system-out>
        </testcase>
        <testcase classname="frontend/src/tests/IntentMirror.test.tsx" name="IntentMirror (F6-tests) &gt; confirm button disabled during confirm action" time="0.3686614">
            <system-out>
[API] POST /v1/intent-mirror called with: {
  businessName: [32m&apos;Sprinkle Haven Bakery&apos;[39m,
  targetAudience: [32m&apos;Denver families with children seeking organic, artisanal baked goods&apos;[39m,
  primaryGoal: [32m&apos;Secure $200K investor funding for bakery launch&apos;[39m,
  competitiveContext: [32m&apos;Competing with Blue Moon Bakery and chain stores&apos;[39m,
  brandVoice: [32m&apos;warm&apos;[39m,
  resourceConstraints: [32m&apos;$50k initial budget; team of 3; 6-month timeline&apos;[39m,
  currentStatus: [32m&apos;Planning phase with market research completed&apos;[39m,
  businessDescription: [32m&apos;Artisanal neighborhood bakery specializing in organic pastries&apos;[39m,
  revenueModel: [32m&apos;Retail sales, custom orders, baking workshops, catering events&apos;[39m,
  planPurpose: [32m&apos;Secure investor funding and establish market presence&apos;[39m,
  location: [32m&apos;Denver, Colorado&apos;[39m,
  uniqueValue: [32m&apos;Organic, community-focused pastries with interactive family baking workshops&apos;[39m
}
Confirm button state: [33mfalse[39m

[API] Intent mirror generated in 2ms: {
  summary: [32m&apos;Create a family-friendly bakery&apos;[39m,
  confidenceScore: [33m0.85[39m,
  clarifyingQuestions: []
}

Intent mirror loaded: { promptId: [32m&apos;test-prompt-123&apos;[39m, confidence: [33m0.85[39m, loadTime: [33m9[39m }

Confirm button props: { id: [32m&apos;confirm-btn&apos;[39m, disabled: [33mtrue[39m, text: [32m&apos;Confirm&apos;[39m }

            </system-out>
        </testcase>
        <testcase classname="frontend/src/tests/IntentMirror.test.tsx" name="IntentMirror (F6-tests) &gt; handles edit button functionality" time="0.0013944">
        </testcase>
        <testcase classname="frontend/src/tests/IntentMirror.test.tsx" name="IntentMirror (F6-tests) &gt; displays field-specific edit buttons" time="0.1836341">
            <system-out>
[API] POST /v1/intent-mirror called with: {
  businessName: [32m&apos;Sprinkle Haven Bakery&apos;[39m,
  targetAudience: [32m&apos;Denver families with children seeking organic, artisanal baked goods&apos;[39m,
  primaryGoal: [32m&apos;Secure $200K investor funding for bakery launch&apos;[39m,
  competitiveContext: [32m&apos;Competing with Blue Moon Bakery and chain stores&apos;[39m,
  brandVoice: [32m&apos;warm&apos;[39m,
  resourceConstraints: [32m&apos;$50k initial budget; team of 3; 6-month timeline&apos;[39m,
  currentStatus: [32m&apos;Planning phase with market research completed&apos;[39m,
  businessDescription: [32m&apos;Artisanal neighborhood bakery specializing in organic pastries&apos;[39m,
  revenueModel: [32m&apos;Retail sales, custom orders, baking workshops, catering events&apos;[39m,
  planPurpose: [32m&apos;Secure investor funding and establish market presence&apos;[39m,
  location: [32m&apos;Denver, Colorado&apos;[39m,
  uniqueValue: [32m&apos;Organic, community-focused pastries with interactive family baking workshops&apos;[39m
}
Confirm button state: [33mfalse[39m

[API] Intent mirror generated in 13ms: {
  summary: [32m&apos;Create a family-friendly bakery&apos;[39m,
  confidenceScore: [33m0.85[39m,
  clarifyingQuestions: []
}

Intent mirror loaded: { promptId: [32m&apos;test-prompt-123&apos;[39m, confidence: [33m0.85[39m, loadTime: [33m28[39m }

Confirm button props: { id: [32m&apos;confirm-btn&apos;[39m, disabled: [33mtrue[39m, text: [32m&apos;Confirm&apos;[39m }

            </system-out>
        </testcase>
        <testcase classname="frontend/src/tests/IntentMirror.test.tsx" name="IntentMirror (F6-tests) &gt; shows support link after multiple low confidence attempts" time="0.1157926">
            <system-out>
[API] POST /v1/intent-mirror called with: {
  businessName: [32m&apos;Sprinkle Haven Bakery&apos;[39m,
  targetAudience: [32m&apos;Denver families with children seeking organic, artisanal baked goods&apos;[39m,
  primaryGoal: [32m&apos;Secure $200K investor funding for bakery launch&apos;[39m,
  competitiveContext: [32m&apos;Competing with Blue Moon Bakery and chain stores&apos;[39m,
  brandVoice: [32m&apos;warm&apos;[39m,
  resourceConstraints: [32m&apos;$50k initial budget; team of 3; 6-month timeline&apos;[39m,
  currentStatus: [32m&apos;Planning phase with market research completed&apos;[39m,
  businessDescription: [32m&apos;Artisanal neighborhood bakery specializing in organic pastries&apos;[39m,
  revenueModel: [32m&apos;Retail sales, custom orders, baking workshops, catering events&apos;[39m,
  planPurpose: [32m&apos;Secure investor funding and establish market presence&apos;[39m,
  location: [32m&apos;Denver, Colorado&apos;[39m,
  uniqueValue: [32m&apos;Organic, community-focused pastries with interactive family baking workshops&apos;[39m
}
Confirm button state: [33mfalse[39m

[API] Intent mirror generated in 9ms: {
  summary: [32m&apos;Create a family-friendly bakery&apos;[39m,
  confidenceScore: [33m0.85[39m,
  clarifyingQuestions: []
}

Intent mirror loaded: { promptId: [32m&apos;test-prompt-123&apos;[39m, confidence: [33m0.85[39m, loadTime: [33m22[39m }

Confirm button props: { id: [32m&apos;confirm-btn&apos;[39m, disabled: [33mtrue[39m, text: [32m&apos;Confirm&apos;[39m }

            </system-out>
        </testcase>
        <testcase classname="frontend/src/tests/IntentMirror.test.tsx" name="IntentMirror (F6-tests) &gt; implements retry logic on API failure" time="0.0233341">
            <system-out>
[API] POST /v1/intent-mirror called with: {
  businessName: [32m&apos;Sprinkle Haven Bakery&apos;[39m,
  targetAudience: [32m&apos;Denver families with children seeking organic, artisanal baked goods&apos;[39m,
  primaryGoal: [32m&apos;Secure $200K investor funding for bakery launch&apos;[39m,
  competitiveContext: [32m&apos;Competing with Blue Moon Bakery and chain stores&apos;[39m,
  brandVoice: [32m&apos;warm&apos;[39m,
  resourceConstraints: [32m&apos;$50k initial budget; team of 3; 6-month timeline&apos;[39m,
  currentStatus: [32m&apos;Planning phase with market research completed&apos;[39m,
  businessDescription: [32m&apos;Artisanal neighborhood bakery specializing in organic pastries&apos;[39m,
  revenueModel: [32m&apos;Retail sales, custom orders, baking workshops, catering events&apos;[39m,
  planPurpose: [32m&apos;Secure investor funding and establish market presence&apos;[39m,
  location: [32m&apos;Denver, Colorado&apos;[39m,
  uniqueValue: [32m&apos;Organic, community-focused pastries with interactive family baking workshops&apos;[39m
}
Confirm button state: [33mfalse[39m

            </system-out>
        </testcase>
        <testcase classname="frontend/src/tests/IntentMirror.test.tsx" name="IntentMirror (F6-tests) &gt; performance: summary and score render within 300ms" time="0.1163052">
            <system-out>
[API] POST /v1/intent-mirror called with: {
  businessName: [32m&apos;Sprinkle Haven Bakery&apos;[39m,
  targetAudience: [32m&apos;Denver families with children seeking organic, artisanal baked goods&apos;[39m,
  primaryGoal: [32m&apos;Secure $200K investor funding for bakery launch&apos;[39m,
  competitiveContext: [32m&apos;Competing with Blue Moon Bakery and chain stores&apos;[39m,
  brandVoice: [32m&apos;warm&apos;[39m,
  resourceConstraints: [32m&apos;$50k initial budget; team of 3; 6-month timeline&apos;[39m,
  currentStatus: [32m&apos;Planning phase with market research completed&apos;[39m,
  businessDescription: [32m&apos;Artisanal neighborhood bakery specializing in organic pastries&apos;[39m,
  revenueModel: [32m&apos;Retail sales, custom orders, baking workshops, catering events&apos;[39m,
  planPurpose: [32m&apos;Secure investor funding and establish market presence&apos;[39m,
  location: [32m&apos;Denver, Colorado&apos;[39m,
  uniqueValue: [32m&apos;Organic, community-focused pastries with interactive family baking workshops&apos;[39m
}
Confirm button state: [33mfalse[39m

[API] Intent mirror generated in 6ms: {
  summary: [32m&apos;Create a family-friendly bakery&apos;[39m,
  confidenceScore: [33m0.85[39m,
  clarifyingQuestions: []
}

Intent mirror loaded: { promptId: [32m&apos;test-prompt-123&apos;[39m, confidence: [33m0.85[39m, loadTime: [33m20[39m }

Confirm button props: { id: [32m&apos;confirm-btn&apos;[39m, disabled: [33mtrue[39m, text: [32m&apos;Confirm&apos;[39m }

            </system-out>
        </testcase>
        <testcase classname="frontend/src/tests/IntentMirror.test.tsx" name="IntentMirror (F6-tests) &gt; handles navigation back to detailed input" time="0.1579641">
            <system-out>
[API] POST /v1/intent-mirror called with: {
  businessName: [32m&apos;Sprinkle Haven Bakery&apos;[39m,
  targetAudience: [32m&apos;Denver families with children seeking organic, artisanal baked goods&apos;[39m,
  primaryGoal: [32m&apos;Secure $200K investor funding for bakery launch&apos;[39m,
  competitiveContext: [32m&apos;Competing with Blue Moon Bakery and chain stores&apos;[39m,
  brandVoice: [32m&apos;warm&apos;[39m,
  resourceConstraints: [32m&apos;$50k initial budget; team of 3; 6-month timeline&apos;[39m,
  currentStatus: [32m&apos;Planning phase with market research completed&apos;[39m,
  businessDescription: [32m&apos;Artisanal neighborhood bakery specializing in organic pastries&apos;[39m,
  revenueModel: [32m&apos;Retail sales, custom orders, baking workshops, catering events&apos;[39m,
  planPurpose: [32m&apos;Secure investor funding and establish market presence&apos;[39m,
  location: [32m&apos;Denver, Colorado&apos;[39m,
  uniqueValue: [32m&apos;Organic, community-focused pastries with interactive family baking workshops&apos;[39m
}
Confirm button state: [33mfalse[39m

[API] Intent mirror generated in 16ms: {
  summary: [32m&apos;Create a family-friendly bakery&apos;[39m,
  confidenceScore: [33m0.85[39m,
  clarifyingQuestions: []
}

Intent mirror loaded: { promptId: [32m&apos;test-prompt-123&apos;[39m, confidence: [33m0.85[39m, loadTime: [33m22[39m }

Confirm button props: { id: [32m&apos;confirm-btn&apos;[39m, disabled: [33mtrue[39m, text: [32m&apos;Confirm&apos;[39m }

            </system-out>
        </testcase>
    </testsuite>
    <testsuite name="backend/tests/integration/supabase/prompt-logs.integration.test.ts" timestamp="2025-06-30T18:45:48.210Z" hostname="DESKTOP-BGMEO6L" tests="8" failures="0" errors="0" skipped="8" time="0">
        <testcase classname="backend/tests/integration/supabase/prompt-logs.integration.test.ts" name="prompt_logs CRUD &amp; RLS (F5: Input Collection) &gt; should create a prompt_log (POST /api/prompt-logs)" time="0">
            <skipped/>
        </testcase>
        <testcase classname="backend/tests/integration/supabase/prompt-logs.integration.test.ts" name="prompt_logs CRUD &amp; RLS (F5: Input Collection) &gt; should read own prompt_log (GET /api/prompt-logs/:id)" time="0">
            <skipped/>
        </testcase>
        <testcase classname="backend/tests/integration/supabase/prompt-logs.integration.test.ts" name="prompt_logs CRUD &amp; RLS (F5: Input Collection) &gt; should not allow another user to read prompt_log (GET /api/prompt-logs/:id)" time="0">
            <skipped/>
        </testcase>
        <testcase classname="backend/tests/integration/supabase/prompt-logs.integration.test.ts" name="prompt_logs CRUD &amp; RLS (F5: Input Collection) &gt; should update own prompt_log (PATCH /api/prompt-logs/:id)" time="0">
            <skipped/>
        </testcase>
        <testcase classname="backend/tests/integration/supabase/prompt-logs.integration.test.ts" name="prompt_logs CRUD &amp; RLS (F5: Input Collection) &gt; should delete own prompt_log (DELETE /api/prompt-logs/:id)" time="0">
            <skipped/>
        </testcase>
        <testcase classname="backend/tests/integration/supabase/prompt-logs.integration.test.ts" name="prompt_logs CRUD &amp; RLS (F5: Input Collection) &gt; should enforce RLS: unauthenticated cannot create/read/update/delete" time="0">
            <skipped/>
        </testcase>
        <testcase classname="backend/tests/integration/supabase/prompt-logs.integration.test.ts" name="prompt_logs CRUD &amp; RLS (F5: Input Collection) &gt; should reject constraint violations (POST /api/prompt-logs)" time="0">
            <skipped/>
        </testcase>
        <testcase classname="backend/tests/integration/supabase/prompt-logs.integration.test.ts" name="prompt_logs CRUD &amp; RLS (F5: Input Collection) &gt; should write audit log after create/update/delete" time="0">
            <skipped/>
        </testcase>
    </testsuite>
    <testsuite name="backend/tests/integration/supabase/supabase-connectivity.test.ts" timestamp="2025-06-30T18:45:48.212Z" hostname="DESKTOP-BGMEO6L" tests="2" failures="0" errors="0" skipped="0" time="0.0147309">
        <testcase classname="backend/tests/integration/supabase/supabase-connectivity.test.ts" name="Supabase Connectivity via /health endpoint &gt; should return healthy status if Supabase is reachable" time="0.0063152">
        </testcase>
        <testcase classname="backend/tests/integration/supabase/supabase-connectivity.test.ts" name="Supabase Connectivity via /health endpoint &gt; should fail clearly if Supabase is not reachable" time="0.0025378">
        </testcase>
    </testsuite>
    <testsuite name="backend/tests/integration/supabase/supabase-env-connectivity.test.ts" timestamp="2025-06-30T18:45:48.213Z" hostname="DESKTOP-BGMEO6L" tests="1" failures="0" errors="0" skipped="0" time="0.0197706">
        <testcase classname="backend/tests/integration/supabase/supabase-env-connectivity.test.ts" name="Supabase .env connectivity (debug) &gt; should print debug info and confirm env vars are set" time="0.0058">
            <system-out>
CWD: C:\Projects\canai-platform
SUPABASE_URL: https://xegwrehxfbxbatsdpvqe.supabase.co
[SANITIZED] set

            </system-out>
        </testcase>
    </testsuite>
</testsuites>
